 Opos_Interfaces

 Timestamp is 5bcc74c0 (Sun Oct 21 21:44:48 2018)

 Preferred load address is 10000000

 Start         Length     Name                   Class
 0001:00000000 000000d0H .text$di                CODE
 0001:000000d0 0000f507H .text$mn                CODE
 0001:0000f5d7 00000039H .text$x                 CODE
 0001:0000f610 0000008eH .text$yd                CODE
 0002:00000000 00000188H .idata$5                DATA
 0002:00000188 00000004H .00cfg                  DATA
 0002:0000018c 00000004H .CRT$XCA                DATA
 0002:00000190 00000004H .CRT$XCL                DATA
 0002:00000194 00000008H .CRT$XCU                DATA
 0002:0000019c 00000004H .CRT$XCZ                DATA
 0002:000001a0 00000004H .CRT$XIA                DATA
 0002:000001a4 0000000cH .CRT$XIC                DATA
 0002:000001b0 00000004H .CRT$XIZ                DATA
 0002:000001b4 00000004H .CRT$XPA                DATA
 0002:000001b8 00000008H .CRT$XPX                DATA
 0002:000001c0 00000004H .CRT$XPXA               DATA
 0002:000001c4 00000004H .CRT$XPZ                DATA
 0002:000001c8 00000004H .CRT$XTA                DATA
 0002:000001cc 00000004H .CRT$XTZ                DATA
 0002:000001d0 00000000H .gfids$y                DATA
 0002:000001d0 000050e8H .rdata                  DATA
 0002:000052b8 00000178H .rdata$r                DATA
 0002:00005430 0000001cH .rdata$sxdata           DATA
 0002:0000544c 00000370H .rdata$zzzdbg           DATA
 0002:000057bc 00000004H .rtc$IAA                DATA
 0002:000057c0 00000004H .rtc$IZZ                DATA
 0002:000057c4 00000004H .rtc$TAA                DATA
 0002:000057c8 00000008H .rtc$TZZ                DATA
 0002:000057d0 000005e4H .xdata$x                DATA
 0002:00005db4 00000004H ATL$__a                 DATA
 0002:00005db8 00000008H ATL$__z                 DATA
 0002:00005dc0 000000acH .edata                  DATA
 0002:00005e6c 00000064H .idata$2                DATA
 0002:00005ed0 00000014H .idata$3                DATA
 0002:00005ee4 00000188H .idata$4                DATA
 0002:0000606c 00000666H .idata$6                DATA
 0003:00000000 00000790H .data                   DATA
 0003:00000790 00000098H .data$r                 DATA
 0003:00000828 00000ad0H .bss                    DATA
 0004:00000000 00000140H .rsrc$01                DATA
 0004:00000140 00012b28H .rsrc$02                DATA

  Address         Publics by Value              Rva+Base       Lib:Object

 0000:00000000       __except_list              00000000     <absolute>
 0000:00000000       ___dynamic_value_reloc_table 00000000     <absolute>
 0000:00000000       ___guard_iat_count         00000000     <absolute>
 0000:00000000       ___guard_fids_count        00000000     <absolute>
 0000:00000000       ___guard_longjmp_table     00000000     <absolute>
 0000:00000000       ___hybrid_code_map_count   00000000     <absolute>
 0000:00000000       ___hybrid_auxiliary_iat    00000000     <absolute>
 0000:00000000       ___guard_longjmp_count     00000000     <absolute>
 0000:00000000       ___guard_fids_table        00000000     <absolute>
 0000:00000000       ___volatile_metadata       00000000     <absolute>
 0000:00000000       ___guard_iat_table         00000000     <absolute>
 0000:00000000       ___enclave_config          00000000     <absolute>
 0000:00000000       ___hybrid_code_map         00000000     <absolute>
 0000:00000007       ___safe_se_handler_count   00000007     <absolute>
 0000:00000100       ___guard_flags             00000100     <absolute>
 0000:00000000       ___ImageBase               10000000     <linker-defined>
 0001:000000d0       ?QueryInterface@CRegObject@ATL@@UAGJABU_GUID@@PAPAX@Z 100010d0 f i OposInterfaces.obj
 0001:000000e0       ?AddRef@CRegObject@ATL@@UAGKXZ 100010e0 f i OposInterfaces.obj
 0001:000000f0       ?Release@CRegObject@ATL@@UAGKXZ 100010f0 f i OposInterfaces.obj
 0001:00000100       ?AddReplacement@CRegObject@ATL@@UAGJPB_W0@Z 10001100 f i OposInterfaces.obj
 0001:00000140       ?ClearReplacements@CRegObject@ATL@@UAGJXZ 10001140 f i OposInterfaces.obj
 0001:00000160       ??_ECRegObject@ATL@@UAEPAXI@Z 10001160 f i OposInterfaces.obj
 0001:00000160       ??_GCRegObject@ATL@@UAEPAXI@Z 10001160 f i OposInterfaces.obj
 0001:000001d0       ?Lock@CAtlModule@ATL@@UAEJXZ 100011d0 f i OposInterfaces.obj
 0001:000001e0       ?Unlock@CAtlModule@ATL@@UAEJXZ 100011e0 f i OposInterfaces.obj
 0001:000001f0       ?GetLockCount@CAtlModule@ATL@@UAEJXZ 100011f0 f i OposInterfaces.obj
 0001:00000200       ?GetGITPtr@CAtlModule@ATL@@UAEJPAPAUIGlobalInterfaceTable@@@Z 10001200 f i OposInterfaces.obj
 0001:00000250       ?AddCommonRGSReplacements@?$CAtlModuleT@VCComModule@ATL@@@ATL@@UAEJPAUIRegistrarBase@@@Z 10001250 f i OposInterfaces.obj
 0001:00000270       ?UpdateRegistryFromResourceD@CComModule@ATL@@UAGJPB_WHPAU_ATL_REGMAP_ENTRY@2@@Z 10001270 f i OposInterfaces.obj
 0001:00000270       ?UpdateRegistryFromResourceD@CComModule@ATL@@UAGJIHPAU_ATL_REGMAP_ENTRY@2@@Z 10001270 f i OposInterfaces.obj
 0001:00000280       ?UpdateRegistryFromResource@CComModule@ATL@@UAGJPB_WHPAU_ATL_REGMAP_ENTRY@2@@Z 10001280 f i OposInterfaces.obj
 0001:00000290       ?UpdateRegistryFromResource@CComModule@ATL@@UAGJIHPAU_ATL_REGMAP_ENTRY@2@@Z 10001290 f i OposInterfaces.obj
 0001:000002a0       ??_ECComModule@ATL@@UAEPAXI@Z 100012a0 f i OposInterfaces.obj
 0001:000002a0       ??_GCComModule@ATL@@UAEPAXI@Z 100012a0 f i OposInterfaces.obj
 0001:000002d0       ??1?$CAtlSafeAllocBufferManager@VCCRTAllocator@ATL@@@_ATL_SAFE_ALLOCA_IMPL@ATL@@QAE@XZ 100012d0 f i OposInterfaces.obj
 0001:000002f0       ??1CRegKey@ATL@@QAE@XZ     100012f0 f i OposInterfaces.obj
 0001:00000310       ??1CRegObject@ATL@@UAE@XZ  10001310 f i OposInterfaces.obj
 0001:00000360       ?Add@CExpansionVector@ATL@@QAEHPB_W0@Z 10001360 f i OposInterfaces.obj
 0001:000004c0       ?AddString@CParseBuffer@CRegParser@ATL@@QAEHPB_W@Z 100014c0 f i OposInterfaces.obj
 0001:00000500       ?AddValue@CRegParser@ATL@@IAEJAAVCRegKey@2@PB_WPA_W@Z 10001500 f i OposInterfaces.obj
 0001:000009e0       ?Allocate@?$CTempBuffer@_W$0EAA@VCCRTAllocator@ATL@@@ATL@@QAEPA_WI@Z 100019e0 f i OposInterfaces.obj
 0001:00000a30       ?AllocateHeap@?$CTempBuffer@E$0BAA@VCCRTAllocator@ATL@@@ATL@@AAEXI@Z 10001a30 f i OposInterfaces.obj
 0001:00000a30       ?AllocateHeap@?$CTempBuffer@_W$0BAA@VCCRTAllocator@ATL@@@ATL@@AAEXI@Z 10001a30 f i OposInterfaces.obj
 0001:00000a30       ?AllocateHeap@?$CTempBuffer@_W$0EAA@VCCRTAllocator@ATL@@@ATL@@AAEXI@Z 10001a30 f i OposInterfaces.obj
 0001:00000a60       ?Append@CParseBuffer@CRegParser@ATL@@QAEHPB_WH@Z 10001a60 f i OposInterfaces.obj
 0001:00000b10       ?AtlCrtErrorCheck@ATL@@YAHH@Z 10001b10 f i OposInterfaces.obj
 0001:00000bb0       ?AtlHresultFromLastError@ATL@@YAJXZ 10001bb0 f i OposInterfaces.obj
 0001:00000bd0       ?AtlHresultFromWin32@ATL@@YAJK@Z 10001bd0 f i OposInterfaces.obj
 0001:00000bf0       ?AtlLoadTypeLib@ATL@@YGJPAUHINSTANCE__@@PB_WPAPA_WPAPAUITypeLib@@@Z 10001bf0 f i OposInterfaces.obj
 0001:00000e10       ?AtlRegisterClassCategoriesHelper@ATL@@YGJABU_GUID@@PBU_ATL_CATMAP_ENTRY@1@H@Z 10001e10 f i OposInterfaces.obj
 0001:00001150       ?AtlRegisterTypeLib@ATL@@YGJPAUHINSTANCE__@@PB_W@Z 10002150 f i OposInterfaces.obj
 0001:000012f0       ?AtlThrowImpl@ATL@@YGXJ@Z  100022f0 f i OposInterfaces.obj
 0001:00001310       ?AtlUnRegisterTypeLib@ATL@@YGJPAUHINSTANCE__@@PB_W@Z 10002310 f i OposInterfaces.obj
 0001:000013d0       ?CanForceRemoveKey@CRegParser@ATL@@IAEHPB_W@Z 100023d0 f i OposInterfaces.obj
 0001:00001410       ?ClearReplacements@CExpansionVector@ATL@@QAEJXZ 10002410 f i OposInterfaces.obj
 0001:000014a0       ?Close@CRegKey@ATL@@QAEJXZ 100024a0 f i OposInterfaces.obj
 0001:000014d0       ?Create@CRegKey@ATL@@QAEJPAUHKEY__@@PB_WPA_WKKPAU_SECURITY_ATTRIBUTES@@PAK@Z 100024d0 f i OposInterfaces.obj
 0001:000015a0       ?DeleteSubKey@CRegKey@ATL@@QAEJPB_W@Z 100025a0 f i OposInterfaces.obj
 0001:00001610       ?EndOfVar@CRegParser@ATL@@IAEHXZ 10002610 f i OposInterfaces.obj
 0001:00001640       ?EscapeSingleQuote@CAtlModule@ATL@@SAXPA_WIPB_W@Z 10002640 f i OposInterfaces.obj
 0001:00001690       ?FreeHeap@?$CTempBuffer@_W$0BAA@VCCRTAllocator@ATL@@@ATL@@AAEXXZ 10002690 f i OposInterfaces.obj
 0001:00001690       ?FreeHeap@?$CTempBuffer@E$0BAA@VCCRTAllocator@ATL@@@ATL@@AAEXXZ 10002690 f i OposInterfaces.obj
 0001:00001690       ?FreeHeap@?$CTempBuffer@_W$0EAA@VCCRTAllocator@ATL@@@ATL@@AAEXXZ 10002690 f i OposInterfaces.obj
 0001:000016a0       ?GetClassObject@CComModule@ATL@@QAEJABU_GUID@@0PAPAX@Z 100026a0 f i OposInterfaces.obj
 0001:00001860       ?HasSubKeys@CRegParser@ATL@@IAEHPAUHKEY__@@@Z 10002860 f i OposInterfaces.obj
 0001:000018b0       ?NextToken@CRegParser@ATL@@IAEJPA_W@Z 100028b0 f i OposInterfaces.obj
 0001:00001a70       ?Open@CRegKey@ATL@@QAEJPAUHKEY__@@PB_WK@Z 10002a70 f i OposInterfaces.obj
 0001:00001b20       ?PreProcessBuffer@CRegParser@ATL@@QAEJPA_WPAPA_W@Z 10002b20 f i OposInterfaces.obj
 0001:00001e90       ?RecurseDeleteKey@CRegKey@ATL@@QAEJPB_W@Z 10002e90 f i OposInterfaces.obj
 0001:00001fe0       ?RegisterBuffer@CRegParser@ATL@@QAEJPA_WH@Z 10002fe0 f i OposInterfaces.obj
 0001:00002180       ?RegisterFromResource@CRegObject@ATL@@IAEJPB_W00H@Z 10003180 f i OposInterfaces.obj
 0001:000022e0       ?RegisterServer@CComModule@ATL@@QAEJHPBU_GUID@@@Z 100032e0 f i OposInterfaces.obj
 0001:000024e0       ?RegisterSubkeys@CRegParser@ATL@@IAEJPA_WPAUHKEY__@@HH@Z 100034e0 f i OposInterfaces.obj
 0001:00002bb0       ?SkipAssignment@CRegParser@ATL@@IAEJPA_W@Z 10003bb0 f i OposInterfaces.obj
 0001:00002c20       ?SkipWhiteSpace@CRegParser@ATL@@IAEXXZ 10003c20 f i OposInterfaces.obj
 0001:00002c70       ?StrChrW@CRegParser@ATL@@KAPA_WPA_W_W@Z 10003c70 f i OposInterfaces.obj
 0001:00002cc0       ?Term@CAtlModule@ATL@@QAEXXZ 10003cc0 f i OposInterfaces.obj
 0001:00002d40       ?Term@CComModule@ATL@@QAEXXZ 10003d40 f i OposInterfaces.obj
 0001:00002e30       ?UpdateRegistryFromResource@CAtlModule@ATL@@QAGJIHPAU_ATL_REGMAP_ENTRY@2@@Z 10003e30 f i OposInterfaces.obj
 0001:000030d0       ?UpdateRegistryFromResource@CAtlModule@ATL@@QAGJPB_WHPAU_ATL_REGMAP_ENTRY@2@@Z 100040d0 f i OposInterfaces.obj
 0001:00003380       ?_AtlInitializeCriticalSectionEx@ATL@@YAHPAU_RTL_CRITICAL_SECTION@@KK@Z 10004380 f i OposInterfaces.obj
 0001:000033a0       ?_AtlRaiseException@ATL@@YAXKK@Z 100043a0 f i OposInterfaces.obj
 0001:000033c0       ?memcpy_s@Checked@ATL@@YAXPAXIPBXI@Z 100043c0 f i OposInterfaces.obj
 0001:000033e0       ?wcscpy_s@Checked@ATL@@YAXPA_WIPB_W@Z 100043e0 f i OposInterfaces.obj
 0001:00003400       _DllCanUnloadNow@0         10004400 f   OposInterfaces.obj
 0001:00003410       _DllGetClassObject@12      10004410 f   OposInterfaces.obj
 0001:00003420       _DllMain@12                10004420 f   OposInterfaces.obj
 0001:000034c0       _DllRegisterServer@0       100044c0 f   OposInterfaces.obj
 0001:000034d0       _DllUnregisterServer@0     100044d0 f   OposInterfaces.obj
 0001:00003609       ??0CAtlBaseModule@ATL@@QAE@XZ 10004609 f   atls:atlbase.obj
 0001:0000365c       ??0_ATL_BASE_MODULE70@ATL@@QAE@XZ 1000465c f i atls:atlbase.obj
 0001:0000367f       ??1CAtlBaseModule@ATL@@QAE@XZ 1000467f f   atls:atlbase.obj
 0001:00003695       ?Init@CComCriticalSection@ATL@@QAEJXZ 10004695 f i atls:atlbase.obj
 0001:000036c0       ?RemoveAll@?$CSimpleArray@PAUHINSTANCE__@@V?$CSimpleArrayEqualHelper@PAUHINSTANCE__@@@ATL@@@ATL@@QAEXXZ 100046c0 f i atls:atlbase.obj
 0001:000036dd       ??3@YAXPAXI@Z              100046dd f   LIBCMT:delete_scalar_size.obj
 0001:000036eb       ??_V@YAXPAX@Z              100046eb f   LIBCMT:delete_array.obj
 0001:000036f0       ??$__crt_fast_encode_pointer@PAX@@YAPAXQAX@Z 100046f0 f i libvcruntime:winapi_downlevel.obj
 0001:000036f0       ??$__crt_fast_encode_pointer@PAP6AXXZ@@YAPAP6AXXZQAP6AXXZ@Z 100046f0 f i LIBCMT:utility.obj
 0001:00003751       ___scrt_acquire_startup_lock 10004751 f   LIBCMT:utility.obj
 0001:00003783       ___scrt_dllmain_after_initialize_c 10004783 f   LIBCMT:utility.obj
 0001:000037ae       ___scrt_dllmain_before_initialize_c 100047ae f   LIBCMT:utility.obj
 0001:000037bc       ___scrt_dllmain_crt_thread_attach 100047bc f   LIBCMT:utility.obj
 0001:000037db       ___scrt_dllmain_crt_thread_detach 100047db f   LIBCMT:utility.obj
 0001:000037e8       ___scrt_dllmain_exception_filter 100047e8 f   LIBCMT:utility.obj
 0001:0000381c       ___scrt_dllmain_uninitialize_c 1000481c f   LIBCMT:utility.obj
 0001:0000383f       ___scrt_dllmain_uninitialize_critical 1000483f f   LIBCMT:utility.obj
 0001:0000384c       ___scrt_initialize_crt     1000484c f   LIBCMT:utility.obj
 0001:00003885       ___scrt_initialize_onexit_tables 10004885 f   LIBCMT:utility.obj
 0001:0000392a       ___scrt_is_nonwritable_in_current_image 1000492a f   LIBCMT:utility.obj
 0001:000039be       ___scrt_release_startup_lock 100049be f   LIBCMT:utility.obj
 0001:000039db       ___scrt_uninitialize_crt   100049db f   LIBCMT:utility.obj
 0001:00003a03       __onexit                   10004a03 f   LIBCMT:utility.obj
 0001:00003a3e       _atexit                    10004a3e f   LIBCMT:utility.obj
 0001:00003a53       ___raise_securityfailure   10004a53 f   LIBCMT:gs_report.obj
 0001:00003a7b       ___report_gsfailure        10004a7b f   LIBCMT:gs_report.obj
 0001:00003b74       ___report_rangecheckfailure 10004b74 f   LIBCMT:gs_report.obj
 0001:00003b80       ___report_securityfailure  10004b80 f   LIBCMT:gs_report.obj
 0001:00003c4e       ??_U@YAPAXIABUnothrow_t@std@@@Z 10004c4e f   LIBCMT:new_array_nothrow.obj
 0001:00003c57       @__security_check_cookie@4 10004c57 f   LIBCMT:_secchk_.obj
 0001:00003c70       __alloca_probe             10004c70 f   LIBCMT:chkstk.obj
 0001:00003c70       __chkstk                   10004c70 f   LIBCMT:chkstk.obj
 0001:00003c9d       ??3@YAXPAX@Z               10004c9d f   LIBCMT:delete_scalar.obj
 0001:00003fc2       __DllMainCRTStartup@12     10004fc2 f   LIBCMT:dll_dllmain.obj
 0001:00003fe5       @_guard_check_icall_nop@4  10004fe5 f i LIBCMT:guard_support.obj
 0001:00003fe6       ___isa_available_init      10004fe6 f   LIBCMT:_cpu_disp_.obj
 0001:0000417d       __get_startup_argv_mode    1000517d f   LIBCMT:argv_mode.obj
 0001:00004181       ___scrt_is_ucrt_dll_in_use 10005181 f   LIBCMT:ucrt_detection.obj
 0001:0000418d       ___scrt_fastfail           1000518d f   LIBCMT:utility_desktop.obj
 0001:000042a7       __crt_debugger_hook        100052a7 f   LIBCMT:utility_desktop.obj
 0001:000042b0       __SEH_prolog4              100052b0 f   LIBCMT:_sehprolg4_.obj
 0001:000042f6       __SEH_epilog4              100052f6 f   LIBCMT:_sehprolg4_.obj
 0001:0000430b       ??2@YAPAXIABUnothrow_t@std@@@Z 1000530b f   LIBCMT:new_scalar_nothrow.obj
 0001:000043a8       ___security_init_cookie    100053a8 f   LIBCMT:gs_support.obj
 0001:000043f3       ?__scrt_initialize_type_info@@YAXXZ 100053f3 f   LIBCMT:tncleanup.obj
 0001:000043ff       ?__scrt_uninitialize_type_info@@YAXXZ 100053ff f   LIBCMT:tncleanup.obj
 0001:0000440b       ___local_stdio_printf_options 1000540b f i LIBCMT:default_local_stdio_options.obj
 0001:00004411       ___local_stdio_scanf_options 10005411 f i LIBCMT:default_local_stdio_options.obj
 0001:00004417       ___scrt_initialize_default_local_stdio_options 10005417 f   LIBCMT:default_local_stdio_options.obj
 0001:00004434       ___scrt_get_dyn_tls_init_callback 10005434 f   LIBCMT:dyn_tls_init.obj
 0001:0000443a       __RTC_Initialize           1000543a f   LIBCMT:_initsect_.obj
 0001:00004466       __RTC_Terminate            10005466 f   LIBCMT:_initsect_.obj
 0001:00004492       ??2@YAPAXI@Z               10005492 f   LIBCMT:new_scalar.obj
 0001:000044c2       ??0bad_alloc@std@@QAE@ABV01@@Z 100054c2 f i LIBCMT:throw_bad_alloc.obj
 0001:000044dd       ??0bad_alloc@std@@QAE@XZ   100054dd f i LIBCMT:throw_bad_alloc.obj
 0001:000044f5       ??0bad_array_new_length@std@@QAE@ABV01@@Z 100054f5 f i LIBCMT:throw_bad_alloc.obj
 0001:00004510       ??0bad_array_new_length@std@@QAE@XZ 10005510 f i LIBCMT:throw_bad_alloc.obj
 0001:00004528       ??0exception@std@@QAE@ABV01@@Z 10005528 f i LIBCMT:throw_bad_alloc.obj
 0001:00004554       ??1bad_alloc@std@@UAE@XZ   10005554 f i LIBCMT:throw_bad_alloc.obj
 0001:00004554       ??1bad_array_new_length@std@@UAE@XZ 10005554 f i LIBCMT:throw_bad_alloc.obj
 0001:00004554       ??1bad_exception@std@@UAE@XZ 10005554 f i libvcruntime:frame.obj
 0001:00004565       ??_Gbad_exception@std@@UAEPAXI@Z 10005565 f i libvcruntime:frame.obj
 0001:00004565       ??_Ebad_exception@std@@UAEPAXI@Z 10005565 f i libvcruntime:frame.obj
 0001:00004565       ??_Ebad_alloc@std@@UAEPAXI@Z 10005565 f i LIBCMT:throw_bad_alloc.obj
 0001:00004565       ??_Ebad_array_new_length@std@@UAEPAXI@Z 10005565 f i LIBCMT:throw_bad_alloc.obj
 0001:00004565       ??_Eexception@std@@UAEPAXI@Z 10005565 f i LIBCMT:throw_bad_alloc.obj
 0001:00004565       ??_Gexception@std@@UAEPAXI@Z 10005565 f i LIBCMT:throw_bad_alloc.obj
 0001:00004565       ??_Gbad_array_new_length@std@@UAEPAXI@Z 10005565 f i LIBCMT:throw_bad_alloc.obj
 0001:00004565       ??_Gbad_alloc@std@@UAEPAXI@Z 10005565 f i LIBCMT:throw_bad_alloc.obj
 0001:00004592       ?__scrt_throw_std_bad_alloc@@YAXXZ 10005592 f   LIBCMT:throw_bad_alloc.obj
 0001:000045af       ?__scrt_throw_std_bad_array_new_length@@YAXXZ 100055af f   LIBCMT:throw_bad_alloc.obj
 0001:000045cc       ?what@exception@std@@UBEPBDXZ 100055cc f i LIBCMT:throw_bad_alloc.obj
 0001:000045d9       ??_Etype_info@@UAEPAXI@Z   100055d9 f i LIBCMT:std_type_info_static.obj
 0001:000045d9       ??_Gtype_info@@UAEPAXI@Z   100055d9 f i LIBCMT:std_type_info_static.obj
 0001:000045fc       _wcsstr                    100055fc f   libvcruntime:wcsstr.obj
 0001:00004880       _memcpy                    10005880 f   libvcruntime:memcpy.obj
 0001:00004e00       _memset                    10005e00 f   libvcruntime:memset.obj
 0001:00004f60       _memmove                   10005f60 f   libvcruntime:memmove.obj
 0001:000054d4       ___vcrt_initialize         100064d4 f   libvcruntime:initialization.obj
 0001:000054fd       ___vcrt_thread_attach      100064fd f   libvcruntime:initialization.obj
 0001:00005508       ___vcrt_thread_detach      10006508 f   libvcruntime:initialization.obj
 0001:00005513       ___vcrt_uninitialize       10006513 f   libvcruntime:initialization.obj
 0001:00005532       ___vcrt_uninitialize_critical 10006532 f   libvcruntime:initialization.obj
 0001:00005580       __except_handler4          10006580 f   libvcruntime:_chandler4_.obj
 0001:000056d7       ?GetRangeOfTrysToCheck@__FrameHandler3@@SA?AU?$pair@Viterator@TryBlockMap@__FrameHandler3@@V123@@std@@AAVTryBlockMap@1@HH@Z 100066d7 f   libvcruntime:trnsctrl.obj
 0001:00005759       ?_CallCatchBlock2@@YAPAXPAUEHRegistrationNode@@PBU_s_FuncInfo@@PAXHK@Z 10006759 f   libvcruntime:trnsctrl.obj
 0001:000057b7       ?_CallSETranslator@@YAHPAUEHExceptionRecord@@PAUEHRegistrationNode@@PAX2PBU_s_FuncInfo@@H1@Z 100067b7 f   libvcruntime:trnsctrl.obj
 0001:00005892       ?_JumpToContinuation@@YGXPAXPAUEHRegistrationNode@@@Z 10006892 f   libvcruntime:trnsctrl.obj
 0001:000058c2       ?_UnwindNestedFrames@@YGXPAUEHRegistrationNode@@PAUEHExceptionRecord@@@Z 100068c2 f   libvcruntime:trnsctrl.obj
 0001:00005915       __CatchGuardHandler        10006915 f   libvcruntime:trnsctrl.obj
 0001:00005946       __CreateFrameInfo          10006946 f   libvcruntime:trnsctrl.obj
 0001:0000596a       __FindAndUnlinkFrame       1000696a f   libvcruntime:trnsctrl.obj
 0001:000059af       __TranslatorGuardHandler   100069af f   libvcruntime:trnsctrl.obj
 0001:00005a4c       ___CxxFrameHandler3        10006a4c f   libvcruntime:trnsctrl.obj
 0001:00005a82       ___std_type_info_compare   10006a82 f   libvcruntime:std_type_info.obj
 0001:00005abe       ___std_type_info_destroy_list 10006abe f   libvcruntime:std_type_info.obj
 0001:00005ae1       ___std_exception_copy      10006ae1 f   libvcruntime:std_exception.obj
 0001:00005b44       ___std_exception_destroy   10006b44 f   libvcruntime:std_exception.obj
 0001:00005b63       __CxxThrowException@8      10006b63 f   libvcruntime:throw.obj
 0001:00005bd0       ___vcrt_freefls@4          10006bd0 f   libvcruntime:per_thread_data.obj
 0001:00005bec       ___vcrt_freeptd            10006bec f   libvcruntime:per_thread_data.obj
 0001:00005c22       ___vcrt_getptd             10006c22 f   libvcruntime:per_thread_data.obj
 0001:00005c30       ___vcrt_getptd_noexit      10006c30 f   libvcruntime:per_thread_data.obj
 0001:00005cc2       ___vcrt_initialize_ptd     10006cc2 f   libvcruntime:per_thread_data.obj
 0001:00005cf5       ___vcrt_uninitialize_ptd   10006cf5 f   libvcruntime:per_thread_data.obj
 0001:00005d10       ___vcrt_initialize_locks   10006d10 f   libvcruntime:locks.obj
 0001:00005d4c       ___vcrt_uninitialize_locks 10006d4c f   libvcruntime:locks.obj
 0001:00005eae       ___vcrt_FlsAlloc           10006eae f   libvcruntime:winapi_downlevel.obj
 0001:00005ee9       ___vcrt_FlsFree            10006ee9 f   libvcruntime:winapi_downlevel.obj
 0001:00005f24       ___vcrt_FlsGetValue        10006f24 f   libvcruntime:winapi_downlevel.obj
 0001:00005f5f       ___vcrt_FlsSetValue        10006f5f f   libvcruntime:winapi_downlevel.obj
 0001:00005f9d       ___vcrt_InitializeCriticalSectionEx 10006f9d f   libvcruntime:winapi_downlevel.obj
 0001:00005fe4       ___vcrt_initialize_winapi_thunks 10006fe4 f   libvcruntime:winapi_downlevel.obj
 0001:0000600d       ___vcrt_uninitialize_winapi_thunks 1000700d f   libvcruntime:winapi_downlevel.obj
 0001:0000603f       ___vcrt_initialize_pure_virtual_call_handler 1000703f f   libvcruntime:purevirt_data.obj
 0001:00006050       __local_unwind4            10007050 f   libvcruntime:_exsup4_.obj
 0001:00006128       __seh_longjmp_unwind4@4    10007128 f   libvcruntime:_exsup4_.obj
 0001:00006150       @_EH4_CallFilterFunc@8     10007150 f   libvcruntime:_exsup4_.obj
 0001:00006168       @_EH4_TransferToHandler@8  10007168 f   libvcruntime:_exsup4_.obj
 0001:00006184       @_EH4_GlobalUnwind2@8      10007184 f   libvcruntime:_exsup4_.obj
 0001:000061a0       @_EH4_LocalUnwind@16       100071a0 f   libvcruntime:_exsup4_.obj
 0001:000061b7       ___except_validate_context_record 100071b7 f   libvcruntime:jbcxrval.obj
 0001:000061e7       ___except_validate_jump_buffer 100071e7 f   libvcruntime:jbcxrval.obj
 0001:0000690b       ??$TypeMatchHelper@$$CBU_s_HandlerType@@@@YAHPBU_s_HandlerType@@PBU_s_CatchableType@@PBU_s_ThrowInfo@@@Z 1000790b f i libvcruntime:frame.obj
 0001:00006999       ??$__InternalCxxFrameHandler@V__FrameHandler3@@@@YA?AW4_EXCEPTION_DISPOSITION@@PAUEHExceptionRecord@@PAUEHRegistrationNode@@PAU_CONTEXT@@PAXPBU_s_FuncInfo@@H1E@Z 10007999 f i libvcruntime:frame.obj
 0001:00006a9b       ??0bad_exception@std@@QAE@ABV01@@Z 10007a9b f i libvcruntime:frame.obj
 0001:00006ab6       ??0bad_exception@std@@QAE@XZ 10007ab6 f i libvcruntime:frame.obj
 0001:00006ace       ??8type_info@@QBE_NABV0@@Z 10007ace f i libvcruntime:frame.obj
 0001:00006d35       ?FrameUnwindToEmptyState@__FrameHandler3@@SAXPAUEHRegistrationNode@@PAXPBU_s_FuncInfo@@@Z 10007d35 f   libvcruntime:frame.obj
 0001:00006d4d       ?FrameUnwindToState@__FrameHandler3@@SAXPAUEHRegistrationNode@@PAXPBU_s_FuncInfo@@H@Z 10007d4d f   libvcruntime:frame.obj
 0001:00006ecf       ?_CallMemberFunction1@@YGXQAX00@Z 10007ecf f i libvcruntime:frame.obj
 0001:00006edf       ?_CallMemberFunction2@@YGXQAX00H@Z 10007edf f i libvcruntime:frame.obj
 0001:00006ef2       ?getESTypes@__FrameHandler3@@SAPBU_s_ESTypeList@@PBU_s_FuncInfo@@@Z 10007ef2 f i libvcruntime:frame.obj
 0001:00006f00       __CallSettingFrame@12      10007f00 f   libvcruntime:lowhelpr.obj
 0001:00006f27       __NLG_Return               10007f27     libvcruntime:lowhelpr.obj
 0001:00006f50       __global_unwind2           10007f50 f   libvcruntime:_exsup_.obj
 0001:00006fb6       __local_unwind2            10007fb6 f   libvcruntime:_exsup_.obj
 0001:0000703a       __abnormal_termination     1000803a f   libvcruntime:_exsup_.obj
 0001:00007060       __NLG_Notify1              10008060 f   libvcruntime:_exsup_.obj
 0001:0000706c       __NLG_Notify               1000806c f   libvcruntime:_exsup_.obj
 0001:00007083       __NLG_Dispatch             10008083     libvcruntime:_exsup_.obj
 0001:00007083       __NLG_Dispatch2            10008083     libvcruntime:_exsup_.obj
 0001:0000708b       __NLG_Call                 1000808b f   libvcruntime:_exsup_.obj
 0001:0000708d       __NLG_Return2              1000808d     libvcruntime:_exsup_.obj
 0001:0000708e       _unexpected                1000808e f   libvcruntime:unexpected.obj
 0001:000070ab       ?GetCurrentState@__FrameHandler3@@SAHPAUEHRegistrationNode@@PAXPBU_s_FuncInfo@@@Z 100080ab f   libvcruntime:ehstate.obj
 0001:000070c8       ?SetState@__FrameHandler3@@SAXPAUEHRegistrationNode@@PBU_s_FuncInfo@@H@Z 100080c8 f   libvcruntime:ehstate.obj
 0001:000070d6       ___DestructExceptionObject 100080d6 f   libvcruntime:ehhelpers.obj
 0001:00007176       ?_CallMemberFunction0@@YGXQAX0@Z 10008176 f i libvcruntime:ehhelpers.obj
 0001:00007183       __IsExceptionObjectToBeDestroyed 10008183 f   libvcruntime:ehhelpers.obj
 0001:000071a9       ___AdjustPointer           100081a9 f   libvcruntime:ehhelpers.obj
 0001:000071ce       ___FrameUnwindFilter       100081ce f   libvcruntime:ehhelpers.obj
 0001:00007213       ___acrt_call_reportfault   10008213 f   libucrt:invalid_parameter.obj
 0001:0000734e       ___acrt_initialize_invalid_parameter_handler 1000834e f   libucrt:invalid_parameter.obj
 0001:0000735d       __invalid_parameter        1000835d f   libucrt:invalid_parameter.obj
 0001:000073d8       __invalid_parameter_noinfo 100083d8 f   libucrt:invalid_parameter.obj
 0001:000073e8       __invoke_watson            100083e8 f   libucrt:invalid_parameter.obj
 0001:0000741b       ___acrt_errno_from_os_error 1000841b f   libucrt:errno.obj
 0001:0000745e       ___acrt_errno_map_os_error 1000845e f   libucrt:errno.obj
 0001:00007481       ___doserrno                10008481 f   libucrt:errno.obj
 0001:00007494       __errno                    10008494 f   libucrt:errno.obj
 0001:000074a7       _free                      100084a7 f   libucrt:free.obj
 0001:000074c4       _malloc                    100084c4 f   libucrt:malloc.obj
 0001:000074cf       __recalloc                 100084cf f   libucrt:recalloc.obj
 0001:000074da       __recalloc_base            100084da f   libucrt:recalloc.obj
 0001:00007547       _wcscat_s                  10008547 f   libucrt:wcscat_s.obj
 0001:000075bc       _wcscpy_s                  100085bc f   libucrt:wcscpy_s.obj
 0001:000076ed       _wcsncpy_s                 100086ed f   libucrt:wcsncpy_s.obj
 0001:000076f8       __seh_filter_dll           100086f8 f   libucrt:exception_filter.obj
 0001:00007718       __seh_filter_exe           10008718 f   libucrt:exception_filter.obj
 0001:0000788b       ??$?RV<lambda_03b1d95aef87969028cfba75ccab2455>@@AAV<lambda_6e4b09c48022b2350581041d5f6b0c4c>@@V<lambda_22bdf7517842c4b3e53723af5aa32b9e>@@@?$__crt_seh_guarded_call@X@@QAEX$$QAV<lambda_03b1d95aef87969028cfba75ccab2455>@@AAV<lambda_6e4b09c48022b2350581041d5f6b0c4c>@@$$QAV<lambda_22bdf7517842c4b3e53723af5aa32b9e>@@@Z 1000888b f i libucrt:exit.obj
 0001:000078ce       ??$__acrt_lock_and_call@V<lambda_6e4b09c48022b2350581041d5f6b0c4c>@@@@YAXW4__acrt_lock_id@@$$QAV<lambda_6e4b09c48022b2350581041d5f6b0c4c>@@@Z 100088ce f i libucrt:exit.obj
 0001:00007b2b       ___acrt_initialize_thread_local_exit_callback 10008b2b f   libucrt:exit.obj
 0001:00007b3a       __cexit                    10008b3a f   libucrt:exit.obj
 0001:00007b49       __exit                     10008b49 f   libucrt:exit.obj
 0001:00007b5f       __is_c_termination_complete 10008b5f f   libucrt:exit.obj
 0001:00007e10       ___acrt_allocate_buffer_for_argv 10008e10 f   libucrt:argv_parsing.obj
 0001:00007e65       __configure_narrow_argv    10008e65 f   libucrt:argv_parsing.obj
 0001:00007fc9       ??$uninitialize@A6AXAAPAPAD@Z@?$dual_state_global@PAPAD@__crt_state_management@@QAEXA6AXAAPAPAD@Z@Z 10008fc9 f i libucrt:environment_initialization.obj
 0001:00007fc9       ??$uninitialize@A6AXAAPAPA_W@Z@?$dual_state_global@PAPA_W@__crt_state_management@@QAEXA6AXAAPAPA_W@Z@Z 10008fc9 f i libucrt:environment_initialization.obj
 0001:0000803f       ?initialize@?$dual_state_global@P6AXH@Z@__crt_state_management@@QAEXQ6AXH@Z@Z 1000903f f i libucrt:signal.obj
 0001:0000803f       ?initialize@?$dual_state_global@P6AHPAU_exception@@@Z@__crt_state_management@@QAEXQ6AHPAU_exception@@@Z@Z 1000903f f i libucrt:matherr.obj
 0001:0000803f       ?initialize@?$dual_state_global@PAU__crt_multibyte_data@@@__crt_state_management@@QAEXQAU__crt_multibyte_data@@@Z 1000903f f i libucrt:mbctype.obj
 0001:0000803f       ?initialize@?$dual_state_global@PAU__crt_locale_data@@@__crt_state_management@@QAEXQAU__crt_locale_data@@@Z 1000903f f i libucrt:initialization.obj
 0001:0000803f       ?initialize@?$dual_state_global@PAPAD@__crt_state_management@@QAEXQAPAD@Z 1000903f f i libucrt:environment_initialization.obj
 0001:0000803f       ?initialize@?$dual_state_global@P6AHI@Z@__crt_state_management@@QAEXQ6AHI@Z@Z 1000903f f i libucrt:new_handler.obj
 0001:00008070       ___dcrt_uninitialize_environments_nolock 10009070 f   libucrt:environment_initialization.obj
 0001:000080a7       __initialize_narrow_environment 100090a7 f   libucrt:environment_initialization.obj
 0001:000080ac       ??$?RV<lambda_69a2805e680e0e292e8ba93315fe43a8>@@AAV<lambda_f03950bc5685219e0bcd2087efbe011e>@@V<lambda_03fcd07e894ec930e3f35da366ca99d6>@@@?$__crt_seh_guarded_call@H@@QAEH$$QAV<lambda_69a2805e680e0e292e8ba93315fe43a8>@@AAV<lambda_f03950bc5685219e0bcd2087efbe011e>@@$$QAV<lambda_03fcd07e894ec930e3f35da366ca99d6>@@@Z 100090ac f i libucrt:onexit.obj
 0001:000080fd       ??$?RV<lambda_8e746cf0007f6ed984d6f78af1fec997>@@AAV<lambda_22ebabd17bc4fa466a2aca6d8deb888d>@@V<lambda_18ed0c0b38a6dc0daf1e7ac6d6adf05e>@@@?$__crt_seh_guarded_call@H@@QAEH$$QAV<lambda_8e746cf0007f6ed984d6f78af1fec997>@@AAV<lambda_22ebabd17bc4fa466a2aca6d8deb888d>@@$$QAV<lambda_18ed0c0b38a6dc0daf1e7ac6d6adf05e>@@@Z 100090fd f i libucrt:onexit.obj
 0001:0000814e       ??$__acrt_lock_and_call@V<lambda_22ebabd17bc4fa466a2aca6d8deb888d>@@@@YAHW4__acrt_lock_id@@$$QAV<lambda_22ebabd17bc4fa466a2aca6d8deb888d>@@@Z 1000914e f i libucrt:onexit.obj
 0001:00008176       ??$__acrt_lock_and_call@V<lambda_f03950bc5685219e0bcd2087efbe011e>@@@@YAHW4__acrt_lock_id@@$$QAV<lambda_f03950bc5685219e0bcd2087efbe011e>@@@Z 10009176 f i libucrt:onexit.obj
 0001:0000819e       ??$__crt_fast_encode_pointer@P6AHXZ@@YAP6AHXZQ6AHXZ@Z 1000919e f i libucrt:onexit.obj
 0001:0000841c       __crt_atexit               1000941c f   libucrt:onexit.obj
 0001:00008432       __execute_onexit_table     10009432 f   libucrt:onexit.obj
 0001:0000844f       __initialize_onexit_table  1000944f f   libucrt:onexit.obj
 0001:0000848c       __register_onexit_function 1000948c f   libucrt:onexit.obj
 0001:000084dc       ___acrt_uninitialize_command_line 100094dc f   libucrt:argv_data.obj
 0001:000085bf       ___acrt_initialize         100095bf f   libucrt:initialization.obj
 0001:000085d1       ___acrt_thread_attach      100095d1 f   libucrt:initialization.obj
 0001:000085dc       ___acrt_thread_detach      100095dc f   libucrt:initialization.obj
 0001:000085e4       ___acrt_uninitialize       100095e4 f   libucrt:initialization.obj
 0001:000085f6       ___acrt_uninitialize_critical 100095f6 f   libucrt:initialization.obj
 0001:00008608       __initterm                 10009608 f   libucrt:initterm.obj
 0001:00008664       __initterm_e               10009664 f   libucrt:initterm.obj
 0001:000086a9       _terminate                 100096a9 f   libucrt:terminate.obj
 0001:000086e5       ___acrt_initialize_new_handler 100096e5 f   libucrt:new_handler.obj
 0001:000086f9       __callnewh                 100096f9 f   libucrt:new_handler.obj
 0001:0000873d       __query_new_handler        1000973d f   libucrt:new_handler.obj
 0001:0000878f       _strcpy_s                  1000978f f   libucrt:strcpy_s.obj
 0001:000087e9       _abort                     100097e9 f   libucrt:abort.obj
 0001:0000882c       _calloc                    1000982c f   libucrt:calloc.obj
 0001:00008837       _wcsncmp                   10009837 f   libucrt:wcsncmp.obj
 0001:00008871       ??0_LocaleUpdate@@QAE@QAU__crt_locale_pointers@@@Z 10009871 f i libucrt:output.obj
 0001:00008900       _strncmp                   10009900 f   libucrt:strncmp.obj
 0001:00008978       ??$?RV<lambda_15ade71b0218206bbe3333a0c9b79046>@@AAV<lambda_da44e0f8b0f19ba52fefafb335991732>@@V<lambda_207f2d024fc103971653565357d6cd41>@@@?$__crt_seh_guarded_call@X@@QAEX$$QAV<lambda_15ade71b0218206bbe3333a0c9b79046>@@AAV<lambda_da44e0f8b0f19ba52fefafb335991732>@@$$QAV<lambda_207f2d024fc103971653565357d6cd41>@@@Z 10009978 f i libucrt:per_thread_data.obj
 0001:000089c0       ??$?RV<lambda_38edbb1296d33220d7e4dd0ed76b244a>@@AAV<lambda_5ce1d447e08cb34b2473517608e21441>@@V<lambda_fb385d3da700c9147fc39e65dd577a8c>@@@?$__crt_seh_guarded_call@X@@QAEX$$QAV<lambda_38edbb1296d33220d7e4dd0ed76b244a>@@AAV<lambda_5ce1d447e08cb34b2473517608e21441>@@$$QAV<lambda_fb385d3da700c9147fc39e65dd577a8c>@@@Z 100099c0 f i libucrt:per_thread_data.obj
 0001:00008a21       ??$?RV<lambda_6affb1475c98b40b75cdec977db92e3c>@@AAV<lambda_b8d4b9c228a6ecc3f80208dbb4b4a104>@@V<lambda_608742c3c92a14382c1684fc64f96c88>@@@?$__crt_seh_guarded_call@X@@QAEX$$QAV<lambda_6affb1475c98b40b75cdec977db92e3c>@@AAV<lambda_b8d4b9c228a6ecc3f80208dbb4b4a104>@@$$QAV<lambda_608742c3c92a14382c1684fc64f96c88>@@@Z 10009a21 f i libucrt:per_thread_data.obj
 0001:00008a6c       ??$?RV<lambda_a7e850c220f1c8d1e6efeecdedd162c6>@@AAV<lambda_46720907175c18b6c9d2717bc0d2d362>@@V<lambda_9048902d66e8d99359bc9897bbb930a8>@@@?$__crt_seh_guarded_call@X@@QAEX$$QAV<lambda_a7e850c220f1c8d1e6efeecdedd162c6>@@AAV<lambda_46720907175c18b6c9d2717bc0d2d362>@@$$QAV<lambda_9048902d66e8d99359bc9897bbb930a8>@@@Z 10009a6c f i libucrt:per_thread_data.obj
 0001:00008abc       ??$__acrt_lock_and_call@V<lambda_46720907175c18b6c9d2717bc0d2d362>@@@@YAXW4__acrt_lock_id@@$$QAV<lambda_46720907175c18b6c9d2717bc0d2d362>@@@Z 10009abc f i libucrt:per_thread_data.obj
 0001:00008ae4       ??$__acrt_lock_and_call@V<lambda_5ce1d447e08cb34b2473517608e21441>@@@@YAXW4__acrt_lock_id@@$$QAV<lambda_5ce1d447e08cb34b2473517608e21441>@@@Z 10009ae4 f i libucrt:per_thread_data.obj
 0001:00008b0c       ??$__acrt_lock_and_call@V<lambda_b8d4b9c228a6ecc3f80208dbb4b4a104>@@@@YAXW4__acrt_lock_id@@$$QAV<lambda_b8d4b9c228a6ecc3f80208dbb4b4a104>@@@Z 10009b0c f i libucrt:per_thread_data.obj
 0001:00008b34       ??$__acrt_lock_and_call@V<lambda_da44e0f8b0f19ba52fefafb335991732>@@@@YAXW4__acrt_lock_id@@$$QAV<lambda_da44e0f8b0f19ba52fefafb335991732>@@@Z 10009b34 f i libucrt:per_thread_data.obj
 0001:00008cea       ___acrt_freeptd            10009cea f   libucrt:per_thread_data.obj
 0001:00008d16       ___acrt_getptd             10009d16 f   libucrt:per_thread_data.obj
 0001:00008dca       ___acrt_getptd_head        10009dca f   libucrt:per_thread_data.obj
 0001:00008e64       ___acrt_getptd_noexit      10009e64 f   libucrt:per_thread_data.obj
 0001:00008f17       ___acrt_initialize_ptd     10009f17 f   libucrt:per_thread_data.obj
 0001:00008f43       ___acrt_uninitialize_ptd   10009f43 f   libucrt:per_thread_data.obj
 0001:00008f5d       __free_base                10009f5d f   libucrt:free_base.obj
 0001:00008f97       __malloc_base              10009f97 f   libucrt:malloc_base.obj
 0001:00008fe5       __msize                    10009fe5 f   libucrt:msize.obj
 0001:00008ff0       __msize_base               10009ff0 f   libucrt:msize.obj
 0001:00009023       __realloc_base             1000a023 f   libucrt:realloc_base.obj
 0001:0000908c       ___acrt_initialize_locks   1000a08c f   libucrt:locks.obj
 0001:000090cd       ___acrt_lock               1000a0cd f   libucrt:locks.obj
 0001:000090e4       ___acrt_uninitialize_locks 1000a0e4 f   libucrt:locks.obj
 0001:00009115       ___acrt_unlock             1000a115 f   libucrt:locks.obj
 0001:0000912c       ___acrt_get_process_end_policy 1000a12c f   libucrt:win_policies.obj
 0001:0000914c       __calloc_base              1000a14c f   libucrt:calloc_base.obj
 0001:00009660       ___acrt_expand_narrow_argv_wildcards 1000a660 f   libucrt:argv_wildcards.obj
 0001:0000966b       ??$?RV<lambda_ceb1ee4838e85a9d631eb091e2fbe199>@@AAV<lambda_ae742caa10f662c28703da3d2ea5e57e>@@V<lambda_cd08b5d6af4937fe54fc07d0c9bf6b37>@@@?$__crt_seh_guarded_call@X@@QAEX$$QAV<lambda_ceb1ee4838e85a9d631eb091e2fbe199>@@AAV<lambda_ae742caa10f662c28703da3d2ea5e57e>@@$$QAV<lambda_cd08b5d6af4937fe54fc07d0c9bf6b37>@@@Z 1000a66b f i libucrt:mbctype.obj
 0001:000096ae       ??$__acrt_lock_and_call@V<lambda_ae742caa10f662c28703da3d2ea5e57e>@@@@YAXW4__acrt_lock_id@@$$QAV<lambda_ae742caa10f662c28703da3d2ea5e57e>@@@Z 1000a6ae f i libucrt:mbctype.obj
 0001:00009ba3       ___acrt_initialize_multibyte 1000aba3 f   libucrt:mbctype.obj
 0001:00009bf0       ___acrt_update_thread_multibyte_data 1000abf0 f   libucrt:mbctype.obj
 0001:00009c04       __setmbcp_nolock           1000ac04 f   libucrt:mbctype.obj
 0001:00009ecf       __ismbblead                1000aecf f   libucrt:ismbbyte.obj
 0001:00009ee7       ___acrt_initialize_command_line 1000aee7 f   libucrt:argv_data.obj
 0001:00009f37       ___dcrt_get_narrow_environment_from_os 1000af37 f   libucrt:get_environment_from_os.obj
 0001:0000a138       ___acrt_AppPolicyGetProcessTerminationMethodInternal@4 1000b138 f   libucrt:winapi_thunks.obj
 0001:0000a18f       ___acrt_FlsAlloc@4         1000b18f f   libucrt:winapi_thunks.obj
 0001:0000a1e5       ___acrt_FlsFree@4          1000b1e5 f   libucrt:winapi_thunks.obj
 0001:0000a23b       ___acrt_FlsGetValue@4      1000b23b f   libucrt:winapi_thunks.obj
 0001:0000a291       ___acrt_FlsSetValue@8      1000b291 f   libucrt:winapi_thunks.obj
 0001:0000a2ea       ___acrt_InitializeCriticalSectionEx@12 1000b2ea f   libucrt:winapi_thunks.obj
 0001:0000a34c       ___acrt_LCMapStringEx@36   1000b34c f   libucrt:winapi_thunks.obj
 0001:0000a3c0       ___acrt_LocaleNameToLCID@8 1000b3c0 f   libucrt:winapi_thunks.obj
 0001:0000a408       ___acrt_initialize_winapi_thunks 1000b408 f   libucrt:winapi_thunks.obj
 0001:0000a42e       ___acrt_uninitialize_winapi_thunks 1000b42e f   libucrt:winapi_thunks.obj
 0001:0000a464       ___acrt_initialize_heap    1000b464 f   libucrt:heap_handle.obj
 0001:0000a475       ___acrt_uninitialize_heap  1000b475 f   libucrt:heap_handle.obj
 0001:0000a5e9       ___acrt_initialize_lowio   1000b5e9 f   libucrt:ioinit.obj
 0001:0000a63f       ___acrt_uninitialize_lowio 1000b63f f   libucrt:ioinit.obj
 0001:0000a66b       ___acrt_execute_initializers 1000b66b f   libucrt:shared_initialization.obj
 0001:0000a6ee       ___acrt_execute_uninitializers 1000b6ee f   libucrt:shared_initialization.obj
 0001:0000a73b       ??$?RV<lambda_cbab9ec6f41b0180b23cc171c22676b0>@@AAV<lambda_44731a7d0e6d81c3e6aa82d741081786>@@V<lambda_4b292cb8dd18144e164572427af410ab>@@@?$__crt_seh_guarded_call@P6AXH@Z@@QAEP6AXH@Z$$QAV<lambda_cbab9ec6f41b0180b23cc171c22676b0>@@AAV<lambda_44731a7d0e6d81c3e6aa82d741081786>@@$$QAV<lambda_4b292cb8dd18144e164572427af410ab>@@@Z 1000b73b f i libucrt:signal.obj
 0001:0000a795       ??$__acrt_lock_and_call@V<lambda_44731a7d0e6d81c3e6aa82d741081786>@@@@YAP6AXH@ZW4__acrt_lock_id@@$$QAV<lambda_44731a7d0e6d81c3e6aa82d741081786>@@@Z 1000b795 f i libucrt:signal.obj
 0001:0000a827       ___acrt_get_sigabrt_handler 1000b827 f   libucrt:signal.obj
 0001:0000a83e       ___acrt_initialize_signal_handlers 1000b83e f   libucrt:signal.obj
 0001:0000a879       ___fpecode                 1000b879 f   libucrt:signal.obj
 0001:0000a882       _raise                     1000b882 f   libucrt:signal.obj
 0001:0000aa8a       ___acrt_has_user_matherr   1000ba8a f   libucrt:matherr.obj
 0001:0000aaa3       ___acrt_initialize_user_matherr 1000baa3 f   libucrt:matherr.obj
 0001:0000aab7       ___acrt_invoke_user_matherr 1000bab7 f   libucrt:matherr.obj
 0001:0000ab00       __mbtowc_l                 1000bb00 f   libucrt:mbtowc.obj
 0001:0000abfa       _mbtowc                    1000bbfa f   libucrt:mbtowc.obj
 0001:0000ac14       ___acrt_update_locale_info 1000bc14 f   libucrt:locale_update.obj
 0001:0000ac41       ___acrt_update_multibyte_info 1000bc41 f   libucrt:locale_update.obj
 0001:0000ac6e       __fileno                   1000bc6e f   libucrt:fileno.obj
 0001:0000ac94       ___acrt_initialize_stdio   1000bc94 f   libucrt:_file.obj
 0001:0000ad5c       ___acrt_uninitialize_stdio 1000bd5c f   libucrt:_file.obj
 0001:0000ada8       __lock_file                1000bda8 f   libucrt:_file.obj
 0001:0000adbc       __unlock_file              1000bdbc f   libucrt:_file.obj
 0001:0000add0       ??$?RV<lambda_e5124f882df8998aaf41531e079ba474>@@AAV<lambda_3e16ef9562a7dcce91392c22ab16ea36>@@V<lambda_e25ca0880e6ef98be67edffd8c599615>@@@?$__crt_seh_guarded_call@X@@QAEX$$QAV<lambda_e5124f882df8998aaf41531e079ba474>@@AAV<lambda_3e16ef9562a7dcce91392c22ab16ea36>@@$$QAV<lambda_e25ca0880e6ef98be67edffd8c599615>@@@Z 1000bdd0 f i libucrt:wsetlocale.obj
 0001:0000ae19       ??$__acrt_lock_and_call@V<lambda_3e16ef9562a7dcce91392c22ab16ea36>@@@@YAXW4__acrt_lock_id@@$$QAV<lambda_3e16ef9562a7dcce91392c22ab16ea36>@@@Z 1000be19 f i libucrt:wsetlocale.obj
 0001:0000ae41       ??$uninitialize@V<lambda_88ce03f932007f29bf8b8056cbaba4f3>@@@?$dual_state_global@PAU__crt_locale_data@@@__crt_state_management@@QAEX$$QAV<lambda_88ce03f932007f29bf8b8056cbaba4f3>@@@Z 1000be41 f i libucrt:wsetlocale.obj
 0001:0000ae70       ___acrt_set_locale_changed 1000be70 f   libucrt:wsetlocale.obj
 0001:0000ae7b       ___acrt_uninitialize_locale 1000be7b f   libucrt:wsetlocale.obj
 0001:0000ae92       ___pctype_func             1000be92 f   libucrt:ctype.obj
 0001:0000aeb8       ___acrt_add_locale_ref     1000beb8 f   libucrt:locale_refcounting.obj
 0001:0000af35       ___acrt_free_locale        1000bf35 f   libucrt:locale_refcounting.obj
 0001:0000b07f       ___acrt_locale_add_lc_time_reference 1000c07f f   libucrt:locale_refcounting.obj
 0001:0000b0a8       ___acrt_locale_free_lc_time_if_unreferenced 1000c0a8 f   libucrt:locale_refcounting.obj
 0001:0000b0d8       ___acrt_locale_release_lc_time_reference 1000c0d8 f   libucrt:locale_refcounting.obj
 0001:0000b101       ___acrt_release_locale_ref 1000c101 f   libucrt:locale_refcounting.obj
 0001:0000b182       ___acrt_update_thread_locale_data 1000c182 f   libucrt:locale_refcounting.obj
 0001:0000b1f9       __updatetlocinfoEx_nolock  1000c1f9 f   libucrt:locale_refcounting.obj
 0001:0000b249       __query_new_mode           1000c249 f   libucrt:new_mode.obj
 0001:0000b330       _qsort                     1000c330 f   libucrt:qsort.obj
 0001:0000b77b       _strncpy_s                 1000c77b f   libucrt:strncpy_s.obj
 0001:0000b790       _strpbrk                   1000c790 f   libucrt:strpbrk.obj
 0001:0000b7d0       __mbsdec                   1000c7d0 f   libucrt:mbsdec.obj
 0001:0000b7e7       __mbsdec_l                 1000c7e7 f   libucrt:mbsdec.obj
 0001:0000b874       ___acrt_GetStringTypeA     1000c874 f   libucrt:getstringtypea.obj
 0001:0000b991       __freea_crt                1000c991 f i libucrt:getstringtypea.obj
 0001:0000bbce       ___acrt_LCMapStringA       1000cbce f   libucrt:lcmapstringa.obj
 0001:0000bce4       ___acrt_DownlevelLocaleNameToLCID 1000cce4 f   libucrt:lcidtoname_downlevel.obj
 0001:0000bd10       ___acrt_lowio_create_handle_array 1000cd10 f   libucrt:osfinfo.obj
 0001:0000bd8a       ___acrt_lowio_destroy_handle_array 1000cd8a f   libucrt:osfinfo.obj
 0001:0000bdbf       ___acrt_lowio_ensure_fh_exists 1000cdbf f   libucrt:osfinfo.obj
 0001:0000be57       ___acrt_lowio_lock_fh      1000ce57 f   libucrt:osfinfo.obj
 0001:0000be7a       ___acrt_lowio_unlock_fh    1000ce7a f   libucrt:osfinfo.obj
 0001:0000be9d       __free_osfhnd              1000ce9d f   libucrt:osfinfo.obj
 0001:0000bf2e       __get_osfhandle            1000cf2e f   libucrt:osfinfo.obj
 0001:0000bf98       __isatty                   1000cf98 f   libucrt:isatty.obj
 0001:0000bfee       ??$?RV<lambda_2866be3712abc81a800a822484c830d8>@@AAV<lambda_39ca0ed439415581b5b15c265174cece>@@V<lambda_2b24c74d71094a6cd0cb82e44167d71b>@@@?$__crt_seh_guarded_call@X@@QAEX$$QAV<lambda_2866be3712abc81a800a822484c830d8>@@AAV<lambda_39ca0ed439415581b5b15c265174cece>@@$$QAV<lambda_2b24c74d71094a6cd0cb82e44167d71b>@@@Z 1000cfee f i libucrt:fflush.obj
 0001:0000c06f       ??$?RV<lambda_2cc53f568c5a2bb6f192f930a45d44ea>@@AAV<lambda_ab61a845afdef5b7c387490eaf3616ee>@@V<lambda_c2ffc0b7726aa6be21d5f0026187e748>@@@?$__crt_seh_guarded_call@X@@QAEX$$QAV<lambda_2cc53f568c5a2bb6f192f930a45d44ea>@@AAV<lambda_ab61a845afdef5b7c387490eaf3616ee>@@$$QAV<lambda_c2ffc0b7726aa6be21d5f0026187e748>@@@Z 1000d06f f i libucrt:fflush.obj
 0001:0000c102       ??$__acrt_lock_and_call@V<lambda_ab61a845afdef5b7c387490eaf3616ee>@@@@YAXW4__acrt_lock_id@@$$QAV<lambda_ab61a845afdef5b7c387490eaf3616ee>@@@Z 1000d102 f i libucrt:fflush.obj
 0001:0000c12a       ??$__acrt_lock_stream_and_call@V<lambda_39ca0ed439415581b5b15c265174cece>@@@@YAXQAU_iobuf@@$$QAV<lambda_39ca0ed439415581b5b15c265174cece>@@@Z 1000d12a f i libucrt:fflush.obj
 0001:0000c1e6       ___acrt_stdio_flush_nolock 1000d1e6 f   libucrt:fflush.obj
 0001:0000c249       __fflush_nolock            1000d249 f   libucrt:fflush.obj
 0001:0000c290       __flushall                 1000d290 f   libucrt:fflush.obj
 0001:0000c299       __isleadbyte_l             1000d299 f i libucrt:_wctype.obj
 0001:0000c2d2       __fcloseall                1000d2d2 f   libucrt:closeall.obj
 0001:0000c372       ___acrt_stdio_free_buffer_nolock 1000d372 f   libucrt:_freebuf.obj
 0001:0000c3b0       ___acrt_locale_free_monetary 1000d3b0 f   libucrt:initmon.obj
 0001:0000c4ae       ___acrt_locale_free_numeric 1000d4ae f   libucrt:initnum.obj
 0001:0000c553       ___acrt_locale_free_time   1000d553 f   libucrt:inittime.obj
 0001:0000c637       ___strncnt                 1000d637 f   libucrt:strncnt.obj
 0001:0000c653       __query_app_type           1000d653 f   libucrt:report_runtime_error.obj
 0001:0000c659       ??$?RV<lambda_9e9de3de5fa147e2223d7db92bc10aa6>@@AAV<lambda_38ce7e780aa69e748d6df282ebc68efe>@@V<lambda_8ca6da459f0f6780f1cff60fdc3d00e5>@@@?$__crt_seh_guarded_call@H@@QAEH$$QAV<lambda_9e9de3de5fa147e2223d7db92bc10aa6>@@AAV<lambda_38ce7e780aa69e748d6df282ebc68efe>@@$$QAV<lambda_8ca6da459f0f6780f1cff60fdc3d00e5>@@@Z 1000d659 f i libucrt:commit.obj
 0001:0000c6f1       ??$__acrt_lowio_lock_fh_and_call@V<lambda_38ce7e780aa69e748d6df282ebc68efe>@@@@YAHH$$QAV<lambda_38ce7e780aa69e748d6df282ebc68efe>@@@Z 1000d6f1 f i libucrt:commit.obj
 0001:0000c719       __commit                   1000d719 f   libucrt:commit.obj
 0001:0000cd2a       __write                    1000dd2a f   libucrt:write.obj
 0001:0000ce15       __write_nolock             1000de15 f   libucrt:write.obj
 0001:0000d030       _log10                     1000e030 f   libucrt:log10.obj
 0001:0000d070       __CIlog10                  1000e070 f   libucrt:log10.obj
 0001:0000d0ab       __CIlog10_default          1000e0ab f   libucrt:log10.obj
 0001:0000d0bf       __log10_default            1000e0bf     libucrt:log10.obj
 0001:0000d180       _ceil                      1000e180 f   libucrt:ceil_pentium4.obj
 0001:0000d1c0       __ceil_pentium4            1000e1c0 f   libucrt:ceil_pentium4.obj
 0001:0000d31b       __lseeki64_nolock          1000e31b f   libucrt:lseek.obj
 0001:0000d336       __fclose_nolock            1000e336 f   libucrt:fclose.obj
 0001:0000d3ac       _fclose                    1000e3ac f   libucrt:fclose.obj
 0001:0000d430       ___ascii_strnicmp          1000e430 f   libucrt:_strnicm.obj
 0001:0000d491       __putwch_nolock            1000e491 f   libucrt:putwch.obj
 0001:0000d4d6       ___acrt_initialize_sse2    1000e4d6 f   libucrt:mathfcns.obj
 0001:0000d4f0       __CIlog10_pentium4         1000e4f0 f   libucrt:log10_pentium4.obj
 0001:0000d508       __log10_pentium4           1000e508     libucrt:log10_pentium4.obj
 0001:0000d791       __fFEXP                    1000e791     libucrt:87tran.obj
 0001:0000d7e8       __rtinfpopse               1000e7e8     libucrt:87tran.obj
 0001:0000d7ea       __rtinfnpopse              1000e7ea     libucrt:87tran.obj
 0001:0000d7fa       __fFLN                     1000e7fa     libucrt:87tran.obj
 0001:0000d8af       __rtinfpop                 1000e8af     libucrt:87tran.obj
 0001:0000d8b1       __rtinfnpop                1000e8b1     libucrt:87tran.obj
 0001:0000d8ce       __ffexpm1                  1000e8ce     libucrt:87tran.obj
 0001:0000d980       __trandisp1                1000e980 f   libucrt:87disp.obj
 0001:0000d9e7       __trandisp2                1000e9e7 f   libucrt:87disp.obj
 0001:0000da73       __rttospopde               1000ea73     libucrt:87disp.obj
 0001:0000da78       __rttospop                 1000ea78     libucrt:87disp.obj
 0001:0000da7a       __rtnospop                 1000ea7a     libucrt:87disp.obj
 0001:0000da7c       __rttosnpop                1000ea7c     libucrt:87disp.obj
 0001:0000da7d       __rtnospopde               1000ea7d     libucrt:87disp.obj
 0001:0000da84       __rtzeropop                1000ea84     libucrt:87disp.obj
 0001:0000da86       __rtzeronpop               1000ea86     libucrt:87disp.obj
 0001:0000da8b       __rtzerospop               1000ea8b     libucrt:87disp.obj
 0001:0000da98       __rtonepop                 1000ea98     libucrt:87disp.obj
 0001:0000da9a       __rtonenpop                1000ea9a     libucrt:87disp.obj
 0001:0000da9f       __tosnan1                  1000ea9f     libucrt:87disp.obj
 0001:0000daca       __nosnan2                  1000eaca     libucrt:87disp.obj
 0001:0000dacc       __tosnan2                  1000eacc     libucrt:87disp.obj
 0001:0000daf4       __nan2                     1000eaf4     libucrt:87disp.obj
 0001:0000db33       __rtindfpop                1000eb33     libucrt:87disp.obj
 0001:0000db35       __rtindfnpop               1000eb35     libucrt:87disp.obj
 0001:0000db46       __rttosnpopde              1000eb46     libucrt:87disp.obj
 0001:0000db50       __rtatan2inf               1000eb50     libucrt:87disp.obj
 0001:0000db6d       __rtchsifneg               1000eb6d     libucrt:87disp.obj
 0001:0000db80       __twoToTOS                 1000eb80 f   libucrt:common.obj
 0001:0000db95       __load_CW                  1000eb95 f   libucrt:common.obj
 0001:0000dbac       __convertTOStoQNaN         1000ebac f   libucrt:common.obj
 0001:0000dbc5       __fload_withFB             1000ebc5 f   libucrt:common.obj
 0001:0000dc08       __checkTOS_withFB          1000ec08 f   libucrt:common.obj
 0001:0000dc1e       __fast_exit                1000ec1e f   libucrt:common.obj
 0001:0000dc2b       __math_exit                1000ec2b f   libucrt:common.obj
 0001:0000dc55       __check_overflow_exit      1000ec55 f   libucrt:common.obj
 0001:0000dc69       __check_range_exit         1000ec69 f   libucrt:common.obj
 0001:0000dd10       __startTwoArgErrorHandling 1000ed10 f   libucrt:genexcep.obj
 0001:0000dd27       __startOneArgErrorHandling 1000ed27 f   libucrt:genexcep.obj
 0001:0000dd63       ___libm_error_support      1000ed63 f   libucrt:libm_error.obj
 0001:0000df7b       __ceil_default             1000ef7b f   libucrt:ceil.obj
 0001:0000e034       ??$?RV<lambda_218ce3db14220d0be481dae8ef3383b6>@@AAV<lambda_628dfdc04ba53c8bfc02c9951375f3f5>@@V<lambda_57dc472bd5c9d5f3b2cbca59b8a843ae>@@@?$__crt_seh_guarded_call@H@@QAEH$$QAV<lambda_218ce3db14220d0be481dae8ef3383b6>@@AAV<lambda_628dfdc04ba53c8bfc02c9951375f3f5>@@$$QAV<lambda_57dc472bd5c9d5f3b2cbca59b8a843ae>@@@Z 1000f034 f i libucrt:close.obj
 0001:0000e0b6       ??$__acrt_lowio_lock_fh_and_call@V<lambda_628dfdc04ba53c8bfc02c9951375f3f5>@@@@YAHH$$QAV<lambda_628dfdc04ba53c8bfc02c9951375f3f5>@@@Z 1000f0b6 f i libucrt:close.obj
 0001:0000e0de       __close                    1000f0de f   libucrt:close.obj
 0001:0000e15d       __close_nolock             1000f15d f   libucrt:close.obj
 0001:0000e1f9       ?__acrt_stdio_free_stream@@YAXV__crt_stdio_stream@@@Z 1000f1f9 f   libucrt:stream.obj
 0001:0000e234       ___dcrt_lowio_initialize_console_output 1000f234 f   libucrt:initcon.obj
 0001:0000e253       ___dcrt_terminate_console_output 1000f253 f   libucrt:initcon.obj
 0001:0000e26a       __clrfp                    1000f26a f   libucrt:fpctrl.obj
 0001:0000e27d       __ctrlfp                   1000f27d f   libucrt:fpctrl.obj
 0001:0000e2a9       __set_statfp               1000f2a9 f   libucrt:fpctrl.obj
 0001:0000e304       __statfp                   1000f304 f   libucrt:fpctrl.obj
 0001:0000e316       __d_inttype                1000f316 f   libucrt:powhlp.obj
 0001:0000e380       __powhlp                   1000f380 f   libucrt:powhlp.obj
 0001:0000e4ab       __87except                 1000f4ab f   libucrt:87except.obj
 0001:0000e5b6       __frnd                     1000f5b6 f   libucrt:frnd.obj
 0001:0000e5cc       __errcode                  1000f5cc f   libucrt:fpexcept.obj
 0001:0000e600       __except1                  1000f600 f   libucrt:fpexcept.obj
 0001:0000e6ce       __handle_exc               1000f6ce f   libucrt:fpexcept.obj
 0001:0000e8ae       __raise_exc                1000f8ae f   libucrt:fpexcept.obj
 0001:0000e8d1       __raise_exc_ex             1000f8d1 f   libucrt:fpexcept.obj
 0001:0000ebc2       __set_errno_from_matherr   1000fbc2 f   libucrt:fpexcept.obj
 0001:0000ebf1       __umatherr                 1000fbf1 f   libucrt:fpexcept.obj
 0001:0000ec93       __decomp                   1000fc93 f   libucrt:util.obj
 0001:0000ed67       __set_exp                  1000fd67 f   libucrt:util.obj
 0001:0000ed96       __sptype                   1000fd96 f   libucrt:util.obj
 0001:0000edf4       __fpclass                  1000fdf4 f   libucrt:ieeemisc.obj
 0001:0000ee98       _IsProcessorFeaturePresent@4 1000fe98 f   kernel32:KERNEL32.dll
 0001:0000eea0       __FindPESection            1000fea0 f   LIBCMT:pesect.obj
 0001:0000eef0       __IsNonwritableInCurrentImage 1000fef0 f   LIBCMT:pesect.obj
 0001:0000efb0       __ValidateImageBase        1000ffb0 f   LIBCMT:pesect.obj
 0001:0000efe3       __EH_prolog3_catch         1000ffe3 f   LIBCMT:ehprolg3.obj
 0001:0000f020       __aulldvrm                 10010020 f   LIBCMT:ulldvrm.obj
 0001:0000f0c0       __SEH_prolog4_GS           100100c0 f   LIBCMT:_sehprolg4gs_.obj
 0001:0000f109       __SEH_epilog4_GS           10010109 f   LIBCMT:_sehprolg4gs_.obj
 0001:0000f120       __allmul                   10010120 f   LIBCMT:llmul.obj
 0001:0000f160       __alldvrm                  10010160 f   LIBCMT:lldvrm.obj
 0001:0000f240       __aullshr                  10010240 f   LIBCMT:ullshr.obj
 0001:0000f260       __alloca_probe_16          10010260 f   LIBCMT:alloca16.obj
 0001:0000f276       __alloca_probe_8           10010276     LIBCMT:alloca16.obj
 0001:0000f290       __allshl                   10010290 f   LIBCMT:llshl.obj
 0001:0000f2b0       __ftol2_sse                100102b0 f   LIBCMT:_ftol2_.obj
 0001:0000f2b9       __ftol2_pentium4           100102b9 f   LIBCMT:_ftol2_.obj
 0001:0000f2cc       __ftol2_sse_excpt          100102cc f   LIBCMT:_ftol2_.obj
 0001:0000f2f0       __ftol2                    100102f0 f   LIBCMT:_ftol2_.obj
 0001:0000f370       _strchr                    10010370 f   libvcruntime:strchr.obj
 0001:0000f3de       ___from_strstr_to_strchr   100103de     libvcruntime:strchr.obj
 0001:0000f4a0       _strrchr                   100104a0 f   libvcruntime:strrchr.obj
 0002:00000000       __imp__RegQueryInfoKeyW@48 10011000     advapi32:ADVAPI32.dll
 0002:00000004       __imp__RegOpenKeyExW@20    10011004     advapi32:ADVAPI32.dll
 0002:00000008       __imp__RegEnumKeyExW@32    10011008     advapi32:ADVAPI32.dll
 0002:0000000c       __imp__RegDeleteValueW@8   1001100c     advapi32:ADVAPI32.dll
 0002:00000010       __imp__RegDeleteKeyW@8     10011010     advapi32:ADVAPI32.dll
 0002:00000014       __imp__RegCreateKeyExW@36  10011014     advapi32:ADVAPI32.dll
 0002:00000018       __imp__RegCloseKey@4       10011018     advapi32:ADVAPI32.dll
 0002:0000001c       __imp__RegSetValueExW@24   1001101c     advapi32:ADVAPI32.dll
 0002:00000020       \177ADVAPI32_NULL_THUNK_DATA 10011020     advapi32:ADVAPI32.dll
 0002:00000024       __imp__FreeLibrary@4       10011024     kernel32:KERNEL32.dll
 0002:00000028       __imp__GetModuleFileNameW@12 10011028     kernel32:KERNEL32.dll
 0002:0000002c       __imp__GetModuleHandleW@4  1001102c     kernel32:KERNEL32.dll
 0002:00000030       __imp__GetProcAddress@8    10011030     kernel32:KERNEL32.dll
 0002:00000034       __imp__LoadLibraryExW@12   10011034     kernel32:KERNEL32.dll
 0002:00000038       __imp__LoadResource@8      10011038     kernel32:KERNEL32.dll
 0002:0000003c       __imp__DisableThreadLibraryCalls@4 1001103c     kernel32:KERNEL32.dll
 0002:00000040       __imp__FindResourceW@12    10011040     kernel32:KERNEL32.dll
 0002:00000044       __imp__lstrcmpiW@8         10011044     kernel32:KERNEL32.dll
 0002:00000048       __imp__MultiByteToWideChar@24 10011048     kernel32:KERNEL32.dll
 0002:0000004c       __imp__CloseHandle@4       1001104c     kernel32:KERNEL32.dll
 0002:00000050       __imp__WriteConsoleW@20    10011050     kernel32:KERNEL32.dll
 0002:00000054       __imp__SetFilePointerEx@20 10011054     kernel32:KERNEL32.dll
 0002:00000058       __imp__DeleteCriticalSection@4 10011058     kernel32:KERNEL32.dll
 0002:0000005c       __imp__InitializeCriticalSectionAndSpinCount@8 1001105c     kernel32:KERNEL32.dll
 0002:00000060       __imp__LeaveCriticalSection@4 10011060     kernel32:KERNEL32.dll
 0002:00000064       __imp__EnterCriticalSection@4 10011064     kernel32:KERNEL32.dll
 0002:00000068       __imp__GetLastError@0      10011068     kernel32:KERNEL32.dll
 0002:0000006c       __imp__RaiseException@16   1001106c     kernel32:KERNEL32.dll
 0002:00000070       __imp__DecodePointer@4     10011070     kernel32:KERNEL32.dll
 0002:00000074       __imp__SizeofResource@8    10011074     kernel32:KERNEL32.dll
 0002:00000078       __imp__EncodePointer@4     10011078     kernel32:KERNEL32.dll
 0002:0000007c       __imp__GetConsoleMode@8    1001107c     kernel32:KERNEL32.dll
 0002:00000080       __imp__GetConsoleCP@0      10011080     kernel32:KERNEL32.dll
 0002:00000084       __imp__FlushFileBuffers@4  10011084     kernel32:KERNEL32.dll
 0002:00000088       __imp__WriteFile@20        10011088     kernel32:KERNEL32.dll
 0002:0000008c       __imp__SetStdHandle@8      1001108c     kernel32:KERNEL32.dll
 0002:00000090       __imp__GetStringTypeW@16   10011090     kernel32:KERNEL32.dll
 0002:00000094       __imp__GetFileType@4       10011094     kernel32:KERNEL32.dll
 0002:00000098       __imp__GetStdHandle@4      10011098     kernel32:KERNEL32.dll
 0002:0000009c       __imp__GetProcessHeap@0    1001109c     kernel32:KERNEL32.dll
 0002:000000a0       __imp__IsDebuggerPresent@0 100110a0     kernel32:KERNEL32.dll
 0002:000000a4       __imp__OutputDebugStringW@4 100110a4     kernel32:KERNEL32.dll
 0002:000000a8       __imp__UnhandledExceptionFilter@4 100110a8     kernel32:KERNEL32.dll
 0002:000000ac       __imp__SetUnhandledExceptionFilter@4 100110ac     kernel32:KERNEL32.dll
 0002:000000b0       __imp__GetCurrentProcess@0 100110b0     kernel32:KERNEL32.dll
 0002:000000b4       __imp__TerminateProcess@8  100110b4     kernel32:KERNEL32.dll
 0002:000000b8       __imp__IsProcessorFeaturePresent@4 100110b8     kernel32:KERNEL32.dll
 0002:000000bc       __imp__GetStartupInfoW@4   100110bc     kernel32:KERNEL32.dll
 0002:000000c0       __imp__QueryPerformanceCounter@4 100110c0     kernel32:KERNEL32.dll
 0002:000000c4       __imp__GetCurrentProcessId@0 100110c4     kernel32:KERNEL32.dll
 0002:000000c8       __imp__GetCurrentThreadId@0 100110c8     kernel32:KERNEL32.dll
 0002:000000cc       __imp__GetSystemTimeAsFileTime@4 100110cc     kernel32:KERNEL32.dll
 0002:000000d0       __imp__InitializeSListHead@4 100110d0     kernel32:KERNEL32.dll
 0002:000000d4       __imp__RtlUnwind@16        100110d4     kernel32:KERNEL32.dll
 0002:000000d8       __imp__InterlockedFlushSList@4 100110d8     kernel32:KERNEL32.dll
 0002:000000dc       __imp__SetLastError@4      100110dc     kernel32:KERNEL32.dll
 0002:000000e0       __imp__TlsAlloc@0          100110e0     kernel32:KERNEL32.dll
 0002:000000e4       __imp__TlsGetValue@4       100110e4     kernel32:KERNEL32.dll
 0002:000000e8       __imp__TlsSetValue@8       100110e8     kernel32:KERNEL32.dll
 0002:000000ec       __imp__TlsFree@4           100110ec     kernel32:KERNEL32.dll
 0002:000000f0       __imp__ExitProcess@4       100110f0     kernel32:KERNEL32.dll
 0002:000000f4       __imp__GetModuleHandleExW@12 100110f4     kernel32:KERNEL32.dll
 0002:000000f8       __imp__GetModuleFileNameA@12 100110f8     kernel32:KERNEL32.dll
 0002:000000fc       __imp__WideCharToMultiByte@32 100110fc     kernel32:KERNEL32.dll
 0002:00000100       __imp__HeapFree@12         10011100     kernel32:KERNEL32.dll
 0002:00000104       __imp__HeapAlloc@12        10011104     kernel32:KERNEL32.dll
 0002:00000108       __imp__HeapSize@12         10011108     kernel32:KERNEL32.dll
 0002:0000010c       __imp__HeapReAlloc@16      1001110c     kernel32:KERNEL32.dll
 0002:00000110       __imp__FindClose@4         10011110     kernel32:KERNEL32.dll
 0002:00000114       __imp__FindFirstFileExA@24 10011114     kernel32:KERNEL32.dll
 0002:00000118       __imp__FindNextFileA@8     10011118     kernel32:KERNEL32.dll
 0002:0000011c       __imp__IsValidCodePage@4   1001111c     kernel32:KERNEL32.dll
 0002:00000120       __imp__GetACP@0            10011120     kernel32:KERNEL32.dll
 0002:00000124       __imp__GetOEMCP@0          10011124     kernel32:KERNEL32.dll
 0002:00000128       __imp__GetCPInfo@8         10011128     kernel32:KERNEL32.dll
 0002:0000012c       __imp__GetCommandLineA@0   1001112c     kernel32:KERNEL32.dll
 0002:00000130       __imp__GetCommandLineW@0   10011130     kernel32:KERNEL32.dll
 0002:00000134       __imp__GetEnvironmentStringsW@0 10011134     kernel32:KERNEL32.dll
 0002:00000138       __imp__FreeEnvironmentStringsW@4 10011138     kernel32:KERNEL32.dll
 0002:0000013c       __imp__LCMapStringW@24     1001113c     kernel32:KERNEL32.dll
 0002:00000140       __imp__CreateFileW@28      10011140     kernel32:KERNEL32.dll
 0002:00000144       \177KERNEL32_NULL_THUNK_DATA 10011144     kernel32:KERNEL32.dll
 0002:00000148       __imp__LoadTypeLib@8       10011148     oleaut32:OLEAUT32.dll
 0002:0000014c       __imp__UnRegisterTypeLib@20 1001114c     oleaut32:OLEAUT32.dll
 0002:00000150       __imp__SysStringLen@4      10011150     oleaut32:OLEAUT32.dll
 0002:00000154       __imp__SysFreeString@4     10011154     oleaut32:OLEAUT32.dll
 0002:00000158       __imp__SysAllocString@4    10011158     oleaut32:OLEAUT32.dll
 0002:0000015c       __imp__VarUI4FromStr@16    1001115c     oleaut32:OLEAUT32.dll
 0002:00000160       __imp__RegisterTypeLib@12  10011160     oleaut32:OLEAUT32.dll
 0002:00000164       \177OLEAUT32_NULL_THUNK_DATA 10011164     oleaut32:OLEAUT32.dll
 0002:00000168       __imp__CharNextW@4         10011168     user32:USER32.dll
 0002:0000016c       \177USER32_NULL_THUNK_DATA 1001116c     user32:USER32.dll
 0002:00000170       __imp__CoTaskMemRealloc@8  10011170     ole32:ole32.dll
 0002:00000174       __imp__CoCreateInstance@20 10011174     ole32:ole32.dll
 0002:00000178       __imp__StringFromGUID2@12  10011178     ole32:ole32.dll
 0002:0000017c       __imp__CoTaskMemAlloc@4    1001117c     ole32:ole32.dll
 0002:00000180       __imp__CoTaskMemFree@4     10011180     ole32:ole32.dll
 0002:00000184       \177ole32_NULL_THUNK_DATA  10011184     ole32:ole32.dll
 0002:00000188       ___guard_check_icall_fptr  10011188     LIBCMT:guard_support.obj
 0002:0000018c       ___xc_a                    1001118c     LIBCMT:initializers.obj
 0002:0000019c       ___xc_z                    1001119c     LIBCMT:initializers.obj
 0002:000001a0       ___xi_a                    100111a0     LIBCMT:initializers.obj
 0002:000001a4       ___acrt_multibyte_initializer 100111a4     libucrt:multibyte_initializer.obj
 0002:000001a8       ___acrt_stdio_initializer  100111a8     libucrt:stdio_initializer.obj
 0002:000001ac       ___acrt_tran_sse2_initializer 100111ac     libucrt:sse2_initializer.obj
 0002:000001b0       ___xi_z                    100111b0     LIBCMT:initializers.obj
 0002:000001b4       ___xp_a                    100111b4     LIBCMT:initializers.obj
 0002:000001b8       ___acrt_locale_terminator  100111b8     libucrt:locale_initializer.obj
 0002:000001bc       ___dcrt_console_output_terminator 100111bc     libucrt:console_output_initializer.obj
 0002:000001c0       ___acrt_stdio_terminator   100111c0     libucrt:stdio_initializer.obj
 0002:000001c4       ___xp_z                    100111c4     LIBCMT:initializers.obj
 0002:000001c8       ___xt_a                    100111c8     LIBCMT:initializers.obj
 0002:000001cc       ___xt_z                    100111cc     LIBCMT:initializers.obj
 0002:000001d0       ??_C@_1M@PPPPCDEP@?$AAA?$AAP?$AAP?$AAI?$AAD@ 100111d0     OposInterfaces.obj
 0002:000001dc       ??_C@_1M@KANJNLFF@?$AAC?$AAL?$AAS?$AAI?$AAD@ 100111dc     OposInterfaces.obj
 0002:000001e8       ??_C@_1M@EJNEECMJ@?$AAA?$AAp?$AAp?$AAI?$AAD@ 100111e8     OposInterfaces.obj
 0002:000001f4       ??_C@_11LOCGONAA@@         100111f4     OposInterfaces.obj
 0002:000001f8       ??_C@_13HADIAKP@?$AAS@     100111f8     OposInterfaces.obj
 0002:000001fc       ??_C@_13LHMFKAAD@?$AAM@    100111fc     OposInterfaces.obj
 0002:00000200       ??_C@_13MKMNOPIJ@?$AAD@    10011200     OposInterfaces.obj
 0002:00000204       ??_C@_13OPKGLAFF@?$AAB@    10011204     OposInterfaces.obj
 0002:00000208       ??_C@_17LLMMEOJD@?$AAV?$AAa?$AAl@ 10011208     OposInterfaces.obj
 0002:00000210       ??_C@_1BI@JFAIJMHL@?$AAF?$AAo?$AAr?$AAc?$AAe?$AAR?$AAe?$AAm?$AAo?$AAv?$AAe@ 10011210     OposInterfaces.obj
 0002:00000228       ??_C@_1BC@GCKHIPE@?$AAN?$AAo?$AAR?$AAe?$AAm?$AAo?$AAv?$AAe@ 10011228     OposInterfaces.obj
 0002:0000023c       ??_C@_1O@JDLOHAN@?$AAD?$AAe?$AAl?$AAe?$AAt?$AAe@ 1001123c     OposInterfaces.obj
 0002:0000024c       ?rgszNeverDelete@CRegParser@ATL@@1QBQB_WB 1001124c     OposInterfaces.obj
 0002:0000027c       ??_7CRegObject@ATL@@6B@    1001127c     OposInterfaces.obj
 0002:00000294       ??_C@_1CK@OEKPKBNA@?$AAC?$AAo?$AAm?$AAp?$AAo?$AAn?$AAe?$AAn?$AAt?$AA?5?$AAC?$AAa?$AAt?$AAe?$AAg@ 10011294     OposInterfaces.obj
 0002:000002c0       ??_C@_1BC@NKMMNMGL@?$AAF?$AAi?$AAl?$AAe?$AAT?$AAy?$AAp?$AAe@ 100112c0     OposInterfaces.obj
 0002:000002d4       ??_C@_1BE@EKPAFMCP@?$AAI?$AAn?$AAt?$AAe?$AAr?$AAf?$AAa?$AAc?$AAe@ 100112d4     OposInterfaces.obj
 0002:000002e8       ??_C@_1BC@MAICEHGI@?$AAH?$AAa?$AAr?$AAd?$AAw?$AAa?$AAr?$AAe@ 100112e8     OposInterfaces.obj
 0002:000002fc       ??_C@_19HLLLM@?$AAM?$AAi?$AAm?$AAe@ 100112fc     OposInterfaces.obj
 0002:00000308       ??_C@_17OMAOINJK@?$AAS?$AAA?$AAM@ 10011308     OposInterfaces.obj
 0002:00000310       ??_C@_1BC@IBECJAAI@?$AAS?$AAE?$AAC?$AAU?$AAR?$AAI?$AAT?$AAY@ 10011310     OposInterfaces.obj
 0002:00000324       ??_C@_1O@GBFINDKL@?$AAS?$AAY?$AAS?$AAT?$AAE?$AAM@ 10011324     OposInterfaces.obj
 0002:00000334       ??_C@_1BC@EAHCMADO@?$AAS?$AAo?$AAf?$AAt?$AAw?$AAa?$AAr?$AAe@ 10011334     OposInterfaces.obj
 0002:00000348       ??_C@_1BA@JIHHIEDE@?$AAT?$AAy?$AAp?$AAe?$AAL?$AAi?$AAb@ 10011348     OposInterfaces.obj
 0002:00000358       ?map@?1??HKeyFromString@CRegParser@ATL@@KAPAUHKEY__@@PA_W@Z@4QBUkeymap@?1??123@KAPAU4@0@Z@B 10011358     OposInterfaces.obj
 0002:000003c8       ??_C@_19NCHLBIN@?$AAH?$AAK?$AAC?$AAR@ 100113c8     OposInterfaces.obj
 0002:000003d4       ??_C@_19JAPAIJDE@?$AAH?$AAK?$AAC?$AAU@ 100113d4     OposInterfaces.obj
 0002:000003e0       ??_C@_19PEALEEJB@?$AAH?$AAK?$AAL?$AAM@ 100113e0     OposInterfaces.obj
 0002:000003ec       ??_C@_17PJOJPMPB@?$AAH?$AAK?$AAU@ 100113ec     OposInterfaces.obj
 0002:000003f4       ??_C@_19PNBHMJPL@?$AAH?$AAK?$AAP?$AAD@ 100113f4     OposInterfaces.obj
 0002:00000400       ??_C@_19GFFAIJHG@?$AAH?$AAK?$AAD?$AAD@ 10011400     OposInterfaces.obj
 0002:0000040c       ??_C@_19OFICIBHH@?$AAH?$AAK?$AAC?$AAC@ 1001140c     OposInterfaces.obj
 0002:00000418       ??_C@_1CE@PACHPJFI@?$AAH?$AAK?$AAE?$AAY?$AA_?$AAC?$AAL?$AAA?$AAS?$AAS?$AAE?$AAS?$AA_?$AAR?$AAO@ 10011418     OposInterfaces.obj
 0002:0000043c       ??_C@_1CE@HLHNCBPM@?$AAH?$AAK?$AAE?$AAY?$AA_?$AAC?$AAU?$AAR?$AAR?$AAE?$AAN?$AAT?$AA_?$AAU?$AAS@ 1001143c     OposInterfaces.obj
 0002:00000460       ??_C@_1CG@GFBEANJL@?$AAH?$AAK?$AAE?$AAY?$AA_?$AAL?$AAO?$AAC?$AAA?$AAL?$AA_?$AAM?$AAA?$AAC?$AAH@ 10011460     OposInterfaces.obj
 0002:00000488       ??_C@_1BG@BGODANIO@?$AAH?$AAK?$AAE?$AAY?$AA_?$AAU?$AAS?$AAE?$AAR?$AAS@ 10011488     OposInterfaces.obj
 0002:000004a0       ??_C@_1CM@KHNNAOIC@?$AAH?$AAK?$AAE?$AAY?$AA_?$AAP?$AAE?$AAR?$AAF?$AAO?$AAR?$AAM?$AAA?$AAN?$AAC@ 100114a0     OposInterfaces.obj
 0002:000004cc       ??_C@_1BM@HAGMMHIA@?$AAH?$AAK?$AAE?$AAY?$AA_?$AAD?$AAY?$AAN?$AA_?$AAD?$AAA?$AAT?$AAA@ 100114cc     OposInterfaces.obj
 0002:000004e8       ??_C@_1CI@BBJOACGG@?$AAH?$AAK?$AAE?$AAY?$AA_?$AAC?$AAU?$AAR?$AAR?$AAE?$AAN?$AAT?$AA_?$AAC?$AAO@ 100114e8     OposInterfaces.obj
 0002:00000510       ??_C@_1EA@NHKLICFA@?$AAH?$AAK?$AAC?$AAU?$AA?$AN?$AA?6?$AA?$HL?$AA?7?$AAS?$AAo?$AAf?$AAt?$AAw?$AAa?$AAr@ 10011510     OposInterfaces.obj
 0002:00000550       ??_C@_1BE@LJOLIMEM@?$AA?$AN?$AA?6?$AA?7?$AA?$HN?$AA?$AN?$AA?6?$AA?$HN?$AA?$AN?$AA?6@ 10011550     OposInterfaces.obj
 0002:00000564       ??_C@_1O@MNLDABAF@?$AAM?$AAo?$AAd?$AAu?$AAl?$AAe@ 10011564     OposInterfaces.obj
 0002:00000574       ??_C@_1BG@JBACFMF@?$AAM?$AAo?$AAd?$AAu?$AAl?$AAe?$AA_?$AAR?$AAa?$AAw@ 10011574     OposInterfaces.obj
 0002:0000058c       ??_C@_1BC@KAILKFFG@?$AAR?$AAE?$AAG?$AAI?$AAS?$AAT?$AAR?$AAY@ 1001158c     OposInterfaces.obj
 0002:000005a0       ??_C@_1BK@BIGILECK@?$AAA?$AAd?$AAv?$AAa?$AAp?$AAi?$AA3?$AA2?$AA?4?$AAd?$AAl?$AAl@ 100115a0     OposInterfaces.obj
 0002:000005bc       ??_C@_0BI@MNCFCPFK@RegCreateKeyTransactedW@ 100115bc     OposInterfaces.obj
 0002:000005d4       _LIBID_OPOSINTERNALSLib    100115d4     OposInterfaces.obj
 0002:000005e4       __GUID_00000146_0000_0000_c000_000000000046 100115e4     OposInterfaces.obj
 0002:000005f4       ??_7CComModule@ATL@@6B@    100115f4     OposInterfaces.obj
 0002:0000061c       __GUID_00000000_0000_0000_c000_000000000046 1001161c     OposInterfaces.obj
 0002:0000062c       ??_C@_0BG@EKFFMJIO@RegOpenKeyTransactedW@ 1001162c     OposInterfaces.obj
 0002:00000644       ??_C@_0BI@HAKLOOGP@RegDeleteKeyTransactedW@ 10011644     OposInterfaces.obj
 0002:0000065c       ??_C@_19ILOCMLCJ@?$AA?4?$AAt?$AAl?$AAb@ 1001165c     OposInterfaces.obj
 0002:00000668       __GUID_0002e012_0000_0000_c000_000000000046 10011668     OposInterfaces.obj
 0002:00000678       ??_C@_1O@FHBGLCIO@?$AAC?$AAL?$AAS?$AAI?$AAD?$AA?2@ 10011678     OposInterfaces.obj
 0002:00000688       ??_C@_1CK@IFBKBFAA@?$AA?2?$AAR?$AAe?$AAq?$AAu?$AAi?$AAr?$AAe?$AAd?$AA?5?$AAC?$AAa?$AAt?$AAe?$AAg@ 10011688     OposInterfaces.obj
 0002:000006b4       ??_C@_1DA@BIHALFED@?$AA?2?$AAI?$AAm?$AAp?$AAl?$AAe?$AAm?$AAe?$AAn?$AAt?$AAe?$AAd?$AA?5?$AAC?$AAa@ 100116b4     OposInterfaces.obj
 0002:000006e4       ??_C@_1BK@EDKOLFBJ@?$AAO?$AAL?$AAE?$AAA?$AAU?$AAT?$AA3?$AA2?$AA?4?$AAD?$AAL?$AAL@ 100116e4     OposInterfaces.obj
 0002:00000700       ??_C@_0BJ@CNLFOMHB@UnRegisterTypeLibForUser@ 10011700     OposInterfaces.obj
 0002:0000071c       ??_C@_0BH@LBOMMKPJ@RegisterTypeLibForUser@ 1001171c     OposInterfaces.obj
 0002:00000734       _GUID_NULL                 10011734     uuid:cguid_i.obj
 0002:00000744       _CLSID_StdGlobalInterfaceTable 10011744     uuid:cguid_i.obj
 0002:00000754       _CLSID_StdComponentCategoriesMgr 10011754     uuid:ieguids.obj
 0002:00000764       _GUID_ATLVer110            10011764     atls:atlbase.obj
 0002:00000778       ??_C@_1IC@ONKHOIDK@?$AAE?$AAR?$AAR?$AAO?$AAR?$AA?5?$AA?3?$AA?5?$AAU?$AAn?$AAa?$AAb?$AAl?$AAe?$AA?5@ 10011778     atls:atlbase.obj
 0002:000007fa       ?nothrow@std@@3Unothrow_t@1@B 100117fa     LIBCMT:std_nothrow.obj
 0002:00000804       __pDefaultRawDllMain       10011804     LIBCMT:dll_dllmain.obj
 0002:00000804       __pRawDllMain              10011804     LIBCMT:dll_dllmain.obj
 0002:0000080c       ??_7exception@std@@6B@     1001180c     LIBCMT:throw_bad_alloc.obj
 0002:00000814       ??_C@_0BC@EOODALEL@Unknown?5exception@ 10011814     LIBCMT:throw_bad_alloc.obj
 0002:0000082c       ??_7bad_alloc@std@@6B@     1001182c     LIBCMT:throw_bad_alloc.obj
 0002:00000834       ??_C@_0P@GHFPNOJB@bad?5allocation@ 10011834     LIBCMT:throw_bad_alloc.obj
 0002:00000848       ??_7bad_array_new_length@std@@6B@ 10011848     LIBCMT:throw_bad_alloc.obj
 0002:00000850       ??_C@_0BF@KINCDENJ@bad?5array?5new?5length@ 10011850     LIBCMT:throw_bad_alloc.obj
 0002:0000086c       ??_7type_info@@6B@         1001186c     LIBCMT:std_type_info_static.obj
 0002:0000089c       ??_C@_1DM@KHCHBNEB@?$AAa?$AAp?$AAi?$AA?9?$AAm?$AAs?$AA?9?$AAw?$AAi?$AAn?$AA?9?$AAc?$AAo?$AAr?$AAe@ 1001189c     libvcruntime:winapi_downlevel.obj
 0002:000008d8       ??_C@_1DK@LPPGFMPP@?$AAa?$AAp?$AAi?$AA?9?$AAm?$AAs?$AA?9?$AAw?$AAi?$AAn?$AA?9?$AAc?$AAo?$AAr?$AAe@ 100118d8     libvcruntime:winapi_downlevel.obj
 0002:00000914       ??_C@_1BC@GDMECMAK@?$AAk?$AAe?$AAr?$AAn?$AAe?$AAl?$AA3?$AA2@ 10011914     libvcruntime:winapi_downlevel.obj
 0002:00000928       ??_C@_1BA@PFFKHIOG@?$AAa?$AAp?$AAi?$AA?9?$AAm?$AAs?$AA?9@ 10011928     libvcruntime:winapi_downlevel.obj
 0002:00000938       ??_C@_1BA@IAIFMGEF@?$AAe?$AAx?$AAt?$AA?9?$AAm?$AAs?$AA?9@ 10011938     libvcruntime:winapi_downlevel.obj
 0002:00000950       ??_C@_08KNHFBNJ@FlsAlloc@  10011950     libvcruntime:winapi_downlevel.obj
 0002:00000964       ??_C@_07PEJMOBNF@FlsFree@  10011964     libvcruntime:winapi_downlevel.obj
 0002:00000974       ??_C@_0M@GDNOONDI@FlsGetValue@ 10011974     libvcruntime:winapi_downlevel.obj
 0002:00000988       ??_C@_0M@JCPCPOEF@FlsSetValue@ 10011988     libvcruntime:winapi_downlevel.obj
 0002:0000099c       ??_C@_0BM@HCFOFFN@InitializeCriticalSectionEx@ 1001199c     libvcruntime:winapi_downlevel.obj
 0002:000009bc       ??_7bad_exception@std@@6B@ 100119bc     libvcruntime:frame.obj
 0002:000009c4       ??_C@_0O@DPKOEFFH@bad?5exception@ 100119c4     libvcruntime:frame.obj
 0002:00000b74       ??_C@_08EHJDFFNH@__based?$CI@ 10011b74     libvcruntime:undname.obj
 0002:00000b80       ??_C@_07KOLFKCDI@__cdecl@  10011b80     libvcruntime:undname.obj
 0002:00000b88       ??_C@_08GHMPAG@__pascal@   10011b88     libvcruntime:undname.obj
 0002:00000b94       ??_C@_09IFJBGAPI@__stdcall@ 10011b94     libvcruntime:undname.obj
 0002:00000ba0       ??_C@_0L@NPHFGOKO@__thiscall@ 10011ba0     libvcruntime:undname.obj
 0002:00000bac       ??_C@_0L@JMKHOMEK@__fastcall@ 10011bac     libvcruntime:undname.obj
 0002:00000bb8       ??_C@_0N@BCKKPABJ@__vectorcall@ 10011bb8     libvcruntime:undname.obj
 0002:00000bc8       ??_C@_09HIJEGCPM@__clrcall@ 10011bc8     libvcruntime:undname.obj
 0002:00000bd4       ??_C@_06GHPCKEAG@__eabi@   10011bd4     libvcruntime:undname.obj
 0002:00000bdc       ??_C@_09IOPIDJLG@__swift_1@ 10011bdc     libvcruntime:undname.obj
 0002:00000be8       ??_C@_09KFNFGKHF@__swift_2@ 10011be8     libvcruntime:undname.obj
 0002:00000bf4       ??_C@_07JOMMBBKO@__ptr64@  10011bf4     libvcruntime:undname.obj
 0002:00000bfc       ??_C@_0L@PILCLIHE@__restrict@ 10011bfc     libvcruntime:undname.obj
 0002:00000c08       ??_C@_0M@GFIIJFMG@__unaligned@ 10011c08     libvcruntime:undname.obj
 0002:00000c14       ??_C@_09DHDLOLLB@restrict?$CI@ 10011c14     libvcruntime:undname.obj
 0002:00000c1e       ??_C@_00CNPNBAHC@@         10011c1e     libvcruntime:undname.obj
 0002:00000c20       ??_C@_04NIHEBCM@?5new@     10011c20     libvcruntime:undname.obj
 0002:00000c28       ??_C@_07FPCDHGMM@?5delete@ 10011c28     libvcruntime:undname.obj
 0002:00000c30       ??_C@_01NEMOKFLO@?$DN@     10011c30     libvcruntime:undname.obj
 0002:00000c34       ??_C@_02GPIOPFAK@?$DO?$DO@ 10011c34     libvcruntime:undname.obj
 0002:00000c38       ??_C@_02FODMEDOG@?$DM?$DM@ 10011c38     libvcruntime:undname.obj
 0002:00000c3c       ??_C@_01DCLJPIOD@?$CB@     10011c3c     libvcruntime:undname.obj
 0002:00000c40       ??_C@_02EGOFBIJA@?$DN?$DN@ 10011c40     libvcruntime:undname.obj
 0002:00000c44       ??_C@_02FDNJECIE@?$CB?$DN@ 10011c44     libvcruntime:undname.obj
 0002:00000c48       ??_C@_02GPECMEKF@?$FL?$FN@ 10011c48     libvcruntime:undname.obj
 0002:00000c4c       ??_C@_08LHJFAFGD@operator@ 10011c4c     libvcruntime:undname.obj
 0002:00000c58       ??_C@_02HBOOOICD@?9?$DO@   10011c58     libvcruntime:undname.obj
 0002:00000c5c       ??_C@_01NBENCBCI@?$CK@     10011c5c     libvcruntime:undname.obj
 0002:00000c60       ??_C@_02ECNGHCIF@?$CL?$CL@ 10011c60     libvcruntime:undname.obj
 0002:00000c64       ??_C@_02BAABKJLB@?9?9@     10011c64     libvcruntime:undname.obj
 0002:00000c68       ??_C@_01JOAMLHOP@?9@       10011c68     libvcruntime:undname.obj
 0002:00000c6c       ??_C@_01MIFGBAGJ@?$CL@     10011c6c     libvcruntime:undname.obj
 0002:00000c70       ??_C@_01HNPIGOCE@?$CG@     10011c70     libvcruntime:undname.obj
 0002:00000c74       ??_C@_03MNHNFDLC@?9?$DO?$CK@ 10011c74     libvcruntime:undname.obj
 0002:00000c78       ??_C@_01KMDKNFGN@?1@       10011c78     libvcruntime:undname.obj
 0002:00000c7c       ??_C@_01FGNFDNOH@?$CF@     10011c7c     libvcruntime:undname.obj
 0002:00000c80       ??_C@_01MNNFJEPP@?$DM@     10011c80     libvcruntime:undname.obj
 0002:00000c84       ??_C@_02EHCHHCKH@?$DM?$DN@ 10011c84     libvcruntime:undname.obj
 0002:00000c88       ??_C@_01PPODPGHN@?$DO@     10011c88     libvcruntime:undname.obj
 0002:00000c8c       ??_C@_02EEKDKGMJ@?$DO?$DN@ 10011c8c     libvcruntime:undname.obj
 0002:00000c90       ??_C@_01IHBHIGKO@?0@       10011c90     libvcruntime:undname.obj
 0002:00000c94       ??_C@_02HCKGKOFO@?$CI?$CJ@ 10011c94     libvcruntime:undname.obj
 0002:00000c98       ??_C@_01PJKLJHI@?$HO@      10011c98     libvcruntime:undname.obj
 0002:00000c9c       ??_C@_01JKBOJNNK@?$FO@     10011c9c     libvcruntime:undname.obj
 0002:00000ca0       ??_C@_01DNKMNLPK@?$HM@     10011ca0     libvcruntime:undname.obj
 0002:00000ca4       ??_C@_02PPKAJPJL@?$CG?$CG@ 10011ca4     libvcruntime:undname.obj
 0002:00000ca8       ??_C@_02NONPIBCD@?$HM?$HM@ 10011ca8     libvcruntime:undname.obj
 0002:00000cac       ??_C@_02FPIMKNGF@?$CK?$DN@ 10011cac     libvcruntime:undname.obj
 0002:00000cb0       ??_C@_02FOEOMHFC@?$CL?$DN@ 10011cb0     libvcruntime:undname.obj
 0002:00000cb4       ??_C@_02FKMDLLOA@?9?$DN@   10011cb4     libvcruntime:undname.obj
 0002:00000cb8       ??_C@_02FJEHGPIO@?1?$DN@   10011cb8     libvcruntime:undname.obj
 0002:00000cbc       ??_C@_02FENAOKFI@?$CF?$DN@ 10011cbc     libvcruntime:undname.obj
 0002:00000cc0       ??_C@_03IKFCCPFF@?$DO?$DO?$DN@ 10011cc0     libvcruntime:undname.obj
 0002:00000cc4       ??_C@_03CDNPDDLA@?$DM?$DM?$DN@ 10011cc4     libvcruntime:undname.obj
 0002:00000cc8       ??_C@_02FGJGFEAB@?$CG?$DN@ 10011cc8     libvcruntime:undname.obj
 0002:00000ccc       ??_C@_02DHLNPPGH@?$HM?$DN@ 10011ccc     libvcruntime:undname.obj
 0002:00000cd0       ??_C@_02MHEGNOJ@?$FO?$DN@  10011cd0     libvcruntime:undname.obj
 0002:00000cd4       ??_C@_09IFPLHPGF@?$GAvftable?8@ 10011cd4     libvcruntime:undname.obj
 0002:00000ce0       ??_C@_09BLBHBJP@?$GAvbtable?8@ 10011ce0     libvcruntime:undname.obj
 0002:00000cec       ??_C@_07FEEIOKP@?$GAvcall?8@ 10011cec     libvcruntime:undname.obj
 0002:00000cf4       ??_C@_08LLFFHHDJ@?$GAtypeof?8@ 10011cf4     libvcruntime:undname.obj
[...]
 0002:0000095c       ?candidate_modules@?1??try_get_FlsFree@@YAP6GHK@ZXZ@4QBW4module_id@?A0x03f7da57@@B 1001195c     libvcruntime:winapi_downlevel.obj
 0002:0000096c       ?candidate_modules@?1??try_get_FlsGetValue@@YAP6GPAXK@ZXZ@4QBW4module_id@?A0x03f7da57@@B 1001196c     libvcruntime:winapi_downlevel.obj
 0002:00000980       ?candidate_modules@?1??try_get_FlsSetValue@@YAP6GHKPAX@ZXZ@4QBW4module_id@?A0x03f7da57@@B 10011980     libvcruntime:winapi_downlevel.obj
 0002:00000994       ?candidate_modules@?1??try_get_InitializeCriticalSectionEx@@YAP6GHPAU_RTL_CRITICAL_SECTION@@KK@ZXZ@4QBW4module_id@?A0x03f7da57@@B 10011994     libvcruntime:winapi_downlevel.obj
 0002:000009d8       ?tokenTable@@3QBQBDB       100119d8     libvcruntime:undname.obj
 0002:00000a18       ?nameTable@@3QBQBDB        10011a18     libvcruntime:undname.obj
 0002:00000b60       ?rttiTable@@3QBQBDB        10011b60     libvcruntime:undname.obj
 0002:00001178       ?errtable@@3QBUerrentry@?A0x31fdb9ec@@B 10012178     libucrt:errno.obj
 0002:000013a0       ___acrt_initializers       100123a0     libucrt:initialization.obj
 0002:00001418       ?_mb_locale_names@@3QBQB_WB 10012418     libucrt:mbctype.obj
 0002:00001458       ?module_names@?A0x391cf84c@@3QBQB_WB 10012458     libucrt:winapi_thunks.obj
 0002:00001940       ?candidate_modules@?1??try_get_FlsAlloc@@YAP6GKP6GXPAX@Z@ZXZ@4QBW4module_id@?A0x391cf84c@@B 10012940     libucrt:winapi_thunks.obj
 0002:00001954       ?candidate_modules@?1??try_get_FlsFree@@YAP6GHK@ZXZ@4QBW4module_id@?A0x391cf84c@@B 10012954     libucrt:winapi_thunks.obj
 0002:00001964       ?candidate_modules@?1??try_get_FlsGetValue@@YAP6GPAXK@ZXZ@4QBW4module_id@?A0x391cf84c@@B 10012964     libucrt:winapi_thunks.obj
 0002:00001978       ?candidate_modules@?1??try_get_FlsSetValue@@YAP6GHKPAX@ZXZ@4QBW4module_id@?A0x391cf84c@@B 10012978     libucrt:winapi_thunks.obj
 0002:0000198c       ?candidate_modules@?1??try_get_InitializeCriticalSectionEx@@YAP6GHPAU_RTL_CRITICAL_SECTION@@KK@ZXZ@4QBW4module_id@?A0x391cf84c@@B 1001298c     libucrt:winapi_thunks.obj
 0002:000019b0       ?candidate_modules@?1??try_get_LCMapStringEx@@YAP6GHPB_WK0HPA_WHPAU_nlsversioninfo@@PAXJ@ZXZ@4QBW4module_id@?A0x391cf84c@@B 100129b0     libucrt:winapi_thunks.obj
 0002:000019c8       ?candidate_modules@?1??try_get_LocaleNameToLCID@@YAP6GKPB_WK@ZXZ@4QBW4module_id@?A0x391cf84c@@B 100129c8     libucrt:winapi_thunks.obj
 0002:000019e4       ?candidate_modules@?1??try_get_AppPolicyGetProcessTerminationMethod@@YAP6GJPAXPAW4AppPolicyProcessTerminationMethod@@@ZXZ@4QBW4module_id@?A0x391cf84c@@B 100129e4     libucrt:winapi_thunks.obj
 0002:000024d8       ?LcidToLocaleNameTable@?A0x881e4c05@@3QBULcidToLocaleName@1@B 100134d8     libucrt:lcidtoname_downlevel.obj
 0002:00003600       ?LocaleNameToIndexTable@?A0x881e4c05@@3QBULocaleNameIndex@1@B 10014600     libucrt:lcidtoname_downlevel.obj
 0002:00004550       LOG_name                   10015550     libucrt:log10.obj
 0002:00004560       _One                       10015560     libucrt:ceil_pentium4.obj
 0002:00004570       _Bns                       10015570     libucrt:ceil_pentium4.obj
 0002:00004580       _Zero                      10015580     libucrt:ceil_pentium4.obj
 0002:00004590       _S                         10015590     libucrt:ceil_pentium4.obj
 0002:000045a0       _NegZero                   100155a0     libucrt:ceil_pentium4.obj
 0002:000045b0       emask                      100155b0     libucrt:log10_pentium4.obj
 0002:000045c0       CC                         100155c0     libucrt:log10_pentium4.obj
 0002:000045d0       Magic                      100155d0     libucrt:log10_pentium4.obj
 0002:000045e0       hi_mask                    100155e0     libucrt:log10_pentium4.obj
 0002:000045f0       LOG10_2                    100155f0     libucrt:log10_pentium4.obj
 0002:00004600       place_L                    10015600     libucrt:log10_pentium4.obj
 0002:00004620       One                        10015620     libucrt:log10_pentium4.obj
 0002:00004630       Zero                       10015630     libucrt:log10_pentium4.obj
 0002:00004640       Two52                      10015640     libucrt:log10_pentium4.obj
 0002:00004650       Infs                       10015650     libucrt:log10_pentium4.obj
 0002:00004660       NaN                        10015660     libucrt:log10_pentium4.obj
 0002:00004670       coeff                      10015670     libucrt:log10_pentium4.obj
 0002:000046ce       _log2max                   100156ce     libucrt:87tran.obj
 0002:000046d8       _smallarg                  100156d8     libucrt:87tran.obj
 0002:000046e2       _half                      100156e2     libucrt:87tran.obj
 0002:0000472e       One                        1001572e     libucrt:87disp.obj
 0002:00004736       Three                      10015736     libucrt:87disp.obj
 0002:0000473e       XAMtoTagTab                1001573e     libucrt:87disp.obj
 0002:00004750       One                        10015750     libucrt:common.obj
 0002:00004764       DblMax                     10015764     libucrt:common.obj
 0002:0000476c       DblMin                     1001576c     libucrt:common.obj
 0002:00004774       IeeeAdjO                   10015774     libucrt:common.obj
 0002:0000477c       IeeeAdjU                   1001577c     libucrt:common.obj
 0002:00004784       _infinity                  10015784     libucrt:common.obj
 0002:0000478c       _zero                      1001578c     libucrt:common.obj
 0002:000047d8       _over                      100157d8     libucrt:fpctrl.obj
 0002:000047e4       _under                     100157e4     libucrt:fpctrl.obj
 0002:00005018       ?_names@?1??_get_fname@@9@9 10016018     libucrt:fpexcept.obj
 0002:000057d0       __sehtable$___scrt_is_nonwritable_in_current_image 100167d0     LIBCMT:utility.obj
 0002:000057f0       __sehtable$?dllmain_crt_process_attach@@YAHQAUHINSTANCE__@@QAX@Z 100167f0     LIBCMT:dll_dllmain.obj
 0002:00005810       __sehtable$?dllmain_crt_process_detach@@YAH_N@Z 10016810     LIBCMT:dll_dllmain.obj
 0002:00005830       __sehtable$?dllmain_dispatch@@YAHQAUHINSTANCE__@@KQAX@Z 10016830     LIBCMT:dll_dllmain.obj
 0002:0000584c       __catchsym$??2@YAPAXIABUnothrow_t@std@@@Z$2 1001684c     LIBCMT:new_scalar_nothrow.obj
 0002:0000585c       __unwindtable$??2@YAPAXIABUnothrow_t@std@@@Z 1001685c     LIBCMT:new_scalar_nothrow.obj
 0002:0000586c       __tryblocktable$??2@YAPAXIABUnothrow_t@std@@@Z 1001686c     LIBCMT:new_scalar_nothrow.obj
 0002:00005880       __ehfuncinfo$??2@YAPAXIABUnothrow_t@std@@@Z 10016880     LIBCMT:new_scalar_nothrow.obj
 0002:00005938       __sehtable$?FrameUnwindToState@__FrameHandler3@@SAXPAUEHRegistrationNode@@PAXPBU_s_FuncInfo@@H@Z 10016938     libvcruntime:frame.obj
 0002:00005960       __sehtable$?CallCatchBlock@@YAPAXPAUEHExceptionRecord@@PAUEHRegistrationNode@@PAU_CONTEXT@@PBU_s_FuncInfo@@PAXHK@Z 10016960     libvcruntime:frame.obj
 0002:00005988       __catchsym$?CallUnexpected@@YAXPBU_s_ESTypeList@@@Z$2 10016988     libvcruntime:frame.obj
 0002:00005998       __unwindtable$?CallUnexpected@@YAXPBU_s_ESTypeList@@@Z 10016998     libvcruntime:frame.obj
 0002:000059a8       __tryblocktable$?CallUnexpected@@YAXPBU_s_ESTypeList@@@Z 100169a8     libvcruntime:frame.obj
 0002:000059bc       __ehfuncinfo$?CallUnexpected@@YAXPBU_s_ESTypeList@@@Z 100169bc     libvcruntime:frame.obj
 0002:000059e0       __sehtable$??$BuildCatchObjectHelperInternal@$$CBU_s_HandlerType@@@@YAHPAUEHExceptionRecord@@PAXPBU_s_HandlerType@@PBU_s_CatchableType@@@Z 100169e0     libvcruntime:frame.obj
 0002:00005a00       __sehtable$??$BuildCatchObjectInternal@$$CBU_s_HandlerType@@@@YAXPAUEHExceptionRecord@@PAXPBU_s_HandlerType@@PBU_s_CatchableType@@@Z 10016a00     libvcruntime:frame.obj
 0002:00005a58       __sehtable$___DestructExceptionObject 10016a58     libvcruntime:ehhelpers.obj
 0002:00005a78       __sehtable$??R<lambda_6e4b09c48022b2350581041d5f6b0c4c>@@QBE@XZ 10016a78     libucrt:exit.obj
 0002:00005a98       __sehtable$??$?RV<lambda_03b1d95aef87969028cfba75ccab2455>@@AAV<lambda_6e4b09c48022b2350581041d5f6b0c4c>@@V<lambda_22bdf7517842c4b3e53723af5aa32b9e>@@@?$__crt_seh_guarded_call@X@@QAEX$$QAV<lambda_03b1d95aef87969028cfba75ccab2455>@@AAV<lambda_6e4b09c48022b2350581041d5f6b0c4c>@@$$QAV<lambda_22bdf7517842c4b3e53723af5aa32b9e>@@@Z 10016a98     libucrt:exit.obj
 0002:00005ab8       __sehtable$??$?RV<lambda_8e746cf0007f6ed984d6f78af1fec997>@@AAV<lambda_22ebabd17bc4fa466a2aca6d8deb888d>@@V<lambda_18ed0c0b38a6dc0daf1e7ac6d6adf05e>@@@?$__crt_seh_guarded_call@H@@QAEH$$QAV<lambda_8e746cf0007f6ed984d6f78af1fec997>@@AAV<lambda_22ebabd17bc4fa466a2aca6d8deb888d>@@$$QAV<lambda_18ed0c0b38a6dc0daf1e7ac6d6adf05e>@@@Z 10016ab8     libucrt:onexit.obj
 0002:00005ad8       __sehtable$??$?RV<lambda_69a2805e680e0e292e8ba93315fe43a8>@@AAV<lambda_f03950bc5685219e0bcd2087efbe011e>@@V<lambda_03fcd07e894ec930e3f35da366ca99d6>@@@?$__crt_seh_guarded_call@H@@QAEH$$QAV<lambda_69a2805e680e0e292e8ba93315fe43a8>@@AAV<lambda_f03950bc5685219e0bcd2087efbe011e>@@$$QAV<lambda_03fcd07e894ec930e3f35da366ca99d6>@@@Z 10016ad8     libucrt:onexit.obj
 0002:00005af8       __sehtable$_terminate      10016af8     libucrt:terminate.obj
 0002:00005b18       __sehtable$__query_new_handler 10016b18     libucrt:new_handler.obj
 0002:00005b38       __sehtable$??$?RV<lambda_15ade71b0218206bbe3333a0c9b79046>@@AAV<lambda_da44e0f8b0f19ba52fefafb335991732>@@V<lambda_207f2d024fc103971653565357d6cd41>@@@?$__crt_seh_guarded_call@X@@QAEX$$QAV<lambda_15ade71b0218206bbe3333a0c9b79046>@@AAV<lambda_da44e0f8b0f19ba52fefafb335991732>@@$$QAV<lambda_207f2d024fc103971653565357d6cd41>@@@Z 10016b38     libucrt:per_thread_data.obj
 0002:00005b58       __sehtable$??$?RV<lambda_a7e850c220f1c8d1e6efeecdedd162c6>@@AAV<lambda_46720907175c18b6c9d2717bc0d2d362>@@V<lambda_9048902d66e8d99359bc9897bbb930a8>@@@?$__crt_seh_guarded_call@X@@QAEX$$QAV<lambda_a7e850c220f1c8d1e6efeecdedd162c6>@@AAV<lambda_46720907175c18b6c9d2717bc0d2d362>@@$$QAV<lambda_9048902d66e8d99359bc9897bbb930a8>@@@Z 10016b58     libucrt:per_thread_data.obj
 0002:00005b78       __sehtable$??$?RV<lambda_38edbb1296d33220d7e4dd0ed76b244a>@@AAV<lambda_5ce1d447e08cb34b2473517608e21441>@@V<lambda_fb385d3da700c9147fc39e65dd577a8c>@@@?$__crt_seh_guarded_call@X@@QAEX$$QAV<lambda_38edbb1296d33220d7e4dd0ed76b244a>@@AAV<lambda_5ce1d447e08cb34b2473517608e21441>@@$$QAV<lambda_fb385d3da700c9147fc39e65dd577a8c>@@@Z 10016b78     libucrt:per_thread_data.obj
 0002:00005b98       __sehtable$??$?RV<lambda_6affb1475c98b40b75cdec977db92e3c>@@AAV<lambda_b8d4b9c228a6ecc3f80208dbb4b4a104>@@V<lambda_608742c3c92a14382c1684fc64f96c88>@@@?$__crt_seh_guarded_call@X@@QAEX$$QAV<lambda_6affb1475c98b40b75cdec977db92e3c>@@AAV<lambda_b8d4b9c228a6ecc3f80208dbb4b4a104>@@$$QAV<lambda_608742c3c92a14382c1684fc64f96c88>@@@Z 10016b98     libucrt:per_thread_data.obj
 0002:00005bb8       __sehtable$?update_thread_multibyte_data_internal@@YAPAU__crt_multibyte_data@@QAU__acrt_ptd@@QAU1@@Z 10016bb8     libucrt:mbctype.obj
 0002:00005bd8       __sehtable$??$?RV<lambda_ceb1ee4838e85a9d631eb091e2fbe199>@@AAV<lambda_ae742caa10f662c28703da3d2ea5e57e>@@V<lambda_cd08b5d6af4937fe54fc07d0c9bf6b37>@@@?$__crt_seh_guarded_call@X@@QAEX$$QAV<lambda_ceb1ee4838e85a9d631eb091e2fbe199>@@AAV<lambda_ae742caa10f662c28703da3d2ea5e57e>@@$$QAV<lambda_cd08b5d6af4937fe54fc07d0c9bf6b37>@@@Z 10016bd8     libucrt:mbctype.obj
 0002:00005bf8       __sehtable$___acrt_initialize_lowio 10016bf8     libucrt:ioinit.obj
 0002:00005c18       __sehtable$_raise          10016c18     libucrt:signal.obj
 0002:00005c38       __sehtable$??$?RV<lambda_cbab9ec6f41b0180b23cc171c22676b0>@@AAV<lambda_44731a7d0e6d81c3e6aa82d741081786>@@V<lambda_4b292cb8dd18144e164572427af410ab>@@@?$__crt_seh_guarded_call@P6AXH@Z@@QAEP6AXH@Z$$QAV<lambda_cbab9ec6f41b0180b23cc171c22676b0>@@AAV<lambda_44731a7d0e6d81c3e6aa82d741081786>@@$$QAV<lambda_4b292cb8dd18144e164572427af410ab>@@@Z 10016c38     libucrt:signal.obj
 0002:00005c58       __sehtable$??$?RV<lambda_e5124f882df8998aaf41531e079ba474>@@AAV<lambda_3e16ef9562a7dcce91392c22ab16ea36>@@V<lambda_e25ca0880e6ef98be67edffd8c599615>@@@?$__crt_seh_guarded_call@X@@QAEX$$QAV<lambda_e5124f882df8998aaf41531e079ba474>@@AAV<lambda_3e16ef9562a7dcce91392c22ab16ea36>@@$$QAV<lambda_e25ca0880e6ef98be67edffd8c599615>@@@Z 10016c58     libucrt:wsetlocale.obj
 0002:00005c78       __sehtable$___acrt_update_thread_locale_data 10016c78     libucrt:locale_refcounting.obj
 0002:00005c98       __sehtable$___acrt_lowio_ensure_fh_exists 10016c98     libucrt:osfinfo.obj
 0002:00005cb8       __sehtable$??$?RV<lambda_2866be3712abc81a800a822484c830d8>@@AAV<lambda_39ca0ed439415581b5b15c265174cece>@@V<lambda_2b24c74d71094a6cd0cb82e44167d71b>@@@?$__crt_seh_guarded_call@X@@QAEX$$QAV<lambda_2866be3712abc81a800a822484c830d8>@@AAV<lambda_39ca0ed439415581b5b15c265174cece>@@$$QAV<lambda_2b24c74d71094a6cd0cb82e44167d71b>@@@Z 10016cb8     libucrt:fflush.obj
 0002:00005cd8       __sehtable$??$?RV<lambda_2cc53f568c5a2bb6f192f930a45d44ea>@@AAV<lambda_ab61a845afdef5b7c387490eaf3616ee>@@V<lambda_c2ffc0b7726aa6be21d5f0026187e748>@@@?$__crt_seh_guarded_call@X@@QAEX$$QAV<lambda_2cc53f568c5a2bb6f192f930a45d44ea>@@AAV<lambda_ab61a845afdef5b7c387490eaf3616ee>@@$$QAV<lambda_c2ffc0b7726aa6be21d5f0026187e748>@@@Z 10016cd8     libucrt:fflush.obj
 0002:00005cf8       __sehtable$__fcloseall     10016cf8     libucrt:closeall.obj
 0002:00005d18       __sehtable$??$?RV<lambda_9e9de3de5fa147e2223d7db92bc10aa6>@@AAV<lambda_38ce7e780aa69e748d6df282ebc68efe>@@V<lambda_8ca6da459f0f6780f1cff60fdc3d00e5>@@@?$__crt_seh_guarded_call@H@@QAEH$$QAV<lambda_9e9de3de5fa147e2223d7db92bc10aa6>@@AAV<lambda_38ce7e780aa69e748d6df282ebc68efe>@@$$QAV<lambda_8ca6da459f0f6780f1cff60fdc3d00e5>@@@Z 10016d18     libucrt:commit.obj
 0002:00005d38       __sehtable$__write         10016d38     libucrt:write.obj
 0002:00005d58       __sehtable$_fclose         10016d58     libucrt:fclose.obj
 0002:00005d78       __sehtable$??$?RV<lambda_218ce3db14220d0be481dae8ef3383b6>@@AAV<lambda_628dfdc04ba53c8bfc02c9951375f3f5>@@V<lambda_57dc472bd5c9d5f3b2cbca59b8a843ae>@@@?$__crt_seh_guarded_call@H@@QAEH$$QAV<lambda_218ce3db14220d0be481dae8ef3383b6>@@AAV<lambda_628dfdc04ba53c8bfc02c9951375f3f5>@@$$QAV<lambda_57dc472bd5c9d5f3b2cbca59b8a843ae>@@@Z 10016d78     libucrt:close.obj
 0002:00005d98       __sehtable$__IsNonwritableInCurrentImage 10016d98     LIBCMT:pesect.obj
 0002:00005dc0       .edata                     10016dc0     Opos_Interfaces.exp
 0002:00005de8       rgpv                       10016de8     Opos_Interfaces.exp
 0002:00005df8       rgszName                   10016df8     Opos_Interfaces.exp
 0002:00005e08       rgwOrd                     10016e08     Opos_Interfaces.exp
 0002:00005e10       szName                     10016e10     Opos_Interfaces.exp
 0002:00005e24       $N00001                    10016e24     Opos_Interfaces.exp
 0002:00005e34       $N00002                    10016e34     Opos_Interfaces.exp
 0002:00005e46       $N00003                    10016e46     Opos_Interfaces.exp
 0002:00005e58       $N00004                    10016e58     Opos_Interfaces.exp
 0002:000061ea       .idata$6                   100171ea     kernel32:KERNEL32.dll
 0002:00006204       .idata$6                   10017204     user32:USER32.dll
 0002:00006298       .idata$6                   10017298     advapi32:ADVAPI32.dll
 0002:00006302       .idata$6                   10017302     ole32:ole32.dll
 0002:0000630c       .idata$6                   1001730c     oleaut32:OLEAUT32.dll
 0003:00000040       ?__vcrt_flsindex@@3KA      10018040     libvcruntime:per_thread_data.obj
 0003:00000060       ?errno_no_memory@@3HA      10018060     libucrt:errno.obj
 0003:00000064       ?doserrno_no_memory@@3KA   10018064     libucrt:errno.obj
 0003:00000070       ?__acrt_flsindex@@3KA      10018070     libucrt:per_thread_data.obj
 0003:00000078       __mbctypes                 10018078     libucrt:mbctype.obj
 0003:00000180       __mbcasemaps               10018180     libucrt:mbctype.obj
 0003:00000280       ?__rgctypeflag@@3PADA      10018280     libucrt:mbctype.obj
 0003:00000288       ?__rgcode_page_info@@3PAUcode_page_info@@A 10018288     libucrt:mbctype.obj
 0003:00000880       ?ObjectMap@@3PAU_ATL_OBJMAP_ENTRY30@ATL@@A 10018880     OposInterfaces.obj
 0003:000008e8       ?is_initialized_as_dll@@3_NA 100188e8     LIBCMT:utility.obj
 0003:000008e9       ?module_local_atexit_table_initialized@@3_NA 100188e9     LIBCMT:utility.obj
 0003:000008ec       ?module_local_atexit_table@@3U_onexit_table_t@@A 100188ec     LIBCMT:utility.obj
 0003:000008f8       ?module_local_at_quick_exit_table@@3U_onexit_table_t@@A 100188f8     LIBCMT:utility.obj
 0003:00000908       _GS_ExceptionRecord        10018908     LIBCMT:gs_report.obj
 0003:00000958       _GS_ContextRecord          10018958     LIBCMT:gs_report.obj
 0003:00000c24       ?__proc_attached@@3HA      10018c24     LIBCMT:dll_dllmain.obj
 0003:00000c50       ?__vcrt_startup_thread_ptd@@3U__vcrt_ptd@@A 10018c50     libvcruntime:per_thread_data.obj
 0003:00000c78       ___vcrt_lock_table         10018c78     libvcruntime:locks.obj
 0003:00000c90       ___vcrt_locks_initialized  10018c90     libvcruntime:locks.obj
 0003:00000c94       ?module_handles@@3PAPAUHINSTANCE__@@A 10018c94     libvcruntime:winapi_downlevel.obj
 0003:00000ca0       ?encoded_function_pointers@@3PAPAXA 10018ca0     libvcruntime:winapi_downlevel.obj
 0003:00000ce0       ?heap@@3V_HeapManager@@A   10018ce0     libvcruntime:undname.obj
 0003:00000cf8       ?__acrt_invalid_parameter_handler@@3V?$dual_state_global@P6AXPB_W00II@Z@__crt_state_management@@A 10018cf8     libucrt:invalid_parameter.obj
 0003:00000cfc       ?c_termination_complete@@3JA 10018cfc     libucrt:exit.obj
 0003:00000d00       ?thread_local_exit_callback_func@@3P6GXPAXK0@ZA 10018d00     libucrt:exit.obj
 0003:00000d08       ?program_name@?1???$common_configure_argv@D@@YAHW4_crt_argv_mode@@@Z@4PADA 10018d08     libucrt:argv_parsing.obj
 0003:00000e38       ?__acrt_new_handler@@3V?$dual_state_global@P6AHI@Z@__crt_state_management@@A 10018e38     libucrt:new_handler.obj
 0003:00000e40       ?__acrt_lock_table@@3PAU_RTL_CRITICAL_SECTION@@A 10018e40     libucrt:locks.obj
 0003:00000f90       ?__acrt_locks_initialized@@3IA 10018f90     libucrt:locks.obj
 0003:00000fa0       ?fSystemSet@@3HA           10018fa0     libucrt:mbctype.obj
 0003:00000fa4       ?initialized@?1??__acrt_initialize_multibyte@@9@4_NA 10018fa4     libucrt:mbctype.obj
 0003:00000fc0       ?module_handles@@3PAPAUHINSTANCE__@@A 10018fc0     libucrt:winapi_thunks.obj
 0003:00001010       ?encoded_function_pointers@@3PAPAXA 10019010     libucrt:winapi_thunks.obj
 0003:000012a4       ?ctrlc_action@@3V?$dual_state_global@P6AXH@Z@__crt_state_management@@A 100192a4     libucrt:signal.obj
 0003:000012a8       ?ctrlbreak_action@@3V?$dual_state_global@P6AXH@Z@__crt_state_management@@A 100192a8     libucrt:signal.obj
 0003:000012ac       ?abort_action@@3V?$dual_state_global@P6AXH@Z@__crt_state_management@@A 100192ac     libucrt:signal.obj
 0003:000012b0       ?term_action@@3V?$dual_state_global@P6AXH@Z@__crt_state_management@@A 100192b0     libucrt:signal.obj
 0003:000012b4       ?user_matherr@@3V?$dual_state_global@P6AHPAU_exception@@@Z@__crt_state_management@@A 100192b4     libucrt:matherr.obj
 0003:000012d0       ?__acrt_global_new_mode@@3V?$dual_state_global@J@__crt_state_management@@A 100192d0     libucrt:new_mode.obj
 0003:000012dc       ?__acrt_app_type@@3W4_crt_app_type@@A 100192dc     libucrt:report_runtime_error.obj
 0003:000012e4       __pmatherr_set             100192e4     libucrt:libm_error.obj
 0004:00000140       $R000000                   1001a140     OposInterfaces.res
 0004:00000a20       $R0008E0                   1001aa20     OposInterfaces.res
 0004:00012aa8       $R012968                   1002caa8     OposInterfaces.res
 0004:00012ae8       $R0129A8                   1002cae8     OposInterfaces.res
