 Opos_Internals

 Timestamp is 5c4b1d9f (Fri Jan 25 23:30:55 2019)

 Preferred load address is 0000000180000000

 Start         Length     Name                   Class
 0001:00000000 00000190H .text$di                CODE
 0001:00000190 00010740H .text$mn                CODE
 0001:000108d0 00000020H .text$mn$00             CODE
 0001:000108f0 000003e0H .text$x                 CODE
 0001:00010cd0 000000b8H .text$yd                CODE
 0002:00000000 00000330H .idata$5                DATA
 0002:00000330 00000010H .00cfg                  DATA
 0002:00000340 00000008H .CRT$XCA                DATA
 0002:00000348 00000008H .CRT$XCL                DATA
 0002:00000350 00000010H .CRT$XCU                DATA
 0002:00000360 00000008H .CRT$XCZ                DATA
 0002:00000368 00000008H .CRT$XIA                DATA
 0002:00000370 00000018H .CRT$XIC                DATA
 0002:00000388 00000008H .CRT$XIZ                DATA
 0002:00000390 00000008H .CRT$XPA                DATA
 0002:00000398 00000010H .CRT$XPX                DATA
 0002:000003a8 00000008H .CRT$XPXA               DATA
 0002:000003b0 00000008H .CRT$XPZ                DATA
 0002:000003b8 00000008H .CRT$XTA                DATA
 0002:000003c0 00000010H .CRT$XTZ                DATA
 0002:000003c8 00000000H .gfids$y                DATA
 0002:000003d0 00007a30H .rdata                  DATA
 0002:00007e00 00000274H .rdata$r                DATA
 0002:00008074 0000038cH .rdata$zzzdbg           DATA
 0002:00008400 00000008H .rtc$IAA                DATA
 0002:00008408 00000008H .rtc$IZZ                DATA
 0002:00008410 00000008H .rtc$TAA                DATA
 0002:00008418 00000008H .rtc$TZZ                DATA
 0002:00008420 00001248H .xdata                  DATA
 0002:00009668 00000150H .xdata$x                DATA
 0002:000097b8 00000008H ATL$__a                 DATA
 0002:000097c0 00000010H ATL$__z                 DATA
 0002:000097d0 000000acH .edata                  DATA
 0002:0000987c 00000064H .idata$2                DATA
 0002:000098e0 00000018H .idata$3                DATA
 0002:000098f8 00000330H .idata$4                DATA
 0002:00009c28 000006beH .idata$6                DATA
 0003:00000000 000008e0H .data                   DATA
 0003:000008e0 000000d0H .data$r                 DATA
 0003:000009b0 00001354H .bss                    DATA
 0004:00000000 000013bcH .pdata                  DATA
 0005:00000000 00000140H .rsrc$01                DATA
 0005:00000140 00012d00H .rsrc$02                DATA

  Address         Publics by Value              Rva+Base               Lib:Object

 0000:00000000       __hybrid_code_map          0000000000000000     <absolute>
 0000:00000000       __hybrid_code_map_count    0000000000000000     <absolute>
 0000:00000000       __guard_fids_count         0000000000000000     <absolute>
 0000:00000000       __volatile_metadata        0000000000000000     <absolute>
 0000:00000000       __guard_longjmp_count      0000000000000000     <absolute>
 0000:00000000       __guard_longjmp_table      0000000000000000     <absolute>
 0000:00000000       __guard_iat_count          0000000000000000     <absolute>
 0000:00000000       __guard_iat_table          0000000000000000     <absolute>
 0000:00000000       ___safe_se_handler_count   0000000000000000     <absolute>
 0000:00000000       __enclave_config           0000000000000000     <absolute>
 0000:00000000       ___safe_se_handler_table   0000000000000000     <absolute>
 0000:00000000       __guard_fids_table         0000000000000000     <absolute>
 0000:00000000       __hybrid_auxiliary_iat     0000000000000000     <absolute>
 0000:00000000       __dynamic_value_reloc_table 0000000000000000     <absolute>
 0000:00000100       __guard_flags              0000000000000100     <absolute>
 0000:00000000       __ImageBase                0000000180000000     <linker-defined>
 0001:00000190       ?QueryInterface@CRegObject@ATL@@UEAAJAEBU_GUID@@PEAPEAX@Z 0000000180001190 f i OposInternals.obj
 0001:000001a0       _get_startup_argv_mode     00000001800011a0 f i LIBCMT:argv_mode.obj
 0001:000001a0       ?AddRef@CRegObject@ATL@@UEAAKXZ 00000001800011a0 f i OposInternals.obj
 0001:000001b0       ?Release@CRegObject@ATL@@UEAAKXZ 00000001800011b0 f i OposInternals.obj
 0001:000001c0       ?AddReplacement@CRegObject@ATL@@UEAAJPEB_W0@Z 00000001800011c0 f i OposInternals.obj
 0001:00000200       ?ClearReplacements@CRegObject@ATL@@UEAAJXZ 0000000180001200 f i OposInternals.obj
 0001:00000210       ??_GCRegObject@ATL@@UEAAPEAXI@Z 0000000180001210 f i OposInternals.obj
 0001:00000210       ??_ECRegObject@ATL@@UEAAPEAXI@Z 0000000180001210 f i OposInternals.obj
 0001:000002a0       ?Lock@CAtlModule@ATL@@UEAAJXZ 00000001800012a0 f i OposInternals.obj
 0001:000002b0       ?Unlock@CAtlModule@ATL@@UEAAJXZ 00000001800012b0 f i OposInternals.obj
 0001:000002c0       ?GetLockCount@CAtlModule@ATL@@UEAAJXZ 00000001800012c0 f i OposInternals.obj
 0001:000002d0       ?GetGITPtr@CAtlModule@ATL@@UEAAJPEAPEAUIGlobalInterfaceTable@@@Z 00000001800012d0 f i OposInternals.obj
 0001:00000350       ?AddCommonRGSReplacements@?$CAtlModuleT@VCComModule@ATL@@@ATL@@UEAAJPEAUIRegistrarBase@@@Z 0000000180001350 f i OposInternals.obj
 0001:00000370       ?UpdateRegistryFromResourceD@CComModule@ATL@@UEAAJPEB_WHPEAU_ATL_REGMAP_ENTRY@2@@Z 0000000180001370 f i OposInternals.obj
 0001:00000370       ?UpdateRegistryFromResourceD@CComModule@ATL@@UEAAJIHPEAU_ATL_REGMAP_ENTRY@2@@Z 0000000180001370 f i OposInternals.obj
 0001:00000380       ?UpdateRegistryFromResource@CComModule@ATL@@UEAAJPEB_WHPEAU_ATL_REGMAP_ENTRY@2@@Z 0000000180001380 f i OposInternals.obj
 0001:00000390       ?UpdateRegistryFromResource@CComModule@ATL@@UEAAJIHPEAU_ATL_REGMAP_ENTRY@2@@Z 0000000180001390 f i OposInternals.obj
 0001:000003a0       ??_GCComModule@ATL@@UEAAPEAXI@Z 00000001800013a0 f i OposInternals.obj
 0001:000003a0       ??_ECComModule@ATL@@UEAAPEAXI@Z 00000001800013a0 f i OposInternals.obj
 0001:000003e0       ?Add@CExpansionVector@ATL@@QEAAHPEB_W0@Z 00000001800013e0 f i OposInternals.obj
 0001:00000580       ?AddValue@CRegParser@ATL@@IEAAJAEAVCRegKey@2@PEB_WPEA_W@Z 0000000180001580 f i OposInternals.obj
 0001:00000ac0       ?AllocateHeap@?$CTempBuffer@_W$0BAA@VCCRTAllocator@ATL@@@ATL@@AEAAX_K@Z 0000000180001ac0 f i OposInternals.obj
 0001:00000ac0       ?AllocateHeap@?$CTempBuffer@_W$0EAA@VCCRTAllocator@ATL@@@ATL@@AEAAX_K@Z 0000000180001ac0 f i OposInternals.obj
 0001:00000ac0       ?AllocateHeap@?$CTempBuffer@E$0BAA@VCCRTAllocator@ATL@@@ATL@@AEAAX_K@Z 0000000180001ac0 f i OposInternals.obj
 0001:00000af0       ?Append@CParseBuffer@CRegParser@ATL@@QEAAHPEB_WH@Z 0000000180001af0 f i OposInternals.obj
 0001:00000be0       ?AtlHresultFromLastError@ATL@@YAJXZ 0000000180001be0 f i OposInternals.obj
 0001:00000c00       ?AtlHresultFromWin32@ATL@@YAJK@Z 0000000180001c00 f i OposInternals.obj
 0001:00000c10       ?AtlLoadTypeLib@ATL@@YAJPEAUHINSTANCE__@@PEB_WPEAPEA_WPEAPEAUITypeLib@@@Z 0000000180001c10 f i OposInternals.obj
 0001:00000e50       ?AtlRegisterClassCategoriesHelper@ATL@@YAJAEBU_GUID@@PEBU_ATL_CATMAP_ENTRY@1@H@Z 0000000180001e50 f i OposInternals.obj
 0001:000012c0       ?AtlRegisterTypeLib@ATL@@YAJPEAUHINSTANCE__@@PEB_W@Z 00000001800022c0 f i OposInternals.obj
 0001:000014d0       ?AtlThrowImpl@ATL@@YAXJ@Z  00000001800024d0 f i OposInternals.obj
 0001:00001500       ?AtlUnRegisterTypeLib@ATL@@YAJPEAUHINSTANCE__@@PEB_W@Z 0000000180002500 f i OposInternals.obj
 0001:000015d0       ?ClearReplacements@CExpansionVector@ATL@@QEAAJXZ 00000001800025d0 f i OposInternals.obj
 0001:00001680       ?Create@CRegKey@ATL@@QEAAJPEAUHKEY__@@PEB_WPEA_WKKPEAU_SECURITY_ATTRIBUTES@@PEAK@Z 0000000180002680 f i OposInternals.obj
 0001:00001800       ?DeleteSubKey@CRegKey@ATL@@QEAAJPEB_W@Z 0000000180002800 f i OposInternals.obj
 0001:000018b0       ?EndOfVar@CRegParser@ATL@@IEAAHXZ 00000001800028b0 f i OposInternals.obj
 0001:000018f0       ?FreeHeap@?$CTempBuffer@_W$0EAA@VCCRTAllocator@ATL@@@ATL@@AEAAXXZ 00000001800028f0 f i OposInternals.obj
 0001:000018f0       ?FreeHeap@?$CTempBuffer@E$0BAA@VCCRTAllocator@ATL@@@ATL@@AEAAXXZ 00000001800028f0 f i OposInternals.obj
 0001:000018f0       ?FreeHeap@?$CTempBuffer@_W$0BAA@VCCRTAllocator@ATL@@@ATL@@AEAAXXZ 00000001800028f0 f i OposInternals.obj
 0001:00001900       ?GetClassObject@CComModule@ATL@@QEAAJAEBU_GUID@@0PEAPEAX@Z 0000000180002900 f i OposInternals.obj
 0001:00001b20       ?HasSubKeys@CRegParser@ATL@@IEAAHPEAUHKEY__@@@Z 0000000180002b20 f i OposInternals.obj
 0001:00001b90       ?NextToken@CRegParser@ATL@@IEAAJPEA_W@Z 0000000180002b90 f i OposInternals.obj
 0001:00001d70       ?Open@CRegKey@ATL@@QEAAJPEAUHKEY__@@PEB_WK@Z 0000000180002d70 f i OposInternals.obj
 0001:00001e60       ?PreProcessBuffer@CRegParser@ATL@@QEAAJPEA_WPEAPEA_W@Z 0000000180002e60 f i OposInternals.obj
 0001:000022a0       ?RecurseDeleteKey@CRegKey@ATL@@QEAAJPEB_W@Z 00000001800032a0 f i OposInternals.obj
 0001:000023f0       ?RegisterBuffer@CRegParser@ATL@@QEAAJPEA_WH@Z 00000001800033f0 f i OposInternals.obj
 0001:000028d0       ?RegisterFromResource@CRegObject@ATL@@IEAAJPEB_W00H@Z 00000001800038d0 f i OposInternals.obj
 0001:00002a90       ?RegisterServer@CComModule@ATL@@QEAAJHPEBU_GUID@@@Z 0000000180003a90 f i OposInternals.obj
 0001:00002cf0       ?RegisterSubkeys@CRegParser@ATL@@IEAAJPEA_WPEAUHKEY__@@HH@Z 0000000180003cf0 f i OposInternals.obj
 0001:000039a0       ?SkipAssignment@CRegParser@ATL@@IEAAJPEA_W@Z 00000001800049a0 f i OposInternals.obj
 0001:00003a50       ?StrChrW@CRegParser@ATL@@KAPEA_WPEA_W_W@Z 0000000180004a50 f i OposInternals.obj
 0001:00003ac0       ?Term@CAtlModule@ATL@@QEAAXXZ 0000000180004ac0 f i OposInternals.obj
 0001:00003b70       ?Term@CComModule@ATL@@QEAAXXZ 0000000180004b70 f i OposInternals.obj
 0001:00003c90       ?UpdateRegistryFromResource@CAtlModule@ATL@@QEAAJIHPEAU_ATL_REGMAP_ENTRY@2@@Z 0000000180004c90 f i OposInternals.obj
 0001:00004020       ?UpdateRegistryFromResource@CAtlModule@ATL@@QEAAJPEB_WHPEAU_ATL_REGMAP_ENTRY@2@@Z 0000000180005020 f i OposInternals.obj
 0001:000043d0       ?_AtlInitializeCriticalSectionEx@ATL@@YAHPEAU_RTL_CRITICAL_SECTION@@KK@Z 00000001800053d0 f i OposInternals.obj
 0001:000043e0       ?_AtlRaiseException@ATL@@YAXKK@Z 00000001800053e0 f i OposInternals.obj
 0001:000043f0       ?memcpy_s@Checked@ATL@@YAXPEAX_KPEBX1@Z 00000001800053f0 f i OposInternals.obj
 0001:00004440       ?wcscpy_s@Checked@ATL@@YAXPEA_W_KPEB_W@Z 0000000180005440 f i OposInternals.obj
 0001:00004490       DllCanUnloadNow            0000000180005490 f   OposInternals.obj
 0001:000044a0       DllGetClassObject          00000001800054a0 f   OposInternals.obj
 0001:000044c0       DllMain                    00000001800054c0 f   OposInternals.obj
 0001:00004580       DllRegisterServer          0000000180005580 f   OposInternals.obj
 0001:000045a0       DllUnregisterServer        00000001800055a0 f   OposInternals.obj
 0001:00004718       ??0CAtlBaseModule@ATL@@QEAA@XZ 0000000180005718 f   atls:atlbase.obj
 0001:000047c0       ??1CAtlBaseModule@ATL@@QEAA@XZ 00000001800057c0 f   atls:atlbase.obj
 0001:000047f4       ??_V@YAXPEAX@Z             00000001800057f4 f   LIBCMT:delete_array.obj
 0001:000047f4       ??3@YAXPEAX_K@Z            00000001800057f4 f   LIBCMT:delete_scalar_size.obj
 0001:000047fc       __scrt_acquire_startup_lock 00000001800057fc f   LIBCMT:utility.obj
 0001:00004838       __scrt_dllmain_after_initialize_c 0000000180005838 f   LIBCMT:utility.obj
 0001:0000486c       __scrt_dllmain_before_initialize_c 000000018000586c f   LIBCMT:utility.obj
 0001:00004884       __scrt_dllmain_crt_thread_attach 0000000180005884 f   LIBCMT:utility.obj
 0001:000048ac       __scrt_dllmain_crt_thread_detach 00000001800058ac f   LIBCMT:utility.obj
 0001:000048c4       __scrt_dllmain_exception_filter 00000001800058c4 f   LIBCMT:utility.obj
 0001:00004924       __scrt_dllmain_uninitialize_c 0000000180005924 f   LIBCMT:utility.obj
 0001:00004954       __scrt_dllmain_uninitialize_critical 0000000180005954 f   LIBCMT:utility.obj
 0001:00004968       __scrt_initialize_crt      0000000180005968 f   LIBCMT:utility.obj
 0001:000049b4       __scrt_initialize_onexit_tables 00000001800059b4 f   LIBCMT:utility.obj
 0001:00004a8c       __scrt_is_nonwritable_in_current_image 0000000180005a8c f   LIBCMT:utility.obj
 0001:00004b28       __scrt_release_startup_lock 0000000180005b28 f   LIBCMT:utility.obj
 0001:00004b4c       __scrt_uninitialize_crt    0000000180005b4c f   LIBCMT:utility.obj
 0001:00004b78       _onexit                    0000000180005b78 f   LIBCMT:utility.obj
 0001:00004bc8       atexit                     0000000180005bc8 f   LIBCMT:utility.obj
 0001:00004be0       __raise_securityfailure    0000000180005be0 f   LIBCMT:gs_report.obj
 0001:00004c14       __report_gsfailure         0000000180005c14 f   LIBCMT:gs_report.obj
 0001:00004ce8       __report_rangecheckfailure 0000000180005ce8 f   LIBCMT:gs_report.obj
 0001:00004cfc       __report_securityfailure   0000000180005cfc f   LIBCMT:gs_report.obj
 0001:00004e7c       ??_U@YAPEAX_KAEBUnothrow_t@std@@@Z 0000000180005e7c f   LIBCMT:new_array_nothrow.obj
 0001:00004e84       __GSHandlerCheck           0000000180005e84 f   LIBCMT:gshandler.obj
 0001:00004ea4       __GSHandlerCheckCommon     0000000180005ea4 f   LIBCMT:gshandler.obj
 0001:00004f10       __chkstk                   0000000180005f10 f   LIBCMT:chkstk.obj
 0001:00004f10       _alloca_probe              0000000180005f10 f   LIBCMT:chkstk.obj
 0001:00004f80       __security_check_cookie    0000000180005f80 f   LIBCMT:amdsecgs.obj
 0001:00004fa4       ??3@YAXPEAX@Z              0000000180005fa4 f   LIBCMT:delete_scalar.obj
 0001:000052dc       _DllMainCRTStartup         00000001800062dc f   LIBCMT:dll_dllmain.obj
 0001:0000531c       _guard_check_icall_nop     000000018000631c f i LIBCMT:guard_support.obj
 0001:00005320       __isa_available_init       0000000180006320 f   LIBCMT:cpu_disp.obj
 0001:000054dc       __scrt_is_ucrt_dll_in_use  00000001800064dc f   LIBCMT:ucrt_detection.obj
 0001:000054e8       __crt_debugger_hook        00000001800064e8 f   LIBCMT:utility_desktop.obj
 0001:000054f0       __scrt_fastfail            00000001800064f0 f   LIBCMT:utility_desktop.obj
 0001:0000563c       ??2@YAPEAX_KAEBUnothrow_t@std@@@Z 000000018000663c f   LIBCMT:new_scalar_nothrow.obj
 0001:0000565c       __security_init_cookie     000000018000665c f   LIBCMT:gs_support.obj
 0001:00005708       ?__scrt_initialize_type_info@@YAXXZ 0000000180006708 f   LIBCMT:tncleanup.obj
 0001:00005718       ?__scrt_uninitialize_type_info@@YAXXZ 0000000180006718 f   LIBCMT:tncleanup.obj
 0001:00005724       __local_stdio_printf_options 0000000180006724 f i LIBCMT:default_local_stdio_options.obj
 0001:0000572c       __local_stdio_scanf_options 000000018000672c f i LIBCMT:default_local_stdio_options.obj
 0001:00005734       __scrt_initialize_default_local_stdio_options 0000000180006734 f   LIBCMT:default_local_stdio_options.obj
 0001:00005750       __scrt_get_dyn_tls_init_callback 0000000180006750 f   LIBCMT:dyn_tls_init.obj
 0001:00005758       _RTC_Initialize            0000000180006758 f   LIBCMT:initsect.obj
 0001:00005794       _RTC_Terminate             0000000180006794 f   LIBCMT:initsect.obj
 0001:000057d0       ??2@YAPEAX_K@Z             00000001800067d0 f   LIBCMT:new_scalar.obj
 0001:0000580c       ??0bad_alloc@std@@QEAA@AEBV01@@Z 000000018000680c f i LIBCMT:throw_bad_alloc.obj
 0001:0000584c       ??0bad_alloc@std@@QEAA@XZ  000000018000684c f i LIBCMT:throw_bad_alloc.obj
 0001:0000586c       ??0bad_array_new_length@std@@QEAA@AEBV01@@Z 000000018000686c f i LIBCMT:throw_bad_alloc.obj
 0001:000058ac       ??0bad_array_new_length@std@@QEAA@XZ 00000001800068ac f i LIBCMT:throw_bad_alloc.obj
 0001:000058cc       ??0exception@std@@QEAA@AEBV01@@Z 00000001800068cc f i LIBCMT:throw_bad_alloc.obj
 0001:00005904       ??1bad_array_new_length@std@@UEAA@XZ 0000000180006904 f i LIBCMT:throw_bad_alloc.obj
 0001:00005904       ??1bad_exception@std@@UEAA@XZ 0000000180006904 f i libvcruntime:frame.obj
 0001:00005904       ??1bad_alloc@std@@UEAA@XZ  0000000180006904 f i LIBCMT:throw_bad_alloc.obj
 0001:00005918       ??_Gbad_array_new_length@std@@UEAAPEAXI@Z 0000000180006918 f i LIBCMT:throw_bad_alloc.obj
 0001:00005918       ??_Ebad_exception@std@@UEAAPEAXI@Z 0000000180006918 f i libvcruntime:frame.obj
 0001:00005918       ??_Eexception@std@@UEAAPEAXI@Z 0000000180006918 f i LIBCMT:throw_bad_alloc.obj
 0001:00005918       ??_Ebad_alloc@std@@UEAAPEAXI@Z 0000000180006918 f i LIBCMT:throw_bad_alloc.obj
 0001:00005918       ??_Gbad_exception@std@@UEAAPEAXI@Z 0000000180006918 f i libvcruntime:frame.obj
 0001:00005918       ??_Gbad_alloc@std@@UEAAPEAXI@Z 0000000180006918 f i LIBCMT:throw_bad_alloc.obj
 0001:00005918       ??_Gexception@std@@UEAAPEAXI@Z 0000000180006918 f i LIBCMT:throw_bad_alloc.obj
 0001:00005918       ??_Ebad_array_new_length@std@@UEAAPEAXI@Z 0000000180006918 f i LIBCMT:throw_bad_alloc.obj
 0001:0000595c       ?__scrt_throw_std_bad_alloc@@YAXXZ 000000018000695c f   LIBCMT:throw_bad_alloc.obj
 0001:0000597c       ?__scrt_throw_std_bad_array_new_length@@YAXXZ 000000018000697c f   LIBCMT:throw_bad_alloc.obj
 0001:0000599c       ?what@exception@std@@UEBAPEBDXZ 000000018000699c f i LIBCMT:throw_bad_alloc.obj
 0001:000059b0       ??_Gtype_info@@UEAAPEAXI@Z 00000001800069b0 f i LIBCMT:std_type_info_static.obj
 0001:000059b0       ??_Etype_info@@UEAAPEAXI@Z 00000001800069b0 f i LIBCMT:std_type_info_static.obj
 0001:000059dc       wcsstr                     00000001800069dc f   libvcruntime:wcsstr.obj
 0001:00005c10       memcpy_repmovs             0000000180006c10 f   libvcruntime:memcpy.obj
 0001:00005c30       memcpy                     0000000180006c30 f   libvcruntime:memcpy.obj
 0001:00005c30       memmove                    0000000180006c30 f   libvcruntime:memcpy.obj
 0001:00006080       memset_repmovs             0000000180007080 f   libvcruntime:memset.obj
 0001:000060a0       memset                     00000001800070a0 f   libvcruntime:memset.obj
 0001:00006230       __vcrt_initialize          0000000180007230 f   libvcruntime:initialization.obj
 0001:00006264       __vcrt_thread_attach       0000000180007264 f   libvcruntime:initialization.obj
 0001:00006278       __vcrt_thread_detach       0000000180007278 f   libvcruntime:initialization.obj
 0001:0000628c       __vcrt_uninitialize        000000018000728c f   libvcruntime:initialization.obj
 0001:000062ac       __vcrt_uninitialize_critical 00000001800072ac f   libvcruntime:initialization.obj
 0001:000062bc       __C_specific_handler       00000001800072bc f   libvcruntime:riscchandler.obj
 0001:000064c8       ??$_CallSETranslator@V__FrameHandler3@@@@YAHPEAUEHExceptionRecord@@PEA_KPEAU_CONTEXT@@PEAU_xDISPATCHER_CONTEXT@@PEBU_s_FuncInfo@@K1@Z 00000001800074c8 f i libvcruntime:risctrnsctrl.obj
 0001:0000651c       ?CatchTryBlock@__FrameHandler3@@SAPEBU_s_TryBlockMapEntry@@PEBU_s_FuncInfo@@H@Z 000000018000751c f   libvcruntime:risctrnsctrl.obj
 0001:00006574       ?ExecutionInCatch@__FrameHandler3@@SA_NPEAU_xDISPATCHER_CONTEXT@@PEBU_s_FuncInfo@@@Z 0000000180007574 f   libvcruntime:risctrnsctrl.obj
 0001:000065a0       ?FrameUnwindToEmptyState@__FrameHandler3@@SAXPEA_KPEAU_xDISPATCHER_CONTEXT@@PEBU_s_FuncInfo@@@Z 00000001800075a0 f   libvcruntime:risctrnsctrl.obj
 0001:00006604       ?GetEstablisherFrame@__FrameHandler3@@SAPEA_KPEA_KPEAU_xDISPATCHER_CONTEXT@@PEBU_s_FuncInfo@@0@Z 0000000180007604 f   libvcruntime:risctrnsctrl.obj
 0001:000066d0       ?GetRangeOfTrysToCheck@__FrameHandler3@@SA?AU?$pair@Viterator@TryBlockMap@__FrameHandler3@@V123@@std@@AEAVTryBlockMap@1@HH@Z 00000001800076d0 f   libvcruntime:risctrnsctrl.obj
 0001:0000682c       ?UnwindNestedFrames@__FrameHandler3@@SAXPEA_KPEAUEHExceptionRecord@@PEAU_CONTEXT@@0PEAXPEBU_s_FuncInfo@@HHPEBU_s_HandlerType@@PEAU_xDISPATCHER_CONTEXT@@E@Z 000000018000782c f   libvcruntime:risctrnsctrl.obj
 0001:00006950       _CreateFrameInfo           0000000180007950 f   libvcruntime:risctrnsctrl.obj
 0001:0000698c       _FindAndUnlinkFrame        000000018000798c f   libvcruntime:risctrnsctrl.obj
 0001:000069e0       _GetImageBase              00000001800079e0 f   libvcruntime:risctrnsctrl.obj
 0001:000069f4       _GetThrowImageBase         00000001800079f4 f   libvcruntime:risctrnsctrl.obj
 0001:00006a08       _SetImageBase              0000000180007a08 f   libvcruntime:risctrnsctrl.obj
 0001:00006a20       _SetThrowImageBase         0000000180007a20 f   libvcruntime:risctrnsctrl.obj
 0001:00006a38       __CxxFrameHandler3         0000000180007a38 f   libvcruntime:risctrnsctrl.obj
 0001:00006ab8       __std_type_info_compare    0000000180007ab8 f   libvcruntime:std_type_info.obj
 0001:00006ae0       __std_type_info_destroy_list 0000000180007ae0 f   libvcruntime:std_type_info.obj
 0001:00006b0c       __std_exception_copy       0000000180007b0c f   libvcruntime:std_exception.obj
 0001:00006b9c       __std_exception_destroy    0000000180007b9c f   libvcruntime:std_exception.obj
 0001:00006bc4       _CxxThrowException         0000000180007bc4 f   libvcruntime:throw.obj
 0001:00006c84       __vcrt_freefls             0000000180007c84 f   libvcruntime:per_thread_data.obj
 0001:00006ca4       __vcrt_freeptd             0000000180007ca4 f   libvcruntime:per_thread_data.obj
 0001:00006cf4       __vcrt_getptd              0000000180007cf4 f   libvcruntime:per_thread_data.obj
 0001:00006d10       __vcrt_getptd_noexit       0000000180007d10 f   libvcruntime:per_thread_data.obj
 0001:00006ddc       __vcrt_initialize_ptd      0000000180007ddc f   libvcruntime:per_thread_data.obj
 0001:00006e30       __vcrt_uninitialize_ptd    0000000180007e30 f   libvcruntime:per_thread_data.obj
 0001:00006e54       __vcrt_initialize_locks    0000000180007e54 f   libvcruntime:locks.obj
 0001:00006e9c       __vcrt_uninitialize_locks  0000000180007e9c f   libvcruntime:locks.obj
 0001:000070ac       __vcrt_FlsAlloc            00000001800080ac f   libvcruntime:winapi_downlevel.obj
 0001:000070f4       __vcrt_FlsFree             00000001800080f4 f   libvcruntime:winapi_downlevel.obj
 0001:0000713c       __vcrt_FlsGetValue         000000018000813c f   libvcruntime:winapi_downlevel.obj
 0001:00007184       __vcrt_FlsSetValue         0000000180008184 f   libvcruntime:winapi_downlevel.obj
 0001:000071d8       __vcrt_InitializeCriticalSectionEx 00000001800081d8 f   libvcruntime:winapi_downlevel.obj
 0001:0000723c       __vcrt_initialize_winapi_thunks 000000018000823c f   libvcruntime:winapi_downlevel.obj
 0001:0000726c       __vcrt_uninitialize_winapi_thunks 000000018000826c f   libvcruntime:winapi_downlevel.obj
 0001:000072ac       __vcrt_initialize_pure_virtual_call_handler 00000001800082ac f   libvcruntime:purevirt_data.obj
 0001:000072d0       _NLG_Notify                00000001800082d0 f   libvcruntime:notify.obj
 0001:000072f0       __NLG_Dispatch2            00000001800082f0 f   libvcruntime:notify.obj
 0001:00007300       __NLG_Return2              0000000180008300 f   libvcruntime:notify.obj
 0001:00007304       __except_validate_context_record 0000000180008304 f   libvcruntime:jbcxrval.obj
 0001:0000733c       __DestructExceptionObject  000000018000833c f   libvcruntime:ehhelpers.obj
 0001:000073b0       ?_CallMemberFunction0@@YAXQEAX0@Z 00000001800083b0 f i libvcruntime:ehhelpers.obj
 0001:000073b4       _IsExceptionObjectToBeDestroyed 00000001800083b4 f   libvcruntime:ehhelpers.obj
 0001:000073e4       __AdjustPointer            00000001800083e4 f   libvcruntime:ehhelpers.obj
 0001:00007408       __FrameUnwindFilter        0000000180008408 f   libvcruntime:ehhelpers.obj
 0001:00007454       ?GetCurrentState@__FrameHandler3@@SAHPEA_KPEAU_xDISPATCHER_CONTEXT@@PEBU_s_FuncInfo@@@Z 0000000180008454 f   libvcruntime:ehstate.obj
 0001:0000747c       ?GetUnwindTryBlock@__FrameHandler3@@SAHPEA_KPEAU_xDISPATCHER_CONTEXT@@PEBU_s_FuncInfo@@@Z 000000018000847c f   libvcruntime:ehstate.obj
 0001:000074a8       ?SetState@__FrameHandler3@@SAXPEA_KPEBU_s_FuncInfo@@H@Z 00000001800084a8 f   libvcruntime:ehstate.obj
 0001:000074b4       ?SetUnwindTryBlock@__FrameHandler3@@SAXPEA_KPEAU_xDISPATCHER_CONTEXT@@PEBU_s_FuncInfo@@H@Z 00000001800084b4 f   libvcruntime:ehstate.obj
 0001:000074f0       ?StateFromControlPc@__FrameHandler3@@SAHPEBU_s_FuncInfo@@PEAU_xDISPATCHER_CONTEXT@@@Z 00000001800084f0 f   libvcruntime:ehstate.obj
 0001:000074f8       ?StateFromIp@__FrameHandler3@@SAHPEBU_s_FuncInfo@@PEAU_xDISPATCHER_CONTEXT@@_K@Z 00000001800084f8 f   libvcruntime:ehstate.obj
 0001:00007f84       ??$TypeMatchHelper@V__FrameHandler3@@@@YAHPEBU_s_HandlerType@@PEBU_s_CatchableType@@PEBU_s_ThrowInfo@@@Z 0000000180008f84 f i libvcruntime:frame.obj
 0001:000080c8       ??$__InternalCxxFrameHandler@V__FrameHandler3@@@@YA?AW4_EXCEPTION_DISPOSITION@@PEAUEHExceptionRecord@@PEA_KPEAU_CONTEXT@@PEAU_xDISPATCHER_CONTEXT@@PEBU_s_FuncInfo@@H1E@Z 00000001800090c8 f i libvcruntime:frame.obj
 0001:00008310       ??0bad_exception@std@@QEAA@AEBV01@@Z 0000000180009310 f i libvcruntime:frame.obj
 0001:00008350       ??0bad_exception@std@@QEAA@XZ 0000000180009350 f i libvcruntime:frame.obj
 0001:00008370       ?CxxCallCatchBlock@__FrameHandler3@@SAPEAXPEAU_EXCEPTION_RECORD@@@Z 0000000180009370 f   libvcruntime:frame.obj
 0001:000085e4       ?FrameUnwindToState@__FrameHandler3@@SAXPEA_KPEAU_xDISPATCHER_CONTEXT@@PEBU_s_FuncInfo@@H@Z 00000001800095e4 f   libvcruntime:frame.obj
 0001:00008778       ?GetHandlerSearchState@__FrameHandler3@@SAHPEA_KPEAU_xDISPATCHER_CONTEXT@@PEBU_s_FuncInfo@@@Z 0000000180009778 f i libvcruntime:frame.obj
 0001:0000897c       ?_CallMemberFunction1@@YAXQEAX00@Z 000000018000997c f i libvcruntime:frame.obj
 0001:00008988       ?_CallMemberFunction2@@YAXQEAX00H@Z 0000000180009988 f i libvcruntime:frame.obj
 0001:000089b0       _CallSettingFrame          00000001800099b0 f   libvcruntime:handlers.obj
 0001:00008a00       _CallSettingFrameEncoded   0000000180009a00 f   libvcruntime:handlers.obj
 0001:00008a48       __acrt_call_reportfault    0000000180009a48 f   libucrt:invalid_parameter.obj
 0001:00008ba4       __acrt_initialize_invalid_parameter_handler 0000000180009ba4 f   libucrt:invalid_parameter.obj
 0001:00008bac       _invalid_parameter         0000000180009bac f   libucrt:invalid_parameter.obj
 0001:00008c5c       _invalid_parameter_noinfo  0000000180009c5c f   libucrt:invalid_parameter.obj
 0001:00008c7c       _invoke_watson             0000000180009c7c f   libucrt:invalid_parameter.obj
 0001:00008cc4       __acrt_errno_from_os_error 0000000180009cc4 f   libucrt:errno.obj
 0001:00008d0c       __acrt_errno_map_os_error  0000000180009d0c f   libucrt:errno.obj
 0001:00008d5c       __doserrno                 0000000180009d5c f   libucrt:errno.obj
 0001:00008d7c       _errno                     0000000180009d7c f   libucrt:errno.obj
 0001:00008d9c       free                       0000000180009d9c f   libucrt:free.obj
 0001:00008db0       malloc                     0000000180009db0 f   libucrt:malloc.obj
 0001:00008db8       _recalloc                  0000000180009db8 f   libucrt:recalloc.obj
 0001:00008dc0       _recalloc_base             0000000180009dc0 f   libucrt:recalloc.obj
 0001:00008e58       wcscat_s                   0000000180009e58 f   libucrt:wcscat_s.obj
 0001:00008ed8       wcscpy_s                   0000000180009ed8 f   libucrt:wcscpy_s.obj
 0001:00008f40       wcsncpy_s                  0000000180009f40 f   libucrt:wcsncpy_s.obj
 0001:00009024       _seh_filter_dll            000000018000a024 f   libucrt:exception_filter.obj
 0001:00009038       _seh_filter_exe            000000018000a038 f   libucrt:exception_filter.obj
 0001:000091c4       ??$?RV<lambda_d80eeec6fff315bfe5c115232f3240e3>@@AEAV<lambda_6e4b09c48022b2350581041d5f6b0c4c>@@V<lambda_2358e3775559c9db80273638284d5e45>@@@?$__crt_seh_guarded_call@X@@QEAAX$$QEAV<lambda_d80eeec6fff315bfe5c115232f3240e3>@@AEAV<lambda_6e4b09c48022b2350581041d5f6b0c4c>@@$$QEAV<lambda_2358e3775559c9db80273638284d5e45>@@@Z 000000018000a1c4 f i libucrt:exit.obj
 0001:00009444       __acrt_initialize_thread_local_exit_callback 000000018000a444 f   libucrt:exit.obj
 0001:0000944c       _cexit                     000000018000a44c f   libucrt:exit.obj
 0001:0000945c       _exit                      000000018000a45c f   libucrt:exit.obj
 0001:00009468       _is_c_termination_complete 000000018000a468 f   libucrt:exit.obj
 0001:0000962c       __acrt_allocate_buffer_for_argv 000000018000a62c f   libucrt:argv_parsing.obj
 0001:00009690       _configure_narrow_argv     000000018000a690 f   libucrt:argv_parsing.obj
 0001:000099fc       __dcrt_uninitialize_environments_nolock 000000018000a9fc f   libucrt:environment_initialization.obj
 0001:00009a34       _initialize_narrow_environment 000000018000aa34 f   libucrt:environment_initialization.obj
 0001:00009a3c       ??$?RV<lambda_638799b9deba96c50f710eeac98168cd>@@AEAV<lambda_22ebabd17bc4fa466a2aca6d8deb888d>@@V<lambda_a6f7d7db0129f75315ebf26d50c089f1>@@@?$__crt_seh_guarded_call@H@@QEAAH$$QEAV<lambda_638799b9deba96c50f710eeac98168cd>@@AEAV<lambda_22ebabd17bc4fa466a2aca6d8deb888d>@@$$QEAV<lambda_a6f7d7db0129f75315ebf26d50c089f1>@@@Z 000000018000aa3c f i libucrt:onexit.obj
 0001:00009a78       ??$?RV<lambda_7777bce6b2f8c936911f934f8298dc43>@@AEAV<lambda_f03950bc5685219e0bcd2087efbe011e>@@V<lambda_3883c3dff614d5e0c5f61bb1ac94921c>@@@?$__crt_seh_guarded_call@H@@QEAAH$$QEAV<lambda_7777bce6b2f8c936911f934f8298dc43>@@AEAV<lambda_f03950bc5685219e0bcd2087efbe011e>@@$$QEAV<lambda_3883c3dff614d5e0c5f61bb1ac94921c>@@@Z 000000018000aa78 f i libucrt:onexit.obj
 0001:00009ddc       _crt_atexit                000000018000addc f   libucrt:onexit.obj
 0001:00009dec       _execute_onexit_table      000000018000adec f   libucrt:onexit.obj
 0001:00009e28       _initialize_onexit_table   000000018000ae28 f   libucrt:onexit.obj
 0001:00009e68       _register_onexit_function  000000018000ae68 f   libucrt:onexit.obj
 0001:00009ee8       __acrt_uninitialize_command_line 000000018000aee8 f   libucrt:argv_data.obj
 0001:00009fc4       ??$uninitialize@V<lambda_af42a3ee9806e9a7305d451646e05244>@@@?$dual_state_global@PEAU__crt_multibyte_data@@@__crt_state_management@@QEAAX$$QEAV<lambda_af42a3ee9806e9a7305d451646e05244>@@@Z 000000018000afc4 f i libucrt:initialization.obj
 0001:0000a044       __acrt_initialize          000000018000b044 f   libucrt:initialization.obj
 0001:0000a058       __acrt_thread_attach       000000018000b058 f   libucrt:initialization.obj
 0001:0000a06c       __acrt_thread_detach       000000018000b06c f   libucrt:initialization.obj
 0001:0000a07c       __acrt_uninitialize        000000018000b07c f   libucrt:initialization.obj
 0001:0000a090       __acrt_uninitialize_critical 000000018000b090 f   libucrt:initialization.obj
 0001:0000a0a0       _initterm                  000000018000b0a0 f   libucrt:initterm.obj
 0001:0000a104       _initterm_e                000000018000b104 f   libucrt:initterm.obj
 0001:0000a144       terminate                  000000018000b144 f   libucrt:terminate.obj
 0001:0000a164       __acrt_initialize_new_handler 000000018000b164 f   libucrt:new_handler.obj
 0001:0000a16c       _callnewh                  000000018000b16c f   libucrt:new_handler.obj
 0001:0000a19c       _query_new_handler         000000018000b19c f   libucrt:new_handler.obj
 0001:0000a1d0       strcpy_s                   000000018000b1d0 f   libucrt:strcpy_s.obj
 0001:0000a230       abort                      000000018000b230 f   libucrt:abort.obj
 0001:0000a288       calloc                     000000018000b288 f   libucrt:calloc.obj
 0001:0000a290       wcsncmp                    000000018000b290 f   libucrt:wcsncmp.obj
 0001:0000a2bc       ??0_LocaleUpdate@@QEAA@QEAU__crt_locale_pointers@@@Z 000000018000b2bc f i libucrt:output.obj
 0001:0000a360       strncmp                    000000018000b360 f   libucrt:strncmp.obj
 0001:0000a3e0       ??$?RV<lambda_0ae27a3a962d80f24befdcbee591983d>@@AEAV<lambda_8d0ee55de4b1038c4002e0adecdf1839>@@V<lambda_dc504788e8f1664fe9b84e20bfb512f2>@@@?$__crt_seh_guarded_call@X@@QEAAX$$QEAV<lambda_0ae27a3a962d80f24befdcbee591983d>@@AEAV<lambda_8d0ee55de4b1038c4002e0adecdf1839>@@$$QEAV<lambda_dc504788e8f1664fe9b84e20bfb512f2>@@@Z 000000018000b3e0 f i libucrt:per_thread_data.obj
 0001:0000a420       ??$?RV<lambda_2d41944a1d46af3157314b8a01080d33>@@AEAV<lambda_8f455de75cd7d7f24b4096f044d8b9e6>@@V<lambda_aa500f224e6afead328df44964fe2772>@@@?$__crt_seh_guarded_call@X@@QEAAX$$QEAV<lambda_2d41944a1d46af3157314b8a01080d33>@@AEAV<lambda_8f455de75cd7d7f24b4096f044d8b9e6>@@$$QEAV<lambda_aa500f224e6afead328df44964fe2772>@@@Z 000000018000b420 f i libucrt:per_thread_data.obj
 0001:0000a460       ??$?RV<lambda_aa87e3671a710a21b5dc78c0bdf72e11>@@AEAV<lambda_92619d2358a28f41a33ba319515a20b9>@@V<lambda_6992ecaafeb10aed2b74cb1fae11a551>@@@?$__crt_seh_guarded_call@X@@QEAAX$$QEAV<lambda_aa87e3671a710a21b5dc78c0bdf72e11>@@AEAV<lambda_92619d2358a28f41a33ba319515a20b9>@@$$QEAV<lambda_6992ecaafeb10aed2b74cb1fae11a551>@@@Z 000000018000b460 f i libucrt:per_thread_data.obj
 0001:0000a4a8       ??$?RV<lambda_f2e299630e499de9f9a165e60fcd3db5>@@AEAV<lambda_2ae9d31cdba2644fcbeaf08da7c24588>@@V<lambda_40d01ff24d0e7b3814fdbdcee8eab3c7>@@@?$__crt_seh_guarded_call@X@@QEAAX$$QEAV<lambda_f2e299630e499de9f9a165e60fcd3db5>@@AEAV<lambda_2ae9d31cdba2644fcbeaf08da7c24588>@@$$QEAV<lambda_40d01ff24d0e7b3814fdbdcee8eab3c7>@@@Z 000000018000b4a8 f i libucrt:per_thread_data.obj
 0001:0000a758       __acrt_freeptd             000000018000b758 f   libucrt:per_thread_data.obj
 0001:0000a79c       __acrt_getptd              000000018000b79c f   libucrt:per_thread_data.obj
 0001:0000a868       __acrt_getptd_head         000000018000b868 f   libucrt:per_thread_data.obj
 0001:0000a910       __acrt_getptd_noexit       000000018000b910 f   libucrt:per_thread_data.obj
 0001:0000a9e0       __acrt_initialize_ptd      000000018000b9e0 f   libucrt:per_thread_data.obj
 0001:0000aa1c       __acrt_uninitialize_ptd    000000018000ba1c f   libucrt:per_thread_data.obj
 0001:0000aa40       _free_base                 000000018000ba40 f   libucrt:free_base.obj
 0001:0000aa80       _malloc_base               000000018000ba80 f   libucrt:malloc_base.obj
 0001:0000aae0       _msize                     000000018000bae0 f   libucrt:msize.obj
 0001:0000aae8       _msize_base                000000018000bae8 f   libucrt:msize.obj
 0001:0000ab24       _realloc_base              000000018000bb24 f   libucrt:realloc_base.obj
 0001:0000aba8       __acrt_initialize_locks    000000018000bba8 f   libucrt:locks.obj
 0001:0000abf0       __acrt_lock                000000018000bbf0 f   libucrt:locks.obj
 0001:0000ac0c       __acrt_uninitialize_locks  000000018000bc0c f   libucrt:locks.obj
 0001:0000ac44       __acrt_unlock              000000018000bc44 f   libucrt:locks.obj
 0001:0000ac60       __acrt_get_process_end_policy 000000018000bc60 f   libucrt:win_policies.obj
 0001:0000ac88       _calloc_base               000000018000bc88 f   libucrt:calloc_base.obj
 0001:0000b264       __acrt_expand_narrow_argv_wildcards 000000018000c264 f   libucrt:argv_wildcards.obj
 0001:0000b26c       ??$?RV<lambda_efdfa57d1f175319df784efa44bb7b81>@@AEAV<lambda_5f0a4c1567f8adc6734073e5d1e1b35c>@@V<lambda_2e8a7d3640ea6ccb4c2413664c2db6fd>@@@?$__crt_seh_guarded_call@X@@QEAAX$$QEAV<lambda_efdfa57d1f175319df784efa44bb7b81>@@AEAV<lambda_5f0a4c1567f8adc6734073e5d1e1b35c>@@$$QEAV<lambda_2e8a7d3640ea6ccb4c2413664c2db6fd>@@@Z 000000018000c26c f i libucrt:mbctype.obj
 0001:0000b9a4       __acrt_initialize_multibyte 000000018000c9a4 f   libucrt:mbctype.obj
 0001:0000ba04       __acrt_update_thread_multibyte_data 000000018000ca04 f   libucrt:mbctype.obj
 0001:0000ba20       _setmbcp_nolock            000000018000ca20 f   libucrt:mbctype.obj
 0001:0000bd40       _ismbblead                 000000018000cd40 f   libucrt:ismbbyte.obj
 0001:0000bd54       __acrt_initialize_command_line 000000018000cd54 f   libucrt:argv_data.obj
 0001:0000bd7c       __dcrt_get_narrow_environment_from_os 000000018000cd7c f   libucrt:get_environment_from_os.obj
 0001:0000c058       __acrt_AppPolicyGetProcessTerminationMethodInternal 000000018000d058 f   libucrt:winapi_thunks.obj
 0001:0000c0a8       __acrt_FlsAlloc            000000018000d0a8 f   libucrt:winapi_thunks.obj
 0001:0000c0f0       __acrt_FlsFree             000000018000d0f0 f   libucrt:winapi_thunks.obj
 0001:0000c138       __acrt_FlsGetValue         000000018000d138 f   libucrt:winapi_thunks.obj
 0001:0000c180       __acrt_FlsSetValue         000000018000d180 f   libucrt:winapi_thunks.obj
 0001:0000c1d4       __acrt_InitializeCriticalSectionEx 000000018000d1d4 f   libucrt:winapi_thunks.obj
 0001:0000c238       __acrt_LCMapStringEx       000000018000d238 f   libucrt:winapi_thunks.obj
 0001:0000c314       __acrt_LocaleNameToLCID    000000018000d314 f   libucrt:winapi_thunks.obj
 0001:0000c364       __acrt_initialize_winapi_thunks 000000018000d364 f   libucrt:winapi_thunks.obj
 0001:0000c39c       __acrt_uninitialize_winapi_thunks 000000018000d39c f   libucrt:winapi_thunks.obj
 0001:0000c3e0       __acrt_initialize_heap     000000018000d3e0 f   libucrt:heap_handle.obj
 0001:0000c3fc       __acrt_uninitialize_heap   000000018000d3fc f   libucrt:heap_handle.obj
 0001:0000c5f0       __acrt_initialize_lowio    000000018000d5f0 f   libucrt:ioinit.obj
 0001:0000c62c       __acrt_uninitialize_lowio  000000018000d62c f   libucrt:ioinit.obj
 0001:0000c66c       __acrt_execute_initializers 000000018000d66c f   libucrt:shared_initialization.obj
 0001:0000c6ec       __acrt_execute_uninitializers 000000018000d6ec f   libucrt:shared_initialization.obj
 0001:0000c72c       ??$?RV<lambda_450d765d439847d4c735a33c368b5fc0>@@AEAV<lambda_44731a7d0e6d81c3e6aa82d741081786>@@V<lambda_601a2a7da3b7a96e9554ac7215c4b07c>@@@?$__crt_seh_guarded_call@P6AXH@Z@@QEAAP6AXH@Z$$QEAV<lambda_450d765d439847d4c735a33c368b5fc0>@@AEAV<lambda_44731a7d0e6d81c3e6aa82d741081786>@@$$QEAV<lambda_601a2a7da3b7a96e9554ac7215c4b07c>@@@Z 000000018000d72c f i libucrt:signal.obj
 0001:0000c774       __acrt_get_sigabrt_handler 000000018000d774 f   libucrt:signal.obj
 0001:0000c7a4       __acrt_initialize_signal_handlers 000000018000d7a4 f   libucrt:signal.obj
 0001:0000c7c4       raise                      000000018000d7c4 f   libucrt:signal.obj
 0001:0000ca58       __acrt_has_user_matherr    000000018000da58 f   libucrt:matherr.obj
 0001:0000ca78       __acrt_initialize_user_matherr 000000018000da78 f   libucrt:matherr.obj
 0001:0000ca80       __acrt_invoke_user_matherr 000000018000da80 f   libucrt:matherr.obj
 0001:0000cab0       _mbtowc_l                  000000018000dab0 f   libucrt:mbtowc.obj
 0001:0000cbf8       mbtowc                     000000018000dbf8 f   libucrt:mbtowc.obj
 0001:0000cc00       __acrt_update_locale_info  000000018000dc00 f   libucrt:locale_update.obj
 0001:0000cc34       __acrt_update_multibyte_info 000000018000dc34 f   libucrt:locale_update.obj
 0001:0000cc68       _fileno                    000000018000dc68 f   libucrt:fileno.obj
 0001:0000cc90       __acrt_initialize_stdio    000000018000dc90 f   libucrt:_file.obj
 0001:0000cdb0       __acrt_uninitialize_stdio  000000018000ddb0 f   libucrt:_file.obj
 0001:0000ce0c       _lock_file                 000000018000de0c f   libucrt:_file.obj
 0001:0000ce18       _unlock_file               000000018000de18 f   libucrt:_file.obj
 0001:0000ce24       ??$?RV<lambda_410d79af7f07d98d83a3f525b3859a53>@@AEAV<lambda_3e16ef9562a7dcce91392c22ab16ea36>@@V<lambda_38119f0e861e05405d8a144b9b982f0a>@@@?$__crt_seh_guarded_call@X@@QEAAX$$QEAV<lambda_410d79af7f07d98d83a3f525b3859a53>@@AEAV<lambda_3e16ef9562a7dcce91392c22ab16ea36>@@$$QEAV<lambda_38119f0e861e05405d8a144b9b982f0a>@@@Z 000000018000de24 f i libucrt:wsetlocale.obj
 0001:0000ce94       __acrt_set_locale_changed  000000018000de94 f   libucrt:wsetlocale.obj
 0001:0000cea0       __acrt_uninitialize_locale 000000018000dea0 f   libucrt:wsetlocale.obj
 0001:0000ced0       __pctype_func              000000018000ded0 f   libucrt:ctype.obj
 0001:0000cf00       __acrt_add_locale_ref      000000018000df00 f   libucrt:locale_refcounting.obj
 0001:0000cf8c       __acrt_free_locale         000000018000df8c f   libucrt:locale_refcounting.obj
 0001:0000d104       __acrt_locale_add_lc_time_reference 000000018000e104 f   libucrt:locale_refcounting.obj
 0001:0000d12c       __acrt_locale_free_lc_time_if_unreferenced 000000018000e12c f   libucrt:locale_refcounting.obj
 0001:0000d164       __acrt_locale_release_lc_time_reference 000000018000e164 f   libucrt:locale_refcounting.obj
 0001:0000d18c       __acrt_release_locale_ref  000000018000e18c f   libucrt:locale_refcounting.obj
 0001:0000d234       __acrt_update_thread_locale_data 000000018000e234 f   libucrt:locale_refcounting.obj
 0001:0000d2a4       _updatetlocinfoEx_nolock   000000018000e2a4 f   libucrt:locale_refcounting.obj
 0001:0000d30c       _query_new_mode            000000018000e30c f   libucrt:new_mode.obj
 0001:0000d3e0       qsort                      000000018000e3e0 f   libucrt:qsort.obj
 0001:0000d700       strncpy_s                  000000018000e700 f   libucrt:strncpy_s.obj
 0001:0000d7d4       strpbrk                    000000018000e7d4 f   libucrt:strpbrk.obj
 0001:0000d874       _mbsdec                    000000018000e874 f   libucrt:mbsdec.obj
 0001:0000d87c       _mbsdec_l                  000000018000e87c f   libucrt:mbsdec.obj
 0001:0000d914       __acrt_GetStringTypeA      000000018000e914 f   libucrt:getstringtypea.obj
 0001:0000de24       __acrt_LCMapStringA        000000018000ee24 f   libucrt:lcmapstringa.obj
 0001:0000df9c       __acrt_DownlevelLocaleNameToLCID 000000018000ef9c f   libucrt:lcidtoname_downlevel.obj
 0001:0000dfd0       __acrt_lowio_create_handle_array 000000018000efd0 f   libucrt:osfinfo.obj
 0001:0000e068       __acrt_lowio_destroy_handle_array 000000018000f068 f   libucrt:osfinfo.obj
 0001:0000e0b8       __acrt_lowio_ensure_fh_exists 000000018000f0b8 f   libucrt:osfinfo.obj
 0001:0000e170       __acrt_lowio_lock_fh       000000018000f170 f   libucrt:osfinfo.obj
 0001:0000e194       __acrt_lowio_unlock_fh     000000018000f194 f   libucrt:osfinfo.obj
 0001:0000e1b8       _free_osfhnd               000000018000f1b8 f   libucrt:osfinfo.obj
 0001:0000e274       _get_osfhandle             000000018000f274 f   libucrt:osfinfo.obj
 0001:0000e2ec       _isatty                    000000018000f2ec f   libucrt:isatty.obj
 0001:0000e34c       ??$?RV<lambda_842d9ff0dc9ef11c61343bbaebe7f885>@@AEAV<lambda_c5860995281e5c4ce005b3de8f5874ee>@@V<lambda_d90129c13df834fdcbf8d2b88dafcf2d>@@@?$__crt_seh_guarded_call@X@@QEAAX$$QEAV<lambda_842d9ff0dc9ef11c61343bbaebe7f885>@@AEAV<lambda_c5860995281e5c4ce005b3de8f5874ee>@@$$QEAV<lambda_d90129c13df834fdcbf8d2b88dafcf2d>@@@Z 000000018000f34c f i libucrt:fflush.obj
 0001:0000e3e8       ??$?RV<lambda_886d6c58226a84441f68b9f2b8217b83>@@AEAV<lambda_ab61a845afdef5b7c387490eaf3616ee>@@V<lambda_f7f22ab5edc0698d5f6905b0d3f44752>@@@?$__crt_seh_guarded_call@X@@QEAAX$$QEAV<lambda_886d6c58226a84441f68b9f2b8217b83>@@AEAV<lambda_ab61a845afdef5b7c387490eaf3616ee>@@$$QEAV<lambda_f7f22ab5edc0698d5f6905b0d3f44752>@@@Z 000000018000f3e8 f i libucrt:fflush.obj
 0001:0000e530       __acrt_stdio_flush_nolock  000000018000f530 f   libucrt:fflush.obj
 0001:0000e5ac       _fflush_nolock             000000018000f5ac f   libucrt:fflush.obj
 0001:0000e5f8       _flushall                  000000018000f5f8 f   libucrt:fflush.obj
 0001:0000e600       _isleadbyte_l              000000018000f600 f i libucrt:_wctype.obj
 0001:0000e640       _fcloseall                 000000018000f640 f   libucrt:closeall.obj
 0001:0000e6f4       __acrt_stdio_free_buffer_nolock 000000018000f6f4 f   libucrt:_freebuf.obj
 0001:0000e734       __acrt_locale_free_monetary 000000018000f734 f   libucrt:initmon.obj
 0001:0000e840       __acrt_locale_free_numeric 000000018000f840 f   libucrt:initnum.obj
 0001:0000e904       __acrt_locale_free_time    000000018000f904 f   libucrt:inittime.obj
 0001:0000ea0c       __strncnt                  000000018000fa0c f   libucrt:strncnt.obj
 0001:0000ea24       _query_app_type            000000018000fa24 f   libucrt:report_runtime_error.obj
 0001:0000ea2c       ??$?RV<lambda_a37b2b86f63e897a80ea819b0eb08c01>@@AEAV<lambda_38ce7e780aa69e748d6df282ebc68efe>@@V<lambda_99fb1378e971ab6e7edea83e3a7a83a2>@@@?$__crt_seh_guarded_call@H@@QEAAH$$QEAV<lambda_a37b2b86f63e897a80ea819b0eb08c01>@@AEAV<lambda_38ce7e780aa69e748d6df282ebc68efe>@@$$QEAV<lambda_99fb1378e971ab6e7edea83e3a7a83a2>@@@Z 000000018000fa2c f i libucrt:commit.obj
 0001:0000eab8       _commit                    000000018000fab8 f   libucrt:commit.obj
 0001:0000f108       _write                     0000000180010108 f   libucrt:write.obj
 0001:0000f1f4       _write_nolock              00000001800101f4 f   libucrt:write.obj
 0001:0000f4f0       log10                      00000001800104f0 f   libucrt:log10.obj
 0001:0000fb38       _lseeki64_nolock           0000000180010b38 f   libucrt:lseek.obj
 0001:0000fb40       _fclose_nolock             0000000180010b40 f   libucrt:fclose.obj
 0001:0000fbc4       fclose                     0000000180010bc4 f   libucrt:fclose.obj
 0001:0000fc30       _putwch_nolock             0000000180010c30 f   libucrt:putwch.obj
 0001:0000fdb0       _handle_error              0000000180010db0 f   libucrt:libm_error.obj
 0001:0000fee0       __acrt_initialize_fma3     0000000180010ee0 f   libucrt:fma3_available.obj
 0001:0000ff50       _log10_special             0000000180010f50 f   libucrt:log_special.obj
 0001:00010008       ??$?RV<lambda_751a882b2c74d4b022dec766aa51a29a>@@AEAV<lambda_628dfdc04ba53c8bfc02c9951375f3f5>@@V<lambda_f6c7be5f7998530c34de24c7437d6b54>@@@?$__crt_seh_guarded_call@H@@QEAAH$$QEAV<lambda_751a882b2c74d4b022dec766aa51a29a>@@AEAV<lambda_628dfdc04ba53c8bfc02c9951375f3f5>@@$$QEAV<lambda_f6c7be5f7998530c34de24c7437d6b54>@@@Z 0000000180011008 f i libucrt:close.obj
 0001:0001007c       _close                     000000018001107c f   libucrt:close.obj
 0001:00010120       _close_nolock              0000000180011120 f   libucrt:close.obj
 0001:000101dc       ?__acrt_stdio_free_stream@@YAXV__crt_stdio_stream@@@Z 00000001800111dc f   libucrt:stream.obj
 0001:00010220       __dcrt_lowio_initialize_console_output 0000000180011220 f   libucrt:initcon.obj
 0001:0001025c       __dcrt_terminate_console_output 000000018001125c f   libucrt:initcon.obj
 0001:00010290       _get_fpsr                  0000000180011290 f   libucrt:fpsr.obj
 0001:000102a0       _set_fpsr                  00000001800112a0 f   libucrt:fpsr.obj
 0001:000102aa       _fclrf                     00000001800112aa f   libucrt:fpsr.obj
 0001:000102be       _frnd                      00000001800112be f   libucrt:fpsr.obj
 0001:000102e0       _raise_exc                 00000001800112e0 f   libucrt:fpexcept.obj
 0001:00010308       _raise_exc_ex              0000000180011308 f   libucrt:fpexcept.obj
 0001:00010610       _set_errno_from_matherr    0000000180011610 f   libucrt:fpexcept.obj
 0001:00010640       _clrfp                     0000000180011640 f   libucrt:fpctrl.obj
 0001:00010660       _ctrlfp                    0000000180011660 f   libucrt:fpctrl.obj
 0001:000106dc       _set_statfp                00000001800116dc f   libucrt:fpctrl.obj
 0001:000106fc       _statfp                    00000001800116fc f   libucrt:fpctrl.obj
 0001:0001070d       IsProcessorFeaturePresent  000000018001170d f   kernel32:KERNEL32.dll
 0001:00010720       _FindPESection             0000000180011720 f   LIBCMT:pesect.obj
 0001:00010770       _IsNonwritableInCurrentImage 0000000180011770 f   LIBCMT:pesect.obj
 0001:000107c0       _ValidateImageBase         00000001800117c0 f   LIBCMT:pesect.obj
 0001:00010800       memcmp                     0000000180011800 f   libvcruntime:memcmp.obj
 0001:000108e0       _guard_dispatch_icall_nop  00000001800118e0 f   LIBCMT:guard_dispatch.obj
 0002:00000000       __imp_RegQueryInfoKeyW     0000000180012000     advapi32:ADVAPI32.dll
 0002:00000008       __imp_RegOpenKeyExW        0000000180012008     advapi32:ADVAPI32.dll
 0002:00000010       __imp_RegEnumKeyExW        0000000180012010     advapi32:ADVAPI32.dll
 0002:00000018       __imp_RegDeleteValueW      0000000180012018     advapi32:ADVAPI32.dll
 0002:00000020       __imp_RegDeleteKeyW        0000000180012020     advapi32:ADVAPI32.dll
 0002:00000028       __imp_RegCreateKeyExW      0000000180012028     advapi32:ADVAPI32.dll
 0002:00000030       __imp_RegCloseKey          0000000180012030     advapi32:ADVAPI32.dll
 0002:00000038       __imp_RegSetValueExW       0000000180012038     advapi32:ADVAPI32.dll
 0002:00000040       \177ADVAPI32_NULL_THUNK_DATA 0000000180012040     advapi32:ADVAPI32.dll
 0002:00000048       __imp_FreeLibrary          0000000180012048     kernel32:KERNEL32.dll
 0002:00000050       __imp_GetModuleFileNameW   0000000180012050     kernel32:KERNEL32.dll
 0002:00000058       __imp_GetModuleHandleW     0000000180012058     kernel32:KERNEL32.dll
 0002:00000060       __imp_GetProcAddress       0000000180012060     kernel32:KERNEL32.dll
 0002:00000068       __imp_LoadLibraryExW       0000000180012068     kernel32:KERNEL32.dll
 0002:00000070       __imp_LoadResource         0000000180012070     kernel32:KERNEL32.dll
 0002:00000078       __imp_DisableThreadLibraryCalls 0000000180012078     kernel32:KERNEL32.dll
 0002:00000080       __imp_FindResourceW        0000000180012080     kernel32:KERNEL32.dll
 0002:00000088       __imp_lstrcmpiW            0000000180012088     kernel32:KERNEL32.dll
 0002:00000090       __imp_MultiByteToWideChar  0000000180012090     kernel32:KERNEL32.dll
 0002:00000098       __imp_CreateFileW          0000000180012098     kernel32:KERNEL32.dll
 0002:000000a0       __imp_CloseHandle          00000001800120a0     kernel32:KERNEL32.dll
 0002:000000a8       __imp_WriteConsoleW        00000001800120a8     kernel32:KERNEL32.dll
 0002:000000b0       __imp_DeleteCriticalSection 00000001800120b0     kernel32:KERNEL32.dll
 0002:000000b8       __imp_InitializeCriticalSectionAndSpinCount 00000001800120b8     kernel32:KERNEL32.dll
 0002:000000c0       __imp_LeaveCriticalSection 00000001800120c0     kernel32:KERNEL32.dll
 0002:000000c8       __imp_EnterCriticalSection 00000001800120c8     kernel32:KERNEL32.dll
 0002:000000d0       __imp_GetLastError         00000001800120d0     kernel32:KERNEL32.dll
 0002:000000d8       __imp_RaiseException       00000001800120d8     kernel32:KERNEL32.dll
 0002:000000e0       __imp_DecodePointer        00000001800120e0     kernel32:KERNEL32.dll
 0002:000000e8       __imp_SizeofResource       00000001800120e8     kernel32:KERNEL32.dll
 0002:000000f0       __imp_EncodePointer        00000001800120f0     kernel32:KERNEL32.dll
 0002:000000f8       __imp_SetFilePointerEx     00000001800120f8     kernel32:KERNEL32.dll
 0002:00000100       __imp_GetConsoleMode       0000000180012100     kernel32:KERNEL32.dll
 0002:00000108       __imp_GetConsoleCP         0000000180012108     kernel32:KERNEL32.dll
 0002:00000110       __imp_FlushFileBuffers     0000000180012110     kernel32:KERNEL32.dll
 0002:00000118       __imp_WriteFile            0000000180012118     kernel32:KERNEL32.dll
 0002:00000120       __imp_SetStdHandle         0000000180012120     kernel32:KERNEL32.dll
 0002:00000128       __imp_GetStringTypeW       0000000180012128     kernel32:KERNEL32.dll
 0002:00000130       __imp_GetFileType          0000000180012130     kernel32:KERNEL32.dll
 0002:00000138       __imp_GetStdHandle         0000000180012138     kernel32:KERNEL32.dll
 0002:00000140       __imp_GetProcessHeap       0000000180012140     kernel32:KERNEL32.dll
 0002:00000148       __imp_IsDebuggerPresent    0000000180012148     kernel32:KERNEL32.dll
 0002:00000150       __imp_OutputDebugStringW   0000000180012150     kernel32:KERNEL32.dll
 0002:00000158       __imp_RtlCaptureContext    0000000180012158     kernel32:KERNEL32.dll
 0002:00000160       __imp_RtlLookupFunctionEntry 0000000180012160     kernel32:KERNEL32.dll
 0002:00000168       __imp_RtlVirtualUnwind     0000000180012168     kernel32:KERNEL32.dll
 0002:00000170       __imp_UnhandledExceptionFilter 0000000180012170     kernel32:KERNEL32.dll
 0002:00000178       __imp_SetUnhandledExceptionFilter 0000000180012178     kernel32:KERNEL32.dll
 0002:00000180       __imp_GetCurrentProcess    0000000180012180     kernel32:KERNEL32.dll
 0002:00000188       __imp_TerminateProcess     0000000180012188     kernel32:KERNEL32.dll
 0002:00000190       __imp_IsProcessorFeaturePresent 0000000180012190     kernel32:KERNEL32.dll
 0002:00000198       __imp_GetStartupInfoW      0000000180012198     kernel32:KERNEL32.dll
 0002:000001a0       __imp_QueryPerformanceCounter 00000001800121a0     kernel32:KERNEL32.dll
 0002:000001a8       __imp_GetCurrentProcessId  00000001800121a8     kernel32:KERNEL32.dll
 0002:000001b0       __imp_GetCurrentThreadId   00000001800121b0     kernel32:KERNEL32.dll
 0002:000001b8       __imp_GetSystemTimeAsFileTime 00000001800121b8     kernel32:KERNEL32.dll
 0002:000001c0       __imp_InitializeSListHead  00000001800121c0     kernel32:KERNEL32.dll
 0002:000001c8       __imp_RtlUnwindEx          00000001800121c8     kernel32:KERNEL32.dll
 0002:000001d0       __imp_InterlockedFlushSList 00000001800121d0     kernel32:KERNEL32.dll
 0002:000001d8       __imp_RtlPcToFileHeader    00000001800121d8     kernel32:KERNEL32.dll
 0002:000001e0       __imp_SetLastError         00000001800121e0     kernel32:KERNEL32.dll
 0002:000001e8       __imp_TlsAlloc             00000001800121e8     kernel32:KERNEL32.dll
 0002:000001f0       __imp_TlsGetValue          00000001800121f0     kernel32:KERNEL32.dll
 0002:000001f8       __imp_TlsSetValue          00000001800121f8     kernel32:KERNEL32.dll
 0002:00000200       __imp_TlsFree              0000000180012200     kernel32:KERNEL32.dll
 0002:00000208       __imp_ExitProcess          0000000180012208     kernel32:KERNEL32.dll
 0002:00000210       __imp_GetModuleHandleExW   0000000180012210     kernel32:KERNEL32.dll
 0002:00000218       __imp_GetModuleFileNameA   0000000180012218     kernel32:KERNEL32.dll
 0002:00000220       __imp_WideCharToMultiByte  0000000180012220     kernel32:KERNEL32.dll
 0002:00000228       __imp_HeapFree             0000000180012228     kernel32:KERNEL32.dll
 0002:00000230       __imp_HeapAlloc            0000000180012230     kernel32:KERNEL32.dll
 0002:00000238       __imp_HeapSize             0000000180012238     kernel32:KERNEL32.dll
 0002:00000240       __imp_HeapReAlloc          0000000180012240     kernel32:KERNEL32.dll
 0002:00000248       __imp_FindClose            0000000180012248     kernel32:KERNEL32.dll
 0002:00000250       __imp_FindFirstFileExA     0000000180012250     kernel32:KERNEL32.dll
 0002:00000258       __imp_FindNextFileA        0000000180012258     kernel32:KERNEL32.dll
 0002:00000260       __imp_IsValidCodePage      0000000180012260     kernel32:KERNEL32.dll
 0002:00000268       __imp_GetACP               0000000180012268     kernel32:KERNEL32.dll
 0002:00000270       __imp_GetOEMCP             0000000180012270     kernel32:KERNEL32.dll
 0002:00000278       __imp_GetCPInfo            0000000180012278     kernel32:KERNEL32.dll
 0002:00000280       __imp_GetCommandLineA      0000000180012280     kernel32:KERNEL32.dll
 0002:00000288       __imp_GetCommandLineW      0000000180012288     kernel32:KERNEL32.dll
 0002:00000290       __imp_GetEnvironmentStringsW 0000000180012290     kernel32:KERNEL32.dll
 0002:00000298       __imp_FreeEnvironmentStringsW 0000000180012298     kernel32:KERNEL32.dll
 0002:000002a0       __imp_LCMapStringW         00000001800122a0     kernel32:KERNEL32.dll
 0002:000002a8       \177KERNEL32_NULL_THUNK_DATA 00000001800122a8     kernel32:KERNEL32.dll
 0002:000002b0       __imp_LoadTypeLib          00000001800122b0     oleaut32:OLEAUT32.dll
 0002:000002b8       __imp_UnRegisterTypeLib    00000001800122b8     oleaut32:OLEAUT32.dll
 0002:000002c0       __imp_SysStringLen         00000001800122c0     oleaut32:OLEAUT32.dll
 0002:000002c8       __imp_SysFreeString        00000001800122c8     oleaut32:OLEAUT32.dll
 0002:000002d0       __imp_SysAllocString       00000001800122d0     oleaut32:OLEAUT32.dll
 0002:000002d8       __imp_VarUI4FromStr        00000001800122d8     oleaut32:OLEAUT32.dll
 0002:000002e0       __imp_RegisterTypeLib      00000001800122e0     oleaut32:OLEAUT32.dll
 0002:000002e8       \177OLEAUT32_NULL_THUNK_DATA 00000001800122e8     oleaut32:OLEAUT32.dll
 0002:000002f0       __imp_CharNextW            00000001800122f0     user32:USER32.dll
 0002:000002f8       \177USER32_NULL_THUNK_DATA 00000001800122f8     user32:USER32.dll
 0002:00000300       __imp_CoTaskMemRealloc     0000000180012300     ole32:ole32.dll
 0002:00000308       __imp_CoCreateInstance     0000000180012308     ole32:ole32.dll
 0002:00000310       __imp_StringFromGUID2      0000000180012310     ole32:ole32.dll
 0002:00000318       __imp_CoTaskMemAlloc       0000000180012318     ole32:ole32.dll
 0002:00000320       __imp_CoTaskMemFree        0000000180012320     ole32:ole32.dll
 0002:00000328       \177ole32_NULL_THUNK_DATA  0000000180012328     ole32:ole32.dll
 0002:00000330       __guard_check_icall_fptr   0000000180012330     LIBCMT:guard_support.obj
 0002:00000338       __guard_dispatch_icall_fptr 0000000180012338     LIBCMT:guard_support.obj
 0002:00000340       __xc_a                     0000000180012340     LIBCMT:initializers.obj
 0002:00000360       __xc_z                     0000000180012360     LIBCMT:initializers.obj
 0002:00000368       __xi_a                     0000000180012368     LIBCMT:initializers.obj
 0002:00000370       __acrt_multibyte_initializer 0000000180012370     libucrt:multibyte_initializer.obj
 0002:00000378       __acrt_stdio_initializer   0000000180012378     libucrt:stdio_initializer.obj
 0002:00000380       __acrt_tran_fma3_initializer 0000000180012380     libucrt:fma3_initializer.obj
 0002:00000388       __xi_z                     0000000180012388     LIBCMT:initializers.obj
 0002:00000390       __xp_a                     0000000180012390     LIBCMT:initializers.obj
 0002:00000398       __acrt_locale_terminator   0000000180012398     libucrt:locale_initializer.obj
 0002:000003a0       __dcrt_console_output_terminator 00000001800123a0     libucrt:console_output_initializer.obj
 0002:000003a8       __acrt_stdio_terminator    00000001800123a8     libucrt:stdio_initializer.obj
 0002:000003b0       __xp_z                     00000001800123b0     LIBCMT:initializers.obj
 0002:000003b8       __xt_a                     00000001800123b8     LIBCMT:initializers.obj
 0002:000003c0       __xt_z                     00000001800123c0     LIBCMT:initializers.obj
 0002:000003d0       ??_C@_1M@PPPPCDEP@?$AAA?$AAP?$AAP?$AAI?$AAD@ 00000001800123d0     OposInternals.obj
 0002:000003e0       ??_C@_1M@KANJNLFF@?$AAC?$AAL?$AAS?$AAI?$AAD@ 00000001800123e0     OposInternals.obj
 0002:000003f0       ??_C@_1M@EJNEECMJ@?$AAA?$AAp?$AAp?$AAI?$AAD@ 00000001800123f0     OposInternals.obj
 0002:000003fc       ??_C@_13HADIAKP@?$AAS@     00000001800123fc     OposInternals.obj
 0002:00000400       ??_C@_13LHMFKAAD@?$AAM@    0000000180012400     OposInternals.obj
 0002:00000404       ??_C@_13MKMNOPIJ@?$AAD@    0000000180012404     OposInternals.obj
 0002:00000408       ??_C@_13OPKGLAFF@?$AAB@    0000000180012408     OposInternals.obj
 0002:00000410       ??_C@_17LLMMEOJD@?$AAV?$AAa?$AAl@ 0000000180012410     OposInternals.obj
 0002:00000418       ??_C@_1BI@JFAIJMHL@?$AAF?$AAo?$AAr?$AAc?$AAe?$AAR?$AAe?$AAm?$AAo?$AAv?$AAe@ 0000000180012418     OposInternals.obj
 0002:00000430       ??_C@_1BC@GCKHIPE@?$AAN?$AAo?$AAR?$AAe?$AAm?$AAo?$AAv?$AAe@ 0000000180012430     OposInternals.obj
 0002:00000448       ??_C@_1O@JDLOHAN@?$AAD?$AAe?$AAl?$AAe?$AAt?$AAe@ 0000000180012448     OposInternals.obj
 0002:00000460       ?rgszNeverDelete@CRegParser@ATL@@1QBQEB_WB 0000000180012460     OposInternals.obj
 0002:000004c0       ??_7CRegObject@ATL@@6B@    00000001800124c0     OposInternals.obj
 0002:000004f0       ??_C@_11LOCGONAA@@         00000001800124f0     OposInternals.obj
 0002:000004f8       ??_C@_1CK@OEKPKBNA@?$AAC?$AAo?$AAm?$AAp?$AAo?$AAn?$AAe?$AAn?$AAt?$AA?5?$AAC?$AAa?$AAt?$AAe?$AAg@ 00000001800124f8     OposInternals.obj
 0002:00000528       ??_C@_1BC@NKMMNMGL@?$AAF?$AAi?$AAl?$AAe?$AAT?$AAy?$AAp?$AAe@ 0000000180012528     OposInternals.obj
 0002:00000540       ??_C@_1BE@EKPAFMCP@?$AAI?$AAn?$AAt?$AAe?$AAr?$AAf?$AAa?$AAc?$AAe@ 0000000180012540     OposInternals.obj
 0002:00000558       ??_C@_1BC@MAICEHGI@?$AAH?$AAa?$AAr?$AAd?$AAw?$AAa?$AAr?$AAe@ 0000000180012558     OposInternals.obj
 0002:00000570       ??_C@_19HLLLM@?$AAM?$AAi?$AAm?$AAe@ 0000000180012570     OposInternals.obj
 0002:00000580       ??_C@_17OMAOINJK@?$AAS?$AAA?$AAM@ 0000000180012580     OposInternals.obj
 0002:00000588       ??_C@_1BC@IBECJAAI@?$AAS?$AAE?$AAC?$AAU?$AAR?$AAI?$AAT?$AAY@ 0000000180012588     OposInternals.obj
 0002:000005a0       ??_C@_1O@GBFINDKL@?$AAS?$AAY?$AAS?$AAT?$AAE?$AAM@ 00000001800125a0     OposInternals.obj
 0002:000005b0       ??_C@_1BC@EAHCMADO@?$AAS?$AAo?$AAf?$AAt?$AAw?$AAa?$AAr?$AAe@ 00000001800125b0     OposInternals.obj
 0002:000005c8       ??_C@_1BA@JIHHIEDE@?$AAT?$AAy?$AAp?$AAe?$AAL?$AAi?$AAb@ 00000001800125c8     OposInternals.obj
 0002:000005e0       ?map@?1??HKeyFromString@CRegParser@ATL@@KAPEAUHKEY__@@PEA_W@Z@4QBUkeymap@?1??123@KAPEAU4@0@Z@B 00000001800125e0     OposInternals.obj
 0002:000006c0       ??_C@_19NCHLBIN@?$AAH?$AAK?$AAC?$AAR@ 00000001800126c0     OposInternals.obj
 0002:000006d0       ??_C@_19JAPAIJDE@?$AAH?$AAK?$AAC?$AAU@ 00000001800126d0     OposInternals.obj
 0002:000006e0       ??_C@_19PEALEEJB@?$AAH?$AAK?$AAL?$AAM@ 00000001800126e0     OposInternals.obj
 0002:000006f0       ??_C@_17PJOJPMPB@?$AAH?$AAK?$AAU@ 00000001800126f0     OposInternals.obj
 0002:000006f8       ??_C@_19PNBHMJPL@?$AAH?$AAK?$AAP?$AAD@ 00000001800126f8     OposInternals.obj
 0002:00000708       ??_C@_19GFFAIJHG@?$AAH?$AAK?$AAD?$AAD@ 0000000180012708     OposInternals.obj
 0002:00000718       ??_C@_19OFICIBHH@?$AAH?$AAK?$AAC?$AAC@ 0000000180012718     OposInternals.obj
 0002:00000728       ??_C@_1CE@PACHPJFI@?$AAH?$AAK?$AAE?$AAY?$AA_?$AAC?$AAL?$AAA?$AAS?$AAS?$AAE?$AAS?$AA_?$AAR?$AAO@ 0000000180012728     OposInternals.obj
 0002:00000750       ??_C@_1CE@HLHNCBPM@?$AAH?$AAK?$AAE?$AAY?$AA_?$AAC?$AAU?$AAR?$AAR?$AAE?$AAN?$AAT?$AA_?$AAU?$AAS@ 0000000180012750     OposInternals.obj
 0002:00000778       ??_C@_1CG@GFBEANJL@?$AAH?$AAK?$AAE?$AAY?$AA_?$AAL?$AAO?$AAC?$AAA?$AAL?$AA_?$AAM?$AAA?$AAC?$AAH@ 0000000180012778     OposInternals.obj
 0002:000007a0       ??_C@_1BG@BGODANIO@?$AAH?$AAK?$AAE?$AAY?$AA_?$AAU?$AAS?$AAE?$AAR?$AAS@ 00000001800127a0     OposInternals.obj
 0002:000007b8       ??_C@_1CM@KHNNAOIC@?$AAH?$AAK?$AAE?$AAY?$AA_?$AAP?$AAE?$AAR?$AAF?$AAO?$AAR?$AAM?$AAA?$AAN?$AAC@ 00000001800127b8     OposInternals.obj
 0002:000007e8       ??_C@_1BM@HAGMMHIA@?$AAH?$AAK?$AAE?$AAY?$AA_?$AAD?$AAY?$AAN?$AA_?$AAD?$AAA?$AAT?$AAA@ 00000001800127e8     OposInternals.obj
 0002:00000808       ??_C@_1CI@BBJOACGG@?$AAH?$AAK?$AAE?$AAY?$AA_?$AAC?$AAU?$AAR?$AAR?$AAE?$AAN?$AAT?$AA_?$AAC?$AAO@ 0000000180012808     OposInternals.obj
 0002:00000830       ??_C@_1EA@NHKLICFA@?$AAH?$AAK?$AAC?$AAU?$AA?$AN?$AA?6?$AA?$HL?$AA?7?$AAS?$AAo?$AAf?$AAt?$AAw?$AAa?$AAr@ 0000000180012830     OposInternals.obj
 0002:00000870       ??_C@_1BE@LJOLIMEM@?$AA?$AN?$AA?6?$AA?7?$AA?$HN?$AA?$AN?$AA?6?$AA?$HN?$AA?$AN?$AA?6@ 0000000180012870     OposInternals.obj
 0002:00000888       ??_C@_1O@MNLDABAF@?$AAM?$AAo?$AAd?$AAu?$AAl?$AAe@ 0000000180012888     OposInternals.obj
 0002:00000898       ??_C@_1BG@JBACFMF@?$AAM?$AAo?$AAd?$AAu?$AAl?$AAe?$AA_?$AAR?$AAa?$AAw@ 0000000180012898     OposInternals.obj
 0002:000008b0       ??_C@_1BC@KAILKFFG@?$AAR?$AAE?$AAG?$AAI?$AAS?$AAT?$AAR?$AAY@ 00000001800128b0     OposInternals.obj
 0002:000008c8       ??_C@_1BK@BIGILECK@?$AAA?$AAd?$AAv?$AAa?$AAp?$AAi?$AA3?$AA2?$AA?4?$AAd?$AAl?$AAl@ 00000001800128c8     OposInternals.obj
 0002:000008e8       ??_C@_0BI@MNCFCPFK@RegCreateKeyTransactedW@ 00000001800128e8     OposInternals.obj
 0002:00000900       _GUID_00000146_0000_0000_c000_000000000046 0000000180012900     OposInternals.obj
 0002:00000910       ??_7CComModule@ATL@@6B@    0000000180012910     OposInternals.obj
 0002:00000960       LIBID_OPOSINTERNALSLib     0000000180012960     OposInternals.obj
 0002:00000970       _GUID_00000000_0000_0000_c000_000000000046 0000000180012970     OposInternals.obj
 0002:00000980       ??_C@_0BG@EKFFMJIO@RegOpenKeyTransactedW@ 0000000180012980     OposInternals.obj
 0002:00000998       ??_C@_0BI@HAKLOOGP@RegDeleteKeyTransactedW@ 0000000180012998     OposInternals.obj
 0002:000009b0       ??_C@_19ILOCMLCJ@?$AA?4?$AAt?$AAl?$AAb@ 00000001800129b0     OposInternals.obj
 0002:000009c0       _GUID_0002e012_0000_0000_c000_000000000046 00000001800129c0     OposInternals.obj
 0002:000009d0       ??_C@_1O@FHBGLCIO@?$AAC?$AAL?$AAS?$AAI?$AAD?$AA?2@ 00000001800129d0     OposInternals.obj
 0002:000009e0       ??_C@_1CK@IFBKBFAA@?$AA?2?$AAR?$AAe?$AAq?$AAu?$AAi?$AAr?$AAe?$AAd?$AA?5?$AAC?$AAa?$AAt?$AAe?$AAg@ 00000001800129e0     OposInternals.obj
 0002:00000a10       ??_C@_1DA@BIHALFED@?$AA?2?$AAI?$AAm?$AAp?$AAl?$AAe?$AAm?$AAe?$AAn?$AAt?$AAe?$AAd?$AA?5?$AAC?$AAa@ 0000000180012a10     OposInternals.obj
 0002:00000a40       ??_C@_1BK@EDKOLFBJ@?$AAO?$AAL?$AAE?$AAA?$AAU?$AAT?$AA3?$AA2?$AA?4?$AAD?$AAL?$AAL@ 0000000180012a40     OposInternals.obj
 0002:00000a60       ??_C@_0BJ@CNLFOMHB@UnRegisterTypeLibForUser@ 0000000180012a60     OposInternals.obj
 0002:00000a80       ??_C@_0BH@LBOMMKPJ@RegisterTypeLibForUser@ 0000000180012a80     OposInternals.obj
 0002:00000a98       GUID_NULL                  0000000180012a98     uuid:cguid_i.obj
 0002:00000aa8       CLSID_StdGlobalInterfaceTable 0000000180012aa8     uuid:cguid_i.obj
 0002:00000ab8       CLSID_StdComponentCategoriesMgr 0000000180012ab8     uuid:ieguids.obj
 0002:00000ac8       GUID_ATLVer110             0000000180012ac8     atls:atlbase.obj
 0002:00000ae0       ??_C@_1IC@ONKHOIDK@?$AAE?$AAR?$AAR?$AAO?$AAR?$AA?5?$AA?3?$AA?5?$AAU?$AAn?$AAa?$AAb?$AAl?$AAe?$AA?5@ 0000000180012ae0     atls:atlbase.obj
 0002:00000b62       ?nothrow@std@@3Unothrow_t@1@B 0000000180012b62     LIBCMT:std_nothrow.obj
 0002:00000b78       _pDefaultRawDllMain        0000000180012b78     LIBCMT:dll_dllmain.obj
 0002:00000b78       _pRawDllMain               0000000180012b78     LIBCMT:dll_dllmain.obj
 0002:00000bb0       ??_7exception@std@@6B@     0000000180012bb0     LIBCMT:throw_bad_alloc.obj
 0002:00000bc0       ??_C@_0BC@EOODALEL@Unknown?5exception@ 0000000180012bc0     LIBCMT:throw_bad_alloc.obj
 0002:00000be0       ??_7bad_alloc@std@@6B@     0000000180012be0     LIBCMT:throw_bad_alloc.obj
 0002:00000bf0       ??_C@_0P@GHFPNOJB@bad?5allocation@ 0000000180012bf0     LIBCMT:throw_bad_alloc.obj
 0002:00000c08       ??_7bad_array_new_length@std@@6B@ 0000000180012c08     LIBCMT:throw_bad_alloc.obj
 0002:00000c18       ??_C@_0BF@KINCDENJ@bad?5array?5new?5length@ 0000000180012c18     LIBCMT:throw_bad_alloc.obj
 0002:00000c38       ??_7type_info@@6B@         0000000180012c38     LIBCMT:std_type_info_static.obj
 0002:00000d38       ??_C@_1DM@KHCHBNEB@?$AAa?$AAp?$AAi?$AA?9?$AAm?$AAs?$AA?9?$AAw?$AAi?$AAn?$AA?9?$AAc?$AAo?$AAr?$AAe@ 0000000180012d38     libvcruntime:winapi_downlevel.obj
 0002:00000d78       ??_C@_1DK@LPPGFMPP@?$AAa?$AAp?$AAi?$AA?9?$AAm?$AAs?$AA?9?$AAw?$AAi?$AAn?$AA?9?$AAc?$AAo?$AAr?$AAe@ 0000000180012d78     libvcruntime:winapi_downlevel.obj
 0002:00000db8       ??_C@_1BC@GDMECMAK@?$AAk?$AAe?$AAr?$AAn?$AAe?$AAl?$AA3?$AA2@ 0000000180012db8     libvcruntime:winapi_downlevel.obj
 0002:00000dd0       ??_C@_1BA@PFFKHIOG@?$AAa?$AAp?$AAi?$AA?9?$AAm?$AAs?$AA?9@ 0000000180012dd0     libvcruntime:winapi_downlevel.obj
 0002:00000de0       ??_C@_1BA@IAIFMGEF@?$AAe?$AAx?$AAt?$AA?9?$AAm?$AAs?$AA?9@ 0000000180012de0     libvcruntime:winapi_downlevel.obj
 0002:00000df8       ??_C@_08KNHFBNJ@FlsAlloc@  0000000180012df8     libvcruntime:winapi_downlevel.obj
 0002:00000e10       ??_C@_07PEJMOBNF@FlsFree@  0000000180012e10     libvcruntime:winapi_downlevel.obj
 0002:00000e20       ??_C@_0M@GDNOONDI@FlsGetValue@ 0000000180012e20     libvcruntime:winapi_downlevel.obj
 0002:00000e38       ??_C@_0M@JCPCPOEF@FlsSetValue@ 0000000180012e38     libvcruntime:winapi_downlevel.obj
 0002:00000e50       ??_C@_0BM@HCFOFFN@InitializeCriticalSectionEx@ 0000000180012e50     libvcruntime:winapi_downlevel.obj
 0002:00000e70       _pDestructExceptionObject  0000000180012e70     libvcruntime:ehhelpers.obj
 0002:00000e80       ??_7bad_exception@std@@6B@ 0000000180012e80     libvcruntime:frame.obj
 0002:00000e90       ??_C@_0O@DPKOEFFH@bad?5exception@ 0000000180012e90     libvcruntime:frame.obj
 0002:000011d8       ??_C@_08EHJDFFNH@__based?$CI@ 00000001800131d8     libvcruntime:undname.obj
 0002:000011e8       ??_C@_07KOLFKCDI@__cdecl@  00000001800131e8     libvcruntime:undname.obj
 0002:000011f0       ??_C@_08GHMPAG@__pascal@   00000001800131f0     libvcruntime:undname.obj
 0002:00001200       ??_C@_09IFJBGAPI@__stdcall@ 0000000180013200     libvcruntime:undname.obj
 0002:00001210       ??_C@_0L@NPHFGOKO@__thiscall@ 0000000180013210     libvcruntime:undname.obj
 0002:00001220       ??_C@_0L@JMKHOMEK@__fastcall@ 0000000180013220     libvcruntime:undname.obj
 0002:00001230       ??_C@_0N@BCKKPABJ@__vectorcall@ 0000000180013230     libvcruntime:undname.obj
 0002:00001240       ??_C@_09HIJEGCPM@__clrcall@ 0000000180013240     libvcruntime:undname.obj
 0002:0000124c       ??_C@_06GHPCKEAG@__eabi@   000000018001324c     libvcruntime:undname.obj
 0002:00001258       ??_C@_09IOPIDJLG@__swift_1@ 0000000180013258     libvcruntime:undname.obj
 0002:00001268       ??_C@_09KFNFGKHF@__swift_2@ 0000000180013268     libvcruntime:undname.obj
 0002:00001278       ??_C@_07JOMMBBKO@__ptr64@  0000000180013278     libvcruntime:undname.obj
 0002:00001280       ??_C@_0L@PILCLIHE@__restrict@ 0000000180013280     libvcruntime:undname.obj
 0002:00001290       ??_C@_0M@GFIIJFMG@__unaligned@ 0000000180013290     libvcruntime:undname.obj
 0002:000012a0       ??_C@_09DHDLOLLB@restrict?$CI@ 00000001800132a0     libvcruntime:undname.obj
 0002:000012aa       ??_C@_00CNPNBAHC@@         00000001800132aa     libvcruntime:undname.obj
 0002:000012ac       ??_C@_04NIHEBCM@?5new@     00000001800132ac     libvcruntime:undname.obj
 0002:000012b8       ??_C@_07FPCDHGMM@?5delete@ 00000001800132b8     libvcruntime:undname.obj
 0002:000012c0       ??_C@_01NEMOKFLO@?$DN@     00000001800132c0     libvcruntime:undname.obj
 0002:000012c4       ??_C@_02GPIOPFAK@?$DO?$DO@ 00000001800132c4     libvcruntime:undname.obj
 0002:000012c8       ??_C@_02FODMEDOG@?$DM?$DM@ 00000001800132c8     libvcruntime:undname.obj
 0002:000012cc       ??_C@_01DCLJPIOD@?$CB@     00000001800132cc     libvcruntime:undname.obj
 0002:000012d0       ??_C@_02EGOFBIJA@?$DN?$DN@ 00000001800132d0     libvcruntime:undname.obj
 0002:000012d4       ??_C@_02FDNJECIE@?$CB?$DN@ 00000001800132d4     libvcruntime:undname.obj
 0002:000012d8       ??_C@_02GPECMEKF@?$FL?$FN@ 00000001800132d8     libvcruntime:undname.obj
 0002:000012e0       ??_C@_08LHJFAFGD@operator@ 00000001800132e0     libvcruntime:undname.obj
 0002:000012ec       ??_C@_02HBOOOICD@?9?$DO@   00000001800132ec     libvcruntime:undname.obj
 0002:000012f0       ??_C@_01NBENCBCI@?$CK@     00000001800132f0     libvcruntime:undname.obj
 0002:000012f4       ??_C@_02ECNGHCIF@?$CL?$CL@ 00000001800132f4     libvcruntime:undname.obj
 0002:000012f8       ??_C@_02BAABKJLB@?9?9@     00000001800132f8     libvcruntime:undname.obj
 0002:000012fc       ??_C@_01JOAMLHOP@?9@       00000001800132fc     libvcruntime:undname.obj
 0002:00001300       ??_C@_01MIFGBAGJ@?$CL@     0000000180013300     libvcruntime:undname.obj
 0002:00001304       ??_C@_01HNPIGOCE@?$CG@     0000000180013304     libvcruntime:undname.obj
 0002:00001308       ??_C@_03MNHNFDLC@?9?$DO?$CK@ 0000000180013308     libvcruntime:undname.obj
 0002:0000130c       ??_C@_01KMDKNFGN@?1@       000000018001330c     libvcruntime:undname.obj
 0002:00001310       ??_C@_01FGNFDNOH@?$CF@     0000000180013310     libvcruntime:undname.obj
 0002:00001314       ??_C@_01MNNFJEPP@?$DM@     0000000180013314     libvcruntime:undname.obj
 0002:00001318       ??_C@_02EHCHHCKH@?$DM?$DN@ 0000000180013318     libvcruntime:undname.obj
 0002:0000131c       ??_C@_01PPODPGHN@?$DO@     000000018001331c     libvcruntime:undname.obj
 0002:00001320       ??_C@_02EEKDKGMJ@?$DO?$DN@ 0000000180013320     libvcruntime:undname.obj
 0002:00001324       ??_C@_01IHBHIGKO@?0@       0000000180013324     libvcruntime:undname.obj
 0002:00001328       ??_C@_02HCKGKOFO@?$CI?$CJ@ 0000000180013328     libvcruntime:undname.obj
 0002:0000132c       ??_C@_01PJKLJHI@?$HO@      000000018001332c     libvcruntime:undname.obj
 0002:00001330       ??_C@_01JKBOJNNK@?$FO@     0000000180013330     libvcruntime:undname.obj
 0002:00001334       ??_C@_01DNKMNLPK@?$HM@     0000000180013334     libvcruntime:undname.obj
 0002:00001338       ??_C@_02PPKAJPJL@?$CG?$CG@ 0000000180013338     libvcruntime:undname.obj
 0002:0000133c       ??_C@_02NONPIBCD@?$HM?$HM@ 000000018001333c     libvcruntime:undname.obj
 0002:00001340       ??_C@_02FPIMKNGF@?$CK?$DN@ 0000000180013340     libvcruntime:undname.obj
 0002:00001344       ??_C@_02FOEOMHFC@?$CL?$DN@ 0000000180013344     libvcruntime:undname.obj
 0002:00001348       ??_C@_02FKMDLLOA@?9?$DN@   0000000180013348     libvcruntime:undname.obj
 0002:0000134c       ??_C@_02FJEHGPIO@?1?$DN@   000000018001334c     libvcruntime:undname.obj
 0002:00001350       ??_C@_02FENAOKFI@?$CF?$DN@ 0000000180013350     libvcruntime:undname.obj
 0002:00001354       ??_C@_03IKFCCPFF@?$DO?$DO?$DN@ 0000000180013354     libvcruntime:undname.obj
 0002:00001358       ??_C@_03CDNPDDLA@?$DM?$DM?$DN@ 0000000180013358     libvcruntime:undname.obj
 0002:0000135c       ??_C@_02FGJGFEAB@?$CG?$DN@ 000000018001335c     libvcruntime:undname.obj
 0002:00001360       ??_C@_02DHLNPPGH@?$HM?$DN@ 0000000180013360     libvcruntime:undname.obj
 0002:00001364       ??_C@_02MHEGNOJ@?$FO?$DN@  0000000180013364     libvcruntime:undname.obj
 0002:00001368       ??_C@_09IFPLHPGF@?$GAvftable?8@ 0000000180013368     libvcruntime:undname.obj
 0002:00001378       ??_C@_09BLBHBJP@?$GAvbtable?8@ 0000000180013378     libvcruntime:undname.obj
 0002:00001388       ??_C@_07FEEIOKP@?$GAvcall?8@ 0000000180013388     libvcruntime:undname.obj
 0002:00001390       ??_C@_08LLFFHHDJ@?$GAtypeof?8@ 0000000180013390     libvcruntime:undname.obj
 0002:000013a0       ??_C@_0BF@KDPPACIK@?$GAlocal?5static?5guard?8@ 00000001800133a0     libvcruntime:undname.obj
 0002:000013b8       ??_C@_08OBABFOLI@?$GAstring?8@ 00000001800133b8     libvcruntime:undname.obj
 0002:000013c8       ??_C@_0BD@JDLKDPAB@?$GAvbase?5destructor?8@ 00000001800133c8     libvcruntime:undname.obj
 0002:000013e0       ??_C@_0BN@DEGPLNFK@?$GAvector?5deleting?5destructor?8@ 00000001800133e0     libvcruntime:undname.obj
 0002:00001400       ??_C@_0BO@OBMKPJIG@?$GAdefault?5constructor?5closure?8@ 0000000180013400     libvcruntime:undname.obj
 0002:00001420       ??_C@_0BN@IMDCHIKM@?$GAscalar?5deleting?5destructor?8@ 0000000180013420     libvcruntime:undname.obj
 0002:00001440       ??_C@_0BO@PFGOCPJJ@?$GAvector?5constructor?5iterator?8@ 0000000180013440     libvcruntime:undname.obj
 0002:00001460       ??_C@_0BN@LFPFMEDL@?$GAvector?5destructor?5iterator?8@ 0000000180013460     libvcruntime:undname.obj
 0002:00001480       ??_C@_0CE@IKBNEHA@?$GAvector?5vbase?5constructor?5itera@ 0000000180013480     libvcruntime:undname.obj
 0002:000014a8       ??_C@_0BL@NILFHHPC@?$GAvirtual?5displacement?5map?8@ 00000001800134a8     libvcruntime:undname.obj
 0002:000014c8       ??_C@_0CB@JONCMFFK@?$GAeh?5vector?5constructor?5iterator@ 00000001800134c8     libvcruntime:undname.obj
 0002:000014f0       ??_C@_0CA@GCEOPDGL@?$GAeh?5vector?5destructor?5iterator?8@ 00000001800134f0     libvcruntime:undname.obj
 0002:00001510       ??_C@_0CH@OOJPLCPH@?$GAeh?5vector?5vbase?5constructor?5it@ 0000000180013510     libvcruntime:undname.obj
 0002:00001538       ??_C@_0BL@LLKPOHJI@?$GAcopy?5constructor?5closure?8@ 0000000180013538     libvcruntime:undname.obj
 0002:00001558       ??_C@_0BA@KBCDOMBN@?$GAudt?5returning?8@ 0000000180013558     libvcruntime:undname.obj
 0002:00001568       ??_C@_03KLGMFNMG@?$GAEH@   0000000180013568     libvcruntime:undname.obj
 0002:0000156c       ??_C@_05KHLCHHI@?$GARTTI@  000000018001356c     libvcruntime:undname.obj
 0002:00001578       ??_C@_0BA@KKLDJDLB@?$GAlocal?5vftable?8@ 0000000180013578     libvcruntime:undname.obj
 0002:00001588       ??_C@_0CE@IIHCMGGL@?$GAlocal?5vftable?5constructor?5clos@ 0000000180013588     libvcruntime:undname.obj
 0002:000015ac       ??_C@_06FHBGPFGH@?5new?$FL?$FN@ 00000001800135ac     libvcruntime:undname.obj
 0002:000015b8       ??_C@_09LBNFPBCA@?5delete?$FL?$FN@ 00000001800135b8     libvcruntime:undname.obj
 0002:000015c8       ??_C@_0P@HJKNJFNN@?$GAomni?5callsig?8@ 00000001800135c8     libvcruntime:undname.obj
 0002:000015d8       ??_C@_0BL@CNOONJFP@?$GAplacement?5delete?5closure?8@ 00000001800135d8     libvcruntime:undname.obj
 0002:000015f8       ??_C@_0BN@CKNJLHMB@?$GAplacement?5delete?$FL?$FN?5closure?8@ 00000001800135f8     libvcruntime:undname.obj
 0002:00001618       ??_C@_0CG@CFDHKGGD@?$GAmanaged?5vector?5constructor?5ite@ 0000000180013618     libvcruntime:undname.obj
 0002:00001640       ??_C@_0CF@IMGKMJNO@?$GAmanaged?5vector?5destructor?5iter@ 0000000180013640     libvcruntime:undname.obj
 0002:00001668       ??_C@_0CG@HLDDJMAG@?$GAeh?5vector?5copy?5constructor?5ite@ 0000000180013668     libvcruntime:undname.obj
 0002:00001690       ??_C@_0CM@FCBBDIGB@?$GAeh?5vector?5vbase?5copy?5construct@ 0000000180013690     libvcruntime:undname.obj
 0002:000016c0       ??_C@_0BL@CLIPGLGB@?$GAdynamic?5initializer?5for?5?8@ 00000001800136c0     libvcruntime:undname.obj
 0002:000016e0       ??_C@_0CB@PDBIFEP@?$GAdynamic?5atexit?5destructor?5for?5@ 00000001800136e0     libvcruntime:undname.obj
 0002:00001708       ??_C@_0CD@CGAJBKEJ@?$GAvector?5copy?5constructor?5iterat@ 0000000180013708     libvcruntime:undname.obj
 0002:00001730       ??_C@_0CJ@GJELGAMM@?$GAvector?5vbase?5copy?5constructor?5@ 0000000180013730     libvcruntime:undname.obj
 0002:00001760       ??_C@_0CL@FGIJHLCE@?$GAmanaged?5vector?5copy?5constructo@ 0000000180013760     libvcruntime:undname.obj
 0002:00001790       ??_C@_0BM@PMGGMLDN@?$GAlocal?5static?5thread?5guard?8@ 0000000180013790     libvcruntime:undname.obj
 0002:000017b0       ??_C@_0N@BDNMDMOL@operator?5?$CC?$CC?5@ 00000001800137b0     libvcruntime:undname.obj
 0002:000017c0       ??_C@_0BC@GGEBGALA@operator?5co_await@ 00000001800137c0     libvcruntime:undname.obj
 0002:000017d8       ??_C@_0BC@DAFEJGAK@?5Type?5Descriptor?8@ 00000001800137d8     libvcruntime:undname.obj
 0002:000017f0       ??_C@_0BM@LDKODKLH@?5Base?5Class?5Descriptor?5at?5?$CI@ 00000001800137f0     libvcruntime:undname.obj
 0002:00001810       ??_C@_0BD@LGICGFMM@?5Base?5Class?5Array?8@ 0000000180013810     libvcruntime:undname.obj
 0002:00001828       ??_C@_0BN@MECKDCOJ@?5Class?5Hierarchy?5Descriptor?8@ 0000000180013828     libvcruntime:undname.obj
 0002:00001848       ??_C@_0BK@CFCOFLF@?5Complete?5Object?5Locator?8@ 0000000180013848     libvcruntime:undname.obj
 0002:000019d0       __acrt_exception_action_table 00000001800139d0     libucrt:exception_filter.obj
 0002:00001a90       __acrt_signal_action_table_count 0000000180013a90     libucrt:exception_filter.obj
 0002:00001a98       __acrt_signal_action_first_fpe_index 0000000180013a98     libucrt:exception_filter.obj
 0002:00001aa0       __acrt_signal_action_fpe_count 0000000180013aa0     libucrt:exception_filter.obj
[...]
 0004:00000cf0       $pdata$?replace_current_thread_locale_nolock@@YAXQEAU__acrt_ptd@@QEAU__crt_locale_data@@@Z 000000018001fcf0     libucrt:per_thread_data.obj
 0004:00000cfc       $pdata$?construct_ptd_array@@YAXQEAU__acrt_ptd@@@Z 000000018001fcfc     libucrt:per_thread_data.obj
 0004:00000d08       $pdata$?destroy_ptd_array@@YAXQEAU__acrt_ptd@@@Z 000000018001fd08     libucrt:per_thread_data.obj
 0004:00000d14       $pdata$??$?RV<lambda_0ae27a3a962d80f24befdcbee591983d>@@AEAV<lambda_8d0ee55de4b1038c4002e0adecdf1839>@@V<lambda_dc504788e8f1664fe9b84e20bfb512f2>@@@?$__crt_seh_guarded_call@X@@QEAAX$$QEAV<lambda_0ae27a3a962d80f24befdcbee591983d>@@AEAV<lambda_8d0ee55de4b1038c4002e0adecdf1839>@@$$QEAV<lambda_dc504788e8f1664fe9b84e20bfb512f2>@@@Z 000000018001fd14     libucrt:per_thread_data.obj
 0004:00000d20       $pdata$??$?RV<lambda_aa87e3671a710a21b5dc78c0bdf72e11>@@AEAV<lambda_92619d2358a28f41a33ba319515a20b9>@@V<lambda_6992ecaafeb10aed2b74cb1fae11a551>@@@?$__crt_seh_guarded_call@X@@QEAAX$$QEAV<lambda_aa87e3671a710a21b5dc78c0bdf72e11>@@AEAV<lambda_92619d2358a28f41a33ba319515a20b9>@@$$QEAV<lambda_6992ecaafeb10aed2b74cb1fae11a551>@@@Z 000000018001fd20     libucrt:per_thread_data.obj
 0004:00000d2c       $pdata$??$?RV<lambda_f2e299630e499de9f9a165e60fcd3db5>@@AEAV<lambda_2ae9d31cdba2644fcbeaf08da7c24588>@@V<lambda_40d01ff24d0e7b3814fdbdcee8eab3c7>@@@?$__crt_seh_guarded_call@X@@QEAAX$$QEAV<lambda_f2e299630e499de9f9a165e60fcd3db5>@@AEAV<lambda_2ae9d31cdba2644fcbeaf08da7c24588>@@$$QEAV<lambda_40d01ff24d0e7b3814fdbdcee8eab3c7>@@@Z 000000018001fd2c     libucrt:per_thread_data.obj
 0004:00000d38       $pdata$??$?RV<lambda_2d41944a1d46af3157314b8a01080d33>@@AEAV<lambda_8f455de75cd7d7f24b4096f044d8b9e6>@@V<lambda_aa500f224e6afead328df44964fe2772>@@@?$__crt_seh_guarded_call@X@@QEAAX$$QEAV<lambda_2d41944a1d46af3157314b8a01080d33>@@AEAV<lambda_8f455de75cd7d7f24b4096f044d8b9e6>@@$$QEAV<lambda_aa500f224e6afead328df44964fe2772>@@@Z 000000018001fd38     libucrt:per_thread_data.obj
 0004:00000d44       $pdata$_free_base          000000018001fd44     libucrt:free_base.obj
 0004:00000d50       $pdata$_malloc_base        000000018001fd50     libucrt:malloc_base.obj
 0004:00000d5c       $pdata$_msize_base         000000018001fd5c     libucrt:msize.obj
 0004:00000d68       $pdata$_realloc_base       000000018001fd68     libucrt:realloc_base.obj
 0004:00000d74       $pdata$__acrt_initialize_locks 000000018001fd74     libucrt:locks.obj
 0004:00000d80       $pdata$__acrt_uninitialize_locks 000000018001fd80     libucrt:locks.obj
 0004:00000d8c       $pdata$__acrt_get_process_end_policy 000000018001fd8c     libucrt:win_policies.obj
 0004:00000d98       $pdata$_calloc_base        000000018001fd98     libucrt:calloc_base.obj
 0004:00000da4       $pdata$??$common_expand_argv_wildcards@D@@YAHQEAPEADQEAPEAPEAD@Z 000000018001fda4     libucrt:argv_wildcards.obj
 0004:00000db0       $pdata$??$copy_and_add_argument_to_buffer@D@@YAHQEBD0_KAEAV?$argument_list@D@?A0x5f5c8891@@@Z 000000018001fdb0     libucrt:argv_wildcards.obj
 0004:00000dbc       $pdata$??$expand_argument_wildcards@D@@YAHQEAD0AEAV?$argument_list@D@?A0x5f5c8891@@@Z 000000018001fdbc     libucrt:argv_wildcards.obj
 0004:00000dc8       $pdata$__acrt_update_thread_multibyte_data 000000018001fdc8     libucrt:mbctype.obj
 0004:00000dd4       $pdata$__acrt_initialize_multibyte 000000018001fdd4     libucrt:mbctype.obj
 0004:00000de0       $pdata$_setmbcp_nolock     000000018001fde0     libucrt:mbctype.obj
 0004:00000dec       $pdata$?getSystemCP@@YAHH@Z 000000018001fdec     libucrt:mbctype.obj
 0004:00000df8       $pdata$?setSBCS@@YAXPEAU__crt_multibyte_data@@@Z 000000018001fdf8     libucrt:mbctype.obj
 0004:00000e04       $pdata$?setSBUpLow@@YAXPEAU__crt_multibyte_data@@@Z 000000018001fe04     libucrt:mbctype.obj
 0004:00000e10       $pdata$?update_thread_multibyte_data_internal@@YAPEAU__crt_multibyte_data@@QEAU__acrt_ptd@@QEAU1@@Z 000000018001fe10     libucrt:mbctype.obj
 0004:00000e1c       $pdata$?fin$0@?0??update_thread_multibyte_data_internal@@YAPEAU__crt_multibyte_data@@QEAU__acrt_ptd@@QEAU1@@Z@4HA 000000018001fe1c     libucrt:mbctype.obj
 0004:00000e28       $pdata$?setmbcp_internal@@YAHH_NQEAU__acrt_ptd@@QEAPEAU__crt_multibyte_data@@@Z 000000018001fe28     libucrt:mbctype.obj
 0004:00000e34       $pdata$??$?RV<lambda_efdfa57d1f175319df784efa44bb7b81>@@AEAV<lambda_5f0a4c1567f8adc6734073e5d1e1b35c>@@V<lambda_2e8a7d3640ea6ccb4c2413664c2db6fd>@@@?$__crt_seh_guarded_call@X@@QEAAX$$QEAV<lambda_efdfa57d1f175319df784efa44bb7b81>@@AEAV<lambda_5f0a4c1567f8adc6734073e5d1e1b35c>@@$$QEAV<lambda_2e8a7d3640ea6ccb4c2413664c2db6fd>@@@Z 000000018001fe34     libucrt:mbctype.obj
 0004:00000e40       $pdata$?x_ismbbtype_l@@YAHPEAU__crt_locale_pointers@@IHH@Z 000000018001fe40     libucrt:ismbbyte.obj
 0004:00000e4c       $pdata$__acrt_initialize_command_line 000000018001fe4c     libucrt:argv_data.obj
 0004:00000e58       $pdata$__dcrt_get_narrow_environment_from_os 000000018001fe58     libucrt:get_environment_from_os.obj
 0004:00000e64       $pdata$__acrt_initialize_winapi_thunks 000000018001fe64     libucrt:winapi_thunks.obj
 0004:00000e70       $pdata$__acrt_uninitialize_winapi_thunks 000000018001fe70     libucrt:winapi_thunks.obj
 0004:00000e7c       $pdata$__acrt_FlsAlloc     000000018001fe7c     libucrt:winapi_thunks.obj
 0004:00000e88       $pdata$__acrt_FlsFree      000000018001fe88     libucrt:winapi_thunks.obj
 0004:00000e94       $pdata$__acrt_FlsGetValue  000000018001fe94     libucrt:winapi_thunks.obj
 0004:00000ea0       $pdata$__acrt_FlsSetValue  000000018001fea0     libucrt:winapi_thunks.obj
 0004:00000eac       $pdata$__acrt_InitializeCriticalSectionEx 000000018001feac     libucrt:winapi_thunks.obj
 0004:00000eb8       $pdata$__acrt_LCMapStringEx 000000018001feb8     libucrt:winapi_thunks.obj
 0004:00000ec4       $pdata$__acrt_LocaleNameToLCID 000000018001fec4     libucrt:winapi_thunks.obj
 0004:00000ed0       $pdata$__acrt_AppPolicyGetProcessTerminationMethodInternal 000000018001fed0     libucrt:winapi_thunks.obj
 0004:00000edc       $pdata$?try_get_function@@YAPEAXW4function_id@?A0x391cf84c@@QEBDQEBW4module_id@2@2@Z 000000018001fedc     libucrt:winapi_thunks.obj
 0004:00000ee8       $pdata$__acrt_initialize_heap 000000018001fee8     libucrt:heap_handle.obj
 0004:00000ef4       $pdata$__acrt_initialize_lowio 000000018001fef4     libucrt:ioinit.obj
 0004:00000f00       $pdata$__acrt_lowio_ensure_fh_exists$fin$0 000000018001ff00     libucrt:osfinfo.obj
 0004:00000f00       $pdata$__acrt_initialize_lowio$fin$0 000000018001ff00     libucrt:ioinit.obj
 0004:00000f0c       $pdata$__acrt_uninitialize_lowio 000000018001ff0c     libucrt:ioinit.obj
 0004:00000f18       $pdata$?initialize_inherited_file_handles_nolock@@YAXXZ 000000018001ff18     libucrt:ioinit.obj
 0004:00000f24       $pdata$?initialize_stdio_handles_nolock@@YAXXZ 000000018001ff24     libucrt:ioinit.obj
 0004:00000f30       $pdata$__acrt_execute_initializers 000000018001ff30     libucrt:shared_initialization.obj
 0004:00000f3c       $pdata$__acrt_execute_uninitializers 000000018001ff3c     libucrt:shared_initialization.obj
 0004:00000f48       $pdata$__acrt_get_sigabrt_handler 000000018001ff48     libucrt:signal.obj
 0004:00000f54       $pdata$raise               000000018001ff54     libucrt:signal.obj
 0004:00000f60       $pdata$raise$fin$0         000000018001ff60     libucrt:signal.obj
 0004:00000f6c       $pdata$??$?RV<lambda_450d765d439847d4c735a33c368b5fc0>@@AEAV<lambda_44731a7d0e6d81c3e6aa82d741081786>@@V<lambda_601a2a7da3b7a96e9554ac7215c4b07c>@@@?$__crt_seh_guarded_call@P6AXH@Z@@QEAAP6AXH@Z$$QEAV<lambda_450d765d439847d4c735a33c368b5fc0>@@AEAV<lambda_44731a7d0e6d81c3e6aa82d741081786>@@$$QEAV<lambda_601a2a7da3b7a96e9554ac7215c4b07c>@@@Z 000000018001ff6c     libucrt:signal.obj
 0004:00000f78       $pdata$_mbtowc_l           000000018001ff78     libucrt:mbtowc.obj
 0004:00000f84       $pdata$__acrt_update_locale_info 000000018001ff84     libucrt:locale_update.obj
 0004:00000f90       $pdata$__acrt_update_multibyte_info 000000018001ff90     libucrt:locale_update.obj
 0004:00000f9c       $pdata$_fileno             000000018001ff9c     libucrt:fileno.obj
 0004:00000fa8       $pdata$__acrt_initialize_stdio 000000018001ffa8     libucrt:_file.obj
 0004:00000fb4       $pdata$__acrt_uninitialize_stdio 000000018001ffb4     libucrt:_file.obj
 0004:00000fc0       $pdata$__acrt_uninitialize_locale 000000018001ffc0     libucrt:wsetlocale.obj
 0004:00000fcc       $pdata$??$?RV<lambda_410d79af7f07d98d83a3f525b3859a53>@@AEAV<lambda_3e16ef9562a7dcce91392c22ab16ea36>@@V<lambda_38119f0e861e05405d8a144b9b982f0a>@@@?$__crt_seh_guarded_call@X@@QEAAX$$QEAV<lambda_410d79af7f07d98d83a3f525b3859a53>@@AEAV<lambda_3e16ef9562a7dcce91392c22ab16ea36>@@$$QEAV<lambda_38119f0e861e05405d8a144b9b982f0a>@@@Z 000000018001ffcc     libucrt:wsetlocale.obj
 0004:00000fd8       $pdata$?fin$0@?0???$?RV<lambda_410d79af7f07d98d83a3f525b3859a53>@@AEAV<lambda_3e16ef9562a7dcce91392c22ab16ea36>@@V<lambda_38119f0e861e05405d8a144b9b982f0a>@@@?$__crt_seh_guarded_call@X@@QEAAX$$QEAV<lambda_410d79af7f07d98d83a3f525b3859a53>@@AEAV<lambda_3e16ef9562a7dcce91392c22ab16ea36>@@$$QEAV<lambda_38119f0e861e05405d8a144b9b982f0a>@@@Z@4HA 000000018001ffd8     libucrt:wsetlocale.obj
 0004:00000fe4       $pdata$__pctype_func       000000018001ffe4     libucrt:ctype.obj
 0004:00000ff0       $pdata$__acrt_release_locale_ref 000000018001fff0     libucrt:locale_refcounting.obj
 0004:00000ffc       $pdata$__acrt_free_locale  000000018001fffc     libucrt:locale_refcounting.obj
 0004:00001008       $pdata$__acrt_locale_free_lc_time_if_unreferenced 0000000180020008     libucrt:locale_refcounting.obj
 0004:00001014       $pdata$__acrt_update_thread_locale_data 0000000180020014     libucrt:locale_refcounting.obj
 0004:00001020       $pdata$__acrt_update_thread_locale_data$fin$0 0000000180020020     libucrt:locale_refcounting.obj
 0004:0000102c       $pdata$_updatetlocinfoEx_nolock 000000018002002c     libucrt:locale_refcounting.obj
 0004:00001038       $pdata$qsort               0000000180020038     libucrt:qsort.obj
 0004:00001044       $pdata$4$qsort             0000000180020044     libucrt:qsort.obj
 0004:00001050       $pdata$5$qsort             0000000180020050     libucrt:qsort.obj
 0004:0000105c       $pdata$?shortsort@@YAXPEAD0_KP6AHPEBX2@Z@Z 000000018002005c     libucrt:qsort.obj
 0004:00001068       $pdata$2$?shortsort@@YAXPEAD0_KP6AHPEBX2@Z@Z 0000000180020068     libucrt:qsort.obj
 0004:00001074       $pdata$3$?shortsort@@YAXPEAD0_KP6AHPEBX2@Z@Z 0000000180020074     libucrt:qsort.obj
 0004:00001080       $pdata$strncpy_s           0000000180020080     libucrt:strncpy_s.obj
 0004:0000108c       $pdata$strpbrk             000000018002008c     libucrt:strpbrk.obj
 0004:00001098       $pdata$_mbsdec_l           0000000180020098     libucrt:mbsdec.obj
 0004:000010a4       $pdata$__acrt_GetStringTypeA 00000001800200a4     libucrt:getstringtypea.obj
 0004:000010b0       $pdata$__acrt_LCMapStringA 00000001800200b0     libucrt:lcmapstringa.obj
 0004:000010bc       $pdata$?__acrt_LCMapStringA_stat@@YAHPEAU__crt_locale_pointers@@PEB_WKPEBDHPEADHHH@Z 00000001800200bc     libucrt:lcmapstringa.obj
 0004:000010c8       $pdata$?initialize_multibyte@@YAHXZ 00000001800200c8     libucrt:multibyte_initializer.obj
 0004:000010d4       $pdata$__acrt_DownlevelLocaleNameToLCID 00000001800200d4     libucrt:lcidtoname_downlevel.obj
 0004:000010e0       $pdata$?GetTableIndexFromLocaleName@@YAHPEB_W@Z 00000001800200e0     libucrt:lcidtoname_downlevel.obj
 0004:000010ec       $pdata$_get_osfhandle      00000001800200ec     libucrt:osfinfo.obj
 0004:000010f8       $pdata$_free_osfhnd        00000001800200f8     libucrt:osfinfo.obj
 0004:00001104       $pdata$__acrt_lowio_create_handle_array 0000000180020104     libucrt:osfinfo.obj
 0004:00001110       $pdata$__acrt_lowio_destroy_handle_array 0000000180020110     libucrt:osfinfo.obj
 0004:0000111c       $pdata$__acrt_lowio_ensure_fh_exists 000000018002011c     libucrt:osfinfo.obj
 0004:00001128       $pdata$_isatty             0000000180020128     libucrt:isatty.obj
 0004:00001134       $pdata$_fflush_nolock      0000000180020134     libucrt:fflush.obj
 0004:00001140       $pdata$__acrt_stdio_flush_nolock 0000000180020140     libucrt:fflush.obj
 0004:0000114c       $pdata$?common_flush_all@@YAH_N@Z 000000018002014c     libucrt:fflush.obj
 0004:00001158       $pdata$??$?RV<lambda_842d9ff0dc9ef11c61343bbaebe7f885>@@AEAV<lambda_c5860995281e5c4ce005b3de8f5874ee>@@V<lambda_d90129c13df834fdcbf8d2b88dafcf2d>@@@?$__crt_seh_guarded_call@X@@QEAAX$$QEAV<lambda_842d9ff0dc9ef11c61343bbaebe7f885>@@AEAV<lambda_c5860995281e5c4ce005b3de8f5874ee>@@$$QEAV<lambda_d90129c13df834fdcbf8d2b88dafcf2d>@@@Z 0000000180020158     libucrt:fflush.obj
 0004:00001164       $pdata$?fin$0@?0???$?RV<lambda_842d9ff0dc9ef11c61343bbaebe7f885>@@AEAV<lambda_c5860995281e5c4ce005b3de8f5874ee>@@V<lambda_d90129c13df834fdcbf8d2b88dafcf2d>@@@?$__crt_seh_guarded_call@X@@QEAAX$$QEAV<lambda_842d9ff0dc9ef11c61343bbaebe7f885>@@AEAV<lambda_c5860995281e5c4ce005b3de8f5874ee>@@$$QEAV<lambda_d90129c13df834fdcbf8d2b88dafcf2d>@@@Z@4HA 0000000180020164     libucrt:fflush.obj
 0004:00001170       $pdata$??$?RV<lambda_886d6c58226a84441f68b9f2b8217b83>@@AEAV<lambda_ab61a845afdef5b7c387490eaf3616ee>@@V<lambda_f7f22ab5edc0698d5f6905b0d3f44752>@@@?$__crt_seh_guarded_call@X@@QEAAX$$QEAV<lambda_886d6c58226a84441f68b9f2b8217b83>@@AEAV<lambda_ab61a845afdef5b7c387490eaf3616ee>@@$$QEAV<lambda_f7f22ab5edc0698d5f6905b0d3f44752>@@@Z 0000000180020170     libucrt:fflush.obj
 0004:0000117c       $pdata$?fin$0@?0???$?RV<lambda_886d6c58226a84441f68b9f2b8217b83>@@AEAV<lambda_ab61a845afdef5b7c387490eaf3616ee>@@V<lambda_f7f22ab5edc0698d5f6905b0d3f44752>@@@?$__crt_seh_guarded_call@X@@QEAAX$$QEAV<lambda_886d6c58226a84441f68b9f2b8217b83>@@AEAV<lambda_ab61a845afdef5b7c387490eaf3616ee>@@$$QEAV<lambda_f7f22ab5edc0698d5f6905b0d3f44752>@@@Z@4HA 000000018002017c     libucrt:fflush.obj
 0004:00001188       $pdata$_isleadbyte_l       0000000180020188     libucrt:_wctype.obj
 0004:00001194       $pdata$_fcloseall          0000000180020194     libucrt:closeall.obj
 0004:000011a0       $pdata$_fcloseall$fin$0    00000001800201a0     libucrt:closeall.obj
 0004:000011ac       $pdata$__acrt_stdio_free_buffer_nolock 00000001800201ac     libucrt:_freebuf.obj
 0004:000011b8       $pdata$__acrt_locale_free_monetary 00000001800201b8     libucrt:initmon.obj
 0004:000011c4       $pdata$__acrt_locale_free_numeric 00000001800201c4     libucrt:initnum.obj
 0004:000011d0       $pdata$__acrt_locale_free_time 00000001800201d0     libucrt:inittime.obj
 0004:000011dc       $pdata$?free_crt_array_internal@@YAXQEAPEBX_K@Z 00000001800201dc     libucrt:inittime.obj
 0004:000011e8       $pdata$_commit             00000001800201e8     libucrt:commit.obj
 0004:000011f4       $pdata$??$?RV<lambda_a37b2b86f63e897a80ea819b0eb08c01>@@AEAV<lambda_38ce7e780aa69e748d6df282ebc68efe>@@V<lambda_99fb1378e971ab6e7edea83e3a7a83a2>@@@?$__crt_seh_guarded_call@H@@QEAAH$$QEAV<lambda_a37b2b86f63e897a80ea819b0eb08c01>@@AEAV<lambda_38ce7e780aa69e748d6df282ebc68efe>@@$$QEAV<lambda_99fb1378e971ab6e7edea83e3a7a83a2>@@@Z 00000001800201f4     libucrt:commit.obj
 0004:00001200       $pdata$?fin$0@?0???$?RV<lambda_751a882b2c74d4b022dec766aa51a29a>@@AEAV<lambda_628dfdc04ba53c8bfc02c9951375f3f5>@@V<lambda_f6c7be5f7998530c34de24c7437d6b54>@@@?$__crt_seh_guarded_call@H@@QEAAH$$QEAV<lambda_751a882b2c74d4b022dec766aa51a29a>@@AEAV<lambda_628dfdc04ba53c8bfc02c9951375f3f5>@@$$QEAV<lambda_f6c7be5f7998530c34de24c7437d6b54>@@@Z@4HA 0000000180020200     libucrt:close.obj
 0004:00001200       $pdata$?fin$0@?0???$?RV<lambda_a37b2b86f63e897a80ea819b0eb08c01>@@AEAV<lambda_38ce7e780aa69e748d6df282ebc68efe>@@V<lambda_99fb1378e971ab6e7edea83e3a7a83a2>@@@?$__crt_seh_guarded_call@H@@QEAAH$$QEAV<lambda_a37b2b86f63e897a80ea819b0eb08c01>@@AEAV<lambda_38ce7e780aa69e748d6df282ebc68efe>@@$$QEAV<lambda_99fb1378e971ab6e7edea83e3a7a83a2>@@@Z@4HA 0000000180020200     libucrt:commit.obj
 0004:0000120c       $pdata$_write              000000018002020c     libucrt:write.obj
 0004:00001218       $pdata$_write$fin$0        0000000180020218     libucrt:write.obj
 0004:00001224       $pdata$_write_nolock       0000000180020224     libucrt:write.obj
 0004:00001230       $pdata$?write_double_translated_ansi_nolock@@YA?AUwrite_result@?A0x17268360@@HQEBDI@Z 0000000180020230     libucrt:write.obj
 0004:0000123c       $pdata$?write_text_ansi_nolock@@YA?AUwrite_result@?A0x17268360@@HQEBDI@Z 000000018002023c     libucrt:write.obj
 0004:00001248       $pdata$?write_text_utf16le_nolock@@YA?AUwrite_result@?A0x17268360@@HQEBDI@Z 0000000180020248     libucrt:write.obj
 0004:00001254       $pdata$?write_text_utf8_nolock@@YA?AUwrite_result@?A0x17268360@@HQEBDI@Z 0000000180020254     libucrt:write.obj
 0004:0000126c       $pdata$??$common_lseek_nolock@_J@@YA_JH_JH@Z 000000018002026c     libucrt:lseek.obj
 0004:00001278       $pdata$fclose              0000000180020278     libucrt:fclose.obj
 0004:00001284       $pdata$fclose$fin$0        0000000180020284     libucrt:fclose.obj
 0004:00001290       $pdata$_fclose_nolock      0000000180020290     libucrt:fclose.obj
 0004:0000129c       $pdata$_putwch_nolock      000000018002029c     libucrt:putwch.obj
 0004:000012a8       $pdata$_call_matherr       00000001800202a8     libucrt:libm_error.obj
 0004:000012b4       $pdata$_exception_enabled  00000001800202b4     libucrt:libm_error.obj
 0004:000012c0       $pdata$_handle_error       00000001800202c0     libucrt:libm_error.obj
 0004:000012cc       $pdata$__acrt_initialize_fma3 00000001800202cc     libucrt:fma3_available.obj
 0004:000012d8       $pdata$_log_special_common 00000001800202d8     libucrt:log_special.obj
 0004:000012e4       $pdata$_log10_special      00000001800202e4     libucrt:log_special.obj
 0004:000012f0       $pdata$_close              00000001800202f0     libucrt:close.obj
 0004:000012fc       $pdata$_close_nolock       00000001800202fc     libucrt:close.obj
 0004:00001308       $pdata$??$?RV<lambda_751a882b2c74d4b022dec766aa51a29a>@@AEAV<lambda_628dfdc04ba53c8bfc02c9951375f3f5>@@V<lambda_f6c7be5f7998530c34de24c7437d6b54>@@@?$__crt_seh_guarded_call@H@@QEAAH$$QEAV<lambda_751a882b2c74d4b022dec766aa51a29a>@@AEAV<lambda_628dfdc04ba53c8bfc02c9951375f3f5>@@$$QEAV<lambda_f6c7be5f7998530c34de24c7437d6b54>@@@Z 0000000180020308     libucrt:close.obj
 0004:00001314       $pdata$__dcrt_lowio_initialize_console_output 0000000180020314     libucrt:initcon.obj
 0004:00001320       $pdata$__dcrt_terminate_console_output 0000000180020320     libucrt:initcon.obj
 0004:00001338       $pdata$_set_errno_from_matherr 0000000180020338     libucrt:fpexcept.obj
 0004:00001344       $pdata$_raise_exc          0000000180020344     libucrt:fpexcept.obj
 0004:00001350       $pdata$_raise_exc_ex       0000000180020350     libucrt:fpexcept.obj
 0004:0000135c       $pdata$_clrfp              000000018002035c     libucrt:fpctrl.obj
 0004:00001368       $pdata$_ctrlfp             0000000180020368     libucrt:fpctrl.obj
 0004:00001374       $pdata$_ctrlfp$filt$0      0000000180020374     libucrt:fpctrl.obj
 0004:00001380       $pdata$_statfp             0000000180020380     libucrt:fpctrl.obj
 0004:0000138c       $pdata$_set_statfp         000000018002038c     libucrt:fpctrl.obj
 0004:00001398       $pdata$_IsNonwritableInCurrentImage 0000000180020398     LIBCMT:pesect.obj
 0004:000013a4       $pdata$_IsNonwritableInCurrentImage$filt$0 00000001800203a4     LIBCMT:pesect.obj
 0005:00000140       $R000000                   0000000180021140     OposInternals.res
 0005:00000a20       $R0008E0                   0000000180021a20     OposInternals.res
 0005:00012c80       $R012B40                   0000000180033c80     OposInternals.res
 0005:00012cc0       $R012B80                   0000000180033cc0     OposInternals.res
